C:/Users/Hp/OneDrive/Desktop/EmbeddedProject11/BSP/LPC17xx_40xx/lpc_chip_17xx/lpc_chip/chip_17xx_40xx/iocon_17xx_40xx.h:151:20:Chip_IOCON_Init	16	static
C:/Users/Hp/OneDrive/Desktop/EmbeddedProject11/BSP/LPC17xx_40xx/lpc_chip_17xx/lpc_chip/chip_17xx_40xx/iocon_17xx_40xx.h:190:20:Chip_IOCON_EnableOD	16	static
C:/Users/Hp/OneDrive/Desktop/EmbeddedProject11/BSP/LPC17xx_40xx/lpc_chip_17xx/lpc_chip/chip_17xx_40xx/iocon_17xx_40xx.h:223:20:Chip_IOCON_SetI2CPad	16	static
C:/Users/Hp/OneDrive/Desktop/EmbeddedProject11/BSP/LPC17xx_40xx/lpc_chip_17xx/lpc_chip/chip_17xx_40xx/gpio_17xx_40xx.h:64:20:Chip_GPIO_Init	16	static
C:/Users/Hp/OneDrive/Desktop/EmbeddedProject11/BSP/LPC17xx_40xx/lpc_chip_17xx/lpc_chip/chip_17xx_40xx/gpio_17xx_40xx.h:88:20:Chip_GPIO_SetPinState	16	static
C:/Users/Hp/OneDrive/Desktop/EmbeddedProject11/BSP/LPC17xx_40xx/lpc_chip_17xx/lpc_chip/chip_17xx_40xx/gpio_17xx_40xx.h:106:20:Chip_GPIO_WritePortBit	24	static
C:/Users/Hp/OneDrive/Desktop/EmbeddedProject11/BSP/LPC17xx_40xx/lpc_chip_17xx/lpc_chip/chip_17xx_40xx/gpio_17xx_40xx.h:119:20:Chip_GPIO_GetPinState	16	static
C:/Users/Hp/OneDrive/Desktop/EmbeddedProject11/BSP/LPC17xx_40xx/lpc_chip_17xx/lpc_chip/chip_17xx_40xx/gpio_17xx_40xx.h:132:20:Chip_GPIO_ReadPortBit	24	static
C:/Users/Hp/OneDrive/Desktop/EmbeddedProject11/BSP/LPC17xx_40xx/lpc_chip_17xx/lpc_chip/chip_17xx_40xx/gpio_17xx_40xx.h:144:20:Chip_GPIO_SetPinDIROutput	16	static
C:/Users/Hp/OneDrive/Desktop/EmbeddedProject11/BSP/LPC17xx_40xx/lpc_chip_17xx/lpc_chip/chip_17xx_40xx/gpio_17xx_40xx.h:156:20:Chip_GPIO_SetPinDIRInput	16	static
C:/Users/Hp/OneDrive/Desktop/EmbeddedProject11/BSP/LPC17xx_40xx/lpc_chip_17xx/lpc_chip/chip_17xx_40xx/gpio_17xx_40xx.h:169:20:Chip_GPIO_SetPinDIR	16	static
C:/Users/Hp/OneDrive/Desktop/EmbeddedProject11/BSP/LPC17xx_40xx/lpc_chip_17xx/lpc_chip/chip_17xx_40xx/gpio_17xx_40xx.h:190:20:Chip_GPIO_WriteDirBit	16	static
lpc_core/lpc_board/board_common/retarget.h:223:5:__write	24	static
lpc_core/lpc_board/board_common/retarget.h:239:5:__readc	4	static
lpc_core/lpc_board/boards_17xx/nxp_lpcxpresso_1769/board.c:79:13:Board_LED_Init	8	static
lpc_core/lpc_board/boards_17xx/nxp_lpcxpresso_1769/board.c:90:13:Board_GPIOs_Init	8	static
lpc_core/lpc_board/boards_17xx/nxp_lpcxpresso_1769/board.c:105:6:Board_UART_Init	16	static
lpc_core/lpc_board/boards_17xx/nxp_lpcxpresso_1769/board.c:111:6:Board_Debug_Init	4	static
lpc_core/lpc_board/boards_17xx/nxp_lpcxpresso_1769/board.c:126:6:Board_UARTPutChar	16	static
lpc_core/lpc_board/boards_17xx/nxp_lpcxpresso_1769/board.c:135:5:Board_UARTGetChar	4	static
lpc_core/lpc_board/boards_17xx/nxp_lpcxpresso_1769/board.c:146:6:Board_UARTPutSTR	16	static
lpc_core/lpc_board/boards_17xx/nxp_lpcxpresso_1769/board.c:156:6:Board_LED_Set	16	static
lpc_core/lpc_board/boards_17xx/nxp_lpcxpresso_1769/board.c:183:6:Board_LED_Test	24	static
lpc_core/lpc_board/boards_17xx/nxp_lpcxpresso_1769/board.c:194:6:Board_LED_Toggle	16	static
lpc_core/lpc_board/boards_17xx/nxp_lpcxpresso_1769/board.c:203:6:Board_Init	8	static
lpc_core/lpc_board/boards_17xx/nxp_lpcxpresso_1769/board.c:222:6:Board_ENET_GetMacADDR	24	static
lpc_core/lpc_board/boards_17xx/nxp_lpcxpresso_1769/board.c:230:6:Board_SSP_Init	24	static
lpc_core/lpc_board/boards_17xx/nxp_lpcxpresso_1769/board.c:263:6:Board_SPI_Init	24	static
lpc_core/lpc_board/boards_17xx/nxp_lpcxpresso_1769/board.c:288:6:Board_SPI_AssertSSEL	8	static
lpc_core/lpc_board/boards_17xx/nxp_lpcxpresso_1769/board.c:294:6:Board_SPI_DeassertSSEL	8	static
lpc_core/lpc_board/boards_17xx/nxp_lpcxpresso_1769/board.c:299:6:Board_Audio_Init	24	static
lpc_core/lpc_board/boards_17xx/nxp_lpcxpresso_1769/board.c:313:6:Board_I2C_Init	24	static
lpc_core/lpc_board/boards_17xx/nxp_lpcxpresso_1769/board.c:338:6:Board_Buttons_Init	8	static
lpc_core/lpc_board/boards_17xx/nxp_lpcxpresso_1769/board.c:343:10:Buttons_GetStatus	16	static
lpc_core/lpc_board/boards_17xx/nxp_lpcxpresso_1769/board.c:377:6:Board_Joystick_Init	16	static
lpc_core/lpc_board/boards_17xx/nxp_lpcxpresso_1769/board.c:389:9:Joystick_GetStatus	16	static
lpc_core/lpc_board/boards_17xx/nxp_lpcxpresso_1769/board.c:403:6:Serial_CreateStream	16	static
lpc_core/lpc_board/boards_17xx/nxp_lpcxpresso_1769/board.c:406:6:Board_USBD_Init	24	static
