C:/Users/Hp/OneDrive/Desktop/EmbeddedProject11/BSP/LPC17xx_40xx/lpc_chip_17xx/lpc_chip/chip_17xx_40xx/iocon_17xx_40xx.h:151:20:Chip_IOCON_Init	16	static
C:/Users/Hp/OneDrive/Desktop/EmbeddedProject11/BSP/LPC17xx_40xx/lpc_chip_17xx/lpc_chip/chip_17xx_40xx/iocon_17xx_40xx.h:190:20:Chip_IOCON_EnableOD	16	static
C:/Users/Hp/OneDrive/Desktop/EmbeddedProject11/BSP/LPC17xx_40xx/lpc_chip_17xx/lpc_chip/chip_17xx_40xx/iocon_17xx_40xx.h:223:20:Chip_IOCON_SetI2CPad	16	static
C:/Users/Hp/OneDrive/Desktop/EmbeddedProject11/BSP/LPC17xx_40xx/lpc_chip_17xx/lpc_chip/chip_17xx_40xx/gpio_17xx_40xx.h:64:20:Chip_GPIO_Init	16	static
C:/Users/Hp/OneDrive/Desktop/EmbeddedProject11/BSP/LPC17xx_40xx/lpc_chip_17xx/lpc_chip/chip_17xx_40xx/gpio_17xx_40xx.h:88:20:Chip_GPIO_SetPinState	16	static
C:/Users/Hp/OneDrive/Desktop/EmbeddedProject11/BSP/LPC17xx_40xx/lpc_chip_17xx/lpc_chip/chip_17xx_40xx/gpio_17xx_40xx.h:106:20:Chip_GPIO_WritePortBit	24	static
C:/Users/Hp/OneDrive/Desktop/EmbeddedProject11/BSP/LPC17xx_40xx/lpc_chip_17xx/lpc_chip/chip_17xx_40xx/gpio_17xx_40xx.h:119:20:Chip_GPIO_GetPinState	16	static
C:/Users/Hp/OneDrive/Desktop/EmbeddedProject11/BSP/LPC17xx_40xx/lpc_chip_17xx/lpc_chip/chip_17xx_40xx/gpio_17xx_40xx.h:132:20:Chip_GPIO_ReadPortBit	24	static
C:/Users/Hp/OneDrive/Desktop/EmbeddedProject11/BSP/LPC17xx_40xx/lpc_chip_17xx/lpc_chip/chip_17xx_40xx/gpio_17xx_40xx.h:144:20:Chip_GPIO_SetPinDIROutput	16	static
C:/Users/Hp/OneDrive/Desktop/EmbeddedProject11/BSP/LPC17xx_40xx/lpc_chip_17xx/lpc_chip/chip_17xx_40xx/gpio_17xx_40xx.h:156:20:Chip_GPIO_SetPinDIRInput	16	static
C:/Users/Hp/OneDrive/Desktop/EmbeddedProject11/BSP/LPC17xx_40xx/lpc_chip_17xx/lpc_chip/chip_17xx_40xx/gpio_17xx_40xx.h:169:20:Chip_GPIO_SetPinDIR	16	static
C:/Users/Hp/OneDrive/Desktop/EmbeddedProject11/BSP/LPC17xx_40xx/lpc_chip_17xx/lpc_chip/chip_17xx_40xx/gpio_17xx_40xx.h:190:20:Chip_GPIO_WriteDirBit	16	static
C:/Users/Hp/OneDrive/Desktop/EmbeddedProject11/BSP/LPC17xx_40xx/lpc_chip_17xx/lpc_chip/chip_17xx_40xx/uart_17xx_40xx.h:309:20:Chip_UART_SendByte	16	static
C:/Users/Hp/OneDrive/Desktop/EmbeddedProject11/BSP/LPC17xx_40xx/lpc_chip_17xx/lpc_chip/chip_17xx_40xx/uart_17xx_40xx.h:322:23:Chip_UART_ReadByte	16	static
C:/Users/Hp/OneDrive/Desktop/EmbeddedProject11/BSP/LPC17xx_40xx/lpc_chip_17xx/lpc_chip/chip_17xx_40xx/uart_17xx_40xx.h:405:20:Chip_UART_ConfigData	16	static
C:/Users/Hp/OneDrive/Desktop/EmbeddedProject11/BSP/LPC17xx_40xx/lpc_chip_17xx/lpc_chip/chip_17xx_40xx/uart_17xx_40xx.h:492:24:Chip_UART_ReadLineStatus	16	static
lpc_core/lpc_board/board_common/retarget.h:223:5:__write	32	static
lpc_core/lpc_board/board_common/retarget.h:239:5:__readc	16	static
lpc_core/lpc_board/boards_17xx/nxp_lpcxpresso_1769/board.c:74:13:Board_LED_Init	8	static
lpc_core/lpc_board/boards_17xx/nxp_lpcxpresso_1769/board.c:87:6:Board_UART_Init	16	static
lpc_core/lpc_board/boards_17xx/nxp_lpcxpresso_1769/board.c:93:6:Board_Debug_Init	8	static
lpc_core/lpc_board/boards_17xx/nxp_lpcxpresso_1769/board.c:108:6:Board_UARTPutChar	16	static
lpc_core/lpc_board/boards_17xx/nxp_lpcxpresso_1769/board.c:117:5:Board_UARTGetChar	8	static
lpc_core/lpc_board/boards_17xx/nxp_lpcxpresso_1769/board.c:128:6:Board_UARTPutSTR	16	static
lpc_core/lpc_board/boards_17xx/nxp_lpcxpresso_1769/board.c:138:6:Board_LED_Set	16	static
lpc_core/lpc_board/boards_17xx/nxp_lpcxpresso_1769/board.c:165:6:Board_LED_Test	24	static
lpc_core/lpc_board/boards_17xx/nxp_lpcxpresso_1769/board.c:176:6:Board_LED_Toggle	16	static
lpc_core/lpc_board/boards_17xx/nxp_lpcxpresso_1769/board.c:185:6:Board_Init	8	static
lpc_core/lpc_board/boards_17xx/nxp_lpcxpresso_1769/board.c:199:6:Board_ENET_GetMacADDR	24	static
lpc_core/lpc_board/boards_17xx/nxp_lpcxpresso_1769/board.c:207:6:Board_SSP_Init	24	static
lpc_core/lpc_board/boards_17xx/nxp_lpcxpresso_1769/board.c:240:6:Board_SPI_Init	24	static
lpc_core/lpc_board/boards_17xx/nxp_lpcxpresso_1769/board.c:265:6:Board_SPI_AssertSSEL	8	static
lpc_core/lpc_board/boards_17xx/nxp_lpcxpresso_1769/board.c:271:6:Board_SPI_DeassertSSEL	8	static
lpc_core/lpc_board/boards_17xx/nxp_lpcxpresso_1769/board.c:276:6:Board_Audio_Init	24	static
lpc_core/lpc_board/boards_17xx/nxp_lpcxpresso_1769/board.c:290:6:Board_I2C_Init	24	static
lpc_core/lpc_board/boards_17xx/nxp_lpcxpresso_1769/board.c:315:6:Board_Buttons_Init	8	static
lpc_core/lpc_board/boards_17xx/nxp_lpcxpresso_1769/board.c:320:10:Buttons_GetStatus	16	static
lpc_core/lpc_board/boards_17xx/nxp_lpcxpresso_1769/board.c:354:6:Board_Joystick_Init	16	static
lpc_core/lpc_board/boards_17xx/nxp_lpcxpresso_1769/board.c:366:9:Joystick_GetStatus	16	static
lpc_core/lpc_board/boards_17xx/nxp_lpcxpresso_1769/board.c:380:6:Serial_CreateStream	16	static
lpc_core/lpc_board/boards_17xx/nxp_lpcxpresso_1769/board.c:383:6:Board_USBD_Init	24	static
