C:/Users/Hp/OneDrive/Desktop/Freelancing/Freelancer/Selected Projects/3. Firmware for LPC1768/2. Testing/VisualGDB/Local/LPC1768-GPIO/EmbeddedProject11/BSP/LPC17xx_40xx/lpc_chip_17xx/lpc_chip/chip_17xx_40xx/iocon_17xx_40xx.h:151:20:Chip_IOCON_Init	16	static
C:/Users/Hp/OneDrive/Desktop/Freelancing/Freelancer/Selected Projects/3. Firmware for LPC1768/2. Testing/VisualGDB/Local/LPC1768-GPIO/EmbeddedProject11/BSP/LPC17xx_40xx/lpc_chip_17xx/lpc_chip/chip_17xx_40xx/iocon_17xx_40xx.h:190:20:Chip_IOCON_EnableOD	16	static
C:/Users/Hp/OneDrive/Desktop/Freelancing/Freelancer/Selected Projects/3. Firmware for LPC1768/2. Testing/VisualGDB/Local/LPC1768-GPIO/EmbeddedProject11/BSP/LPC17xx_40xx/lpc_chip_17xx/lpc_chip/chip_17xx_40xx/iocon_17xx_40xx.h:223:20:Chip_IOCON_SetI2CPad	16	static
C:/Users/Hp/OneDrive/Desktop/Freelancing/Freelancer/Selected Projects/3. Firmware for LPC1768/2. Testing/VisualGDB/Local/LPC1768-GPIO/EmbeddedProject11/BSP/LPC17xx_40xx/lpc_chip_17xx/lpc_chip/chip_17xx_40xx/gpio_17xx_40xx.h:64:20:Chip_GPIO_Init	16	static
C:/Users/Hp/OneDrive/Desktop/Freelancing/Freelancer/Selected Projects/3. Firmware for LPC1768/2. Testing/VisualGDB/Local/LPC1768-GPIO/EmbeddedProject11/BSP/LPC17xx_40xx/lpc_chip_17xx/lpc_chip/chip_17xx_40xx/gpio_17xx_40xx.h:88:20:Chip_GPIO_SetPinState	16	static
C:/Users/Hp/OneDrive/Desktop/Freelancing/Freelancer/Selected Projects/3. Firmware for LPC1768/2. Testing/VisualGDB/Local/LPC1768-GPIO/EmbeddedProject11/BSP/LPC17xx_40xx/lpc_chip_17xx/lpc_chip/chip_17xx_40xx/gpio_17xx_40xx.h:106:20:Chip_GPIO_WritePortBit	24	static
C:/Users/Hp/OneDrive/Desktop/Freelancing/Freelancer/Selected Projects/3. Firmware for LPC1768/2. Testing/VisualGDB/Local/LPC1768-GPIO/EmbeddedProject11/BSP/LPC17xx_40xx/lpc_chip_17xx/lpc_chip/chip_17xx_40xx/gpio_17xx_40xx.h:119:20:Chip_GPIO_GetPinState	16	static
C:/Users/Hp/OneDrive/Desktop/Freelancing/Freelancer/Selected Projects/3. Firmware for LPC1768/2. Testing/VisualGDB/Local/LPC1768-GPIO/EmbeddedProject11/BSP/LPC17xx_40xx/lpc_chip_17xx/lpc_chip/chip_17xx_40xx/gpio_17xx_40xx.h:132:20:Chip_GPIO_ReadPortBit	24	static
C:/Users/Hp/OneDrive/Desktop/Freelancing/Freelancer/Selected Projects/3. Firmware for LPC1768/2. Testing/VisualGDB/Local/LPC1768-GPIO/EmbeddedProject11/BSP/LPC17xx_40xx/lpc_chip_17xx/lpc_chip/chip_17xx_40xx/gpio_17xx_40xx.h:144:20:Chip_GPIO_SetPinDIROutput	16	static
C:/Users/Hp/OneDrive/Desktop/Freelancing/Freelancer/Selected Projects/3. Firmware for LPC1768/2. Testing/VisualGDB/Local/LPC1768-GPIO/EmbeddedProject11/BSP/LPC17xx_40xx/lpc_chip_17xx/lpc_chip/chip_17xx_40xx/gpio_17xx_40xx.h:156:20:Chip_GPIO_SetPinDIRInput	16	static
C:/Users/Hp/OneDrive/Desktop/Freelancing/Freelancer/Selected Projects/3. Firmware for LPC1768/2. Testing/VisualGDB/Local/LPC1768-GPIO/EmbeddedProject11/BSP/LPC17xx_40xx/lpc_chip_17xx/lpc_chip/chip_17xx_40xx/gpio_17xx_40xx.h:169:20:Chip_GPIO_SetPinDIR	16	static
C:/Users/Hp/OneDrive/Desktop/Freelancing/Freelancer/Selected Projects/3. Firmware for LPC1768/2. Testing/VisualGDB/Local/LPC1768-GPIO/EmbeddedProject11/BSP/LPC17xx_40xx/lpc_chip_17xx/lpc_chip/chip_17xx_40xx/gpio_17xx_40xx.h:190:20:Chip_GPIO_WriteDirBit	16	static
C:/Users/Hp/OneDrive/Desktop/Freelancing/Freelancer/Selected Projects/3. Firmware for LPC1768/2. Testing/VisualGDB/Local/LPC1768-GPIO/EmbeddedProject11/BSP/LPC17xx_40xx/lpc_chip_17xx/lpc_chip/chip_17xx_40xx/uart_17xx_40xx.h:309:20:Chip_UART_SendByte	16	static
C:/Users/Hp/OneDrive/Desktop/Freelancing/Freelancer/Selected Projects/3. Firmware for LPC1768/2. Testing/VisualGDB/Local/LPC1768-GPIO/EmbeddedProject11/BSP/LPC17xx_40xx/lpc_chip_17xx/lpc_chip/chip_17xx_40xx/uart_17xx_40xx.h:322:23:Chip_UART_ReadByte	16	static
C:/Users/Hp/OneDrive/Desktop/Freelancing/Freelancer/Selected Projects/3. Firmware for LPC1768/2. Testing/VisualGDB/Local/LPC1768-GPIO/EmbeddedProject11/BSP/LPC17xx_40xx/lpc_chip_17xx/lpc_chip/chip_17xx_40xx/uart_17xx_40xx.h:405:20:Chip_UART_ConfigData	16	static
C:/Users/Hp/OneDrive/Desktop/Freelancing/Freelancer/Selected Projects/3. Firmware for LPC1768/2. Testing/VisualGDB/Local/LPC1768-GPIO/EmbeddedProject11/BSP/LPC17xx_40xx/lpc_chip_17xx/lpc_chip/chip_17xx_40xx/uart_17xx_40xx.h:492:24:Chip_UART_ReadLineStatus	16	static
lpc_core/lpc_board/board_common/retarget.h:223:5:__write	32	static
lpc_core/lpc_board/board_common/retarget.h:239:5:__readc	16	static
lpc_core/lpc_board/boards_17xx/nxp_lpcxpresso_1769/board.c:70:13:Board_LED_Init	8	static
lpc_core/lpc_board/boards_17xx/nxp_lpcxpresso_1769/board.c:82:6:Board_UART_Init	16	static
lpc_core/lpc_board/boards_17xx/nxp_lpcxpresso_1769/board.c:88:6:Board_Debug_Init	8	static
lpc_core/lpc_board/boards_17xx/nxp_lpcxpresso_1769/board.c:103:6:Board_UARTPutChar	16	static
lpc_core/lpc_board/boards_17xx/nxp_lpcxpresso_1769/board.c:112:5:Board_UARTGetChar	8	static
lpc_core/lpc_board/boards_17xx/nxp_lpcxpresso_1769/board.c:123:6:Board_UARTPutSTR	16	static
lpc_core/lpc_board/boards_17xx/nxp_lpcxpresso_1769/board.c:133:6:Board_LED_Set	16	static
lpc_core/lpc_board/boards_17xx/nxp_lpcxpresso_1769/board.c:154:6:Board_LED_Test	24	static
lpc_core/lpc_board/boards_17xx/nxp_lpcxpresso_1769/board.c:165:6:Board_LED_Toggle	16	static
lpc_core/lpc_board/boards_17xx/nxp_lpcxpresso_1769/board.c:174:6:Board_Init	8	static
lpc_core/lpc_board/boards_17xx/nxp_lpcxpresso_1769/board.c:188:6:Board_ENET_GetMacADDR	24	static
lpc_core/lpc_board/boards_17xx/nxp_lpcxpresso_1769/board.c:196:6:Board_SSP_Init	24	static
lpc_core/lpc_board/boards_17xx/nxp_lpcxpresso_1769/board.c:229:6:Board_SPI_Init	24	static
lpc_core/lpc_board/boards_17xx/nxp_lpcxpresso_1769/board.c:254:6:Board_SPI_AssertSSEL	8	static
lpc_core/lpc_board/boards_17xx/nxp_lpcxpresso_1769/board.c:260:6:Board_SPI_DeassertSSEL	8	static
lpc_core/lpc_board/boards_17xx/nxp_lpcxpresso_1769/board.c:265:6:Board_Audio_Init	24	static
lpc_core/lpc_board/boards_17xx/nxp_lpcxpresso_1769/board.c:279:6:Board_I2C_Init	24	static
lpc_core/lpc_board/boards_17xx/nxp_lpcxpresso_1769/board.c:304:6:Board_Buttons_Init	8	static
lpc_core/lpc_board/boards_17xx/nxp_lpcxpresso_1769/board.c:309:10:Buttons_GetStatus	16	static
lpc_core/lpc_board/boards_17xx/nxp_lpcxpresso_1769/board.c:343:6:Board_Joystick_Init	16	static
lpc_core/lpc_board/boards_17xx/nxp_lpcxpresso_1769/board.c:355:9:Joystick_GetStatus	16	static
lpc_core/lpc_board/boards_17xx/nxp_lpcxpresso_1769/board.c:369:6:Serial_CreateStream	16	static
lpc_core/lpc_board/boards_17xx/nxp_lpcxpresso_1769/board.c:372:6:Board_USBD_Init	24	static
