Archive member included to satisfy reference by file (symbol)

c:/sysgcc/arm-eabi/bin/../lib/gcc/arm-none-eabi/10.3.1/thumb/v7-m/nofp\libgcc.a(_aeabi_uldivmod.o)
                              VisualGDB/Debug/i2s_17xx_40xx.o (__aeabi_uldivmod)
c:/sysgcc/arm-eabi/bin/../lib/gcc/arm-none-eabi/10.3.1/thumb/v7-m/nofp\libgcc.a(_udivmoddi4.o)
                              c:/sysgcc/arm-eabi/bin/../lib/gcc/arm-none-eabi/10.3.1/thumb/v7-m/nofp\libgcc.a(_aeabi_uldivmod.o) (__udivmoddi4)
c:/sysgcc/arm-eabi/bin/../lib/gcc/arm-none-eabi/10.3.1/thumb/v7-m/nofp\libgcc.a(_dvmd_tls.o)
                              c:/sysgcc/arm-eabi/bin/../lib/gcc/arm-none-eabi/10.3.1/thumb/v7-m/nofp\libgcc.a(_aeabi_uldivmod.o) (__aeabi_ldiv0)
c:/sysgcc/arm-eabi/bin/../lib/gcc/arm-none-eabi/10.3.1/../../../../arm-none-eabi/lib/thumb/v7-m/nofp\libc_nano.a(lib_a-exit.o)
                              c:/sysgcc/arm-eabi/bin/../lib/gcc/arm-none-eabi/10.3.1/../../../../arm-none-eabi/lib/thumb/v7-m/nofp/crt0.o (exit)
c:/sysgcc/arm-eabi/bin/../lib/gcc/arm-none-eabi/10.3.1/../../../../arm-none-eabi/lib/thumb/v7-m/nofp\libc_nano.a(lib_a-impure.o)
                              c:/sysgcc/arm-eabi/bin/../lib/gcc/arm-none-eabi/10.3.1/../../../../arm-none-eabi/lib/thumb/v7-m/nofp\libc_nano.a(lib_a-exit.o) (_global_impure_ptr)
c:/sysgcc/arm-eabi/bin/../lib/gcc/arm-none-eabi/10.3.1/../../../../arm-none-eabi/lib/thumb/v7-m/nofp\libc_nano.a(lib_a-init.o)
                              c:/sysgcc/arm-eabi/bin/../lib/gcc/arm-none-eabi/10.3.1/../../../../arm-none-eabi/lib/thumb/v7-m/nofp/crt0.o (__libc_init_array)
c:/sysgcc/arm-eabi/bin/../lib/gcc/arm-none-eabi/10.3.1/../../../../arm-none-eabi/lib/thumb/v7-m/nofp\libc_nano.a(lib_a-malloc.o)
                              VisualGDB/Debug/pbuf.o (malloc)
c:/sysgcc/arm-eabi/bin/../lib/gcc/arm-none-eabi/10.3.1/../../../../arm-none-eabi/lib/thumb/v7-m/nofp\libc_nano.a(lib_a-memcmp.o)
                              VisualGDB/Debug/etharp.o (memcmp)
c:/sysgcc/arm-eabi/bin/../lib/gcc/arm-none-eabi/10.3.1/../../../../arm-none-eabi/lib/thumb/v7-m/nofp\libc_nano.a(lib_a-memcpy-stub.o)
                              VisualGDB/Debug/ring_buffer.o (memcpy)
c:/sysgcc/arm-eabi/bin/../lib/gcc/arm-none-eabi/10.3.1/../../../../arm-none-eabi/lib/thumb/v7-m/nofp\libc_nano.a(lib_a-memset.o)
                              c:/sysgcc/arm-eabi/bin/../lib/gcc/arm-none-eabi/10.3.1/../../../../arm-none-eabi/lib/thumb/v7-m/nofp/crt0.o (memset)
c:/sysgcc/arm-eabi/bin/../lib/gcc/arm-none-eabi/10.3.1/../../../../arm-none-eabi/lib/thumb/v7-m/nofp\libc_nano.a(lib_a-nano-freer.o)
                              c:/sysgcc/arm-eabi/bin/../lib/gcc/arm-none-eabi/10.3.1/../../../../arm-none-eabi/lib/thumb/v7-m/nofp\libc_nano.a(lib_a-malloc.o) (_free_r)
c:/sysgcc/arm-eabi/bin/../lib/gcc/arm-none-eabi/10.3.1/../../../../arm-none-eabi/lib/thumb/v7-m/nofp\libc_nano.a(lib_a-nano-mallocr.o)
                              c:/sysgcc/arm-eabi/bin/../lib/gcc/arm-none-eabi/10.3.1/../../../../arm-none-eabi/lib/thumb/v7-m/nofp\libc_nano.a(lib_a-malloc.o) (_malloc_r)
c:/sysgcc/arm-eabi/bin/../lib/gcc/arm-none-eabi/10.3.1/../../../../arm-none-eabi/lib/thumb/v7-m/nofp\libc_nano.a(lib_a-printf.o)
                              VisualGDB/Debug/TCP_Echo_Test.o (printf)
c:/sysgcc/arm-eabi/bin/../lib/gcc/arm-none-eabi/10.3.1/../../../../arm-none-eabi/lib/thumb/v7-m/nofp\libc_nano.a(lib_a-sbrkr.o)
                              c:/sysgcc/arm-eabi/bin/../lib/gcc/arm-none-eabi/10.3.1/../../../../arm-none-eabi/lib/thumb/v7-m/nofp\libc_nano.a(lib_a-nano-mallocr.o) (_sbrk_r)
c:/sysgcc/arm-eabi/bin/../lib/gcc/arm-none-eabi/10.3.1/../../../../arm-none-eabi/lib/thumb/v7-m/nofp\libc_nano.a(lib_a-strlen.o)
                              VisualGDB/Debug/pbuf.o (strlen)
c:/sysgcc/arm-eabi/bin/../lib/gcc/arm-none-eabi/10.3.1/../../../../arm-none-eabi/lib/thumb/v7-m/nofp\libc_nano.a(lib_a-findfp.o)
                              c:/sysgcc/arm-eabi/bin/../lib/gcc/arm-none-eabi/10.3.1/../../../../arm-none-eabi/lib/thumb/v7-m/nofp\libc_nano.a(lib_a-printf.o) (__sinit)
c:/sysgcc/arm-eabi/bin/../lib/gcc/arm-none-eabi/10.3.1/../../../../arm-none-eabi/lib/thumb/v7-m/nofp\libc_nano.a(lib_a-fwalk.o)
                              c:/sysgcc/arm-eabi/bin/../lib/gcc/arm-none-eabi/10.3.1/../../../../arm-none-eabi/lib/thumb/v7-m/nofp\libc_nano.a(lib_a-findfp.o) (_fwalk)
c:/sysgcc/arm-eabi/bin/../lib/gcc/arm-none-eabi/10.3.1/../../../../arm-none-eabi/lib/thumb/v7-m/nofp\libc_nano.a(lib_a-lock.o)
                              c:/sysgcc/arm-eabi/bin/../lib/gcc/arm-none-eabi/10.3.1/../../../../arm-none-eabi/lib/thumb/v7-m/nofp\libc_nano.a(lib_a-findfp.o) (__retarget_lock_init_recursive)
c:/sysgcc/arm-eabi/bin/../lib/gcc/arm-none-eabi/10.3.1/../../../../arm-none-eabi/lib/thumb/v7-m/nofp\libc_nano.a(lib_a-mlock.o)
                              c:/sysgcc/arm-eabi/bin/../lib/gcc/arm-none-eabi/10.3.1/../../../../arm-none-eabi/lib/thumb/v7-m/nofp\libc_nano.a(lib_a-nano-freer.o) (__malloc_lock)
[...]
Memory Configuration

Name             Origin             Length             Attributes
FLASH            0x00000000         0x00040000         xr
SRAM             0x10000000         0x00008000         xrw
AHB_SRAM0        0x2007c000         0x00004000         xrw
AHB_SRAM1        0x20080000         0x00004000         xrw
*default*        0x00000000         0xffffffff

Linker script and memory map

LOAD c:/sysgcc/arm-eabi/bin/../lib/gcc/arm-none-eabi/10.3.1/thumb/v7-m/nofp/crti.o
LOAD c:/sysgcc/arm-eabi/bin/../lib/gcc/arm-none-eabi/10.3.1/thumb/v7-m/nofp/crtbegin.o
LOAD c:/sysgcc/arm-eabi/bin/../lib/gcc/arm-none-eabi/10.3.1/../../../../arm-none-eabi/lib/thumb/v7-m/nofp/crt0.o
START GROUP
LOAD VisualGDB/Debug/TCP_Echo_Test.o
LOAD VisualGDB/Debug/lpc_phy_smsc87x0.o
LOAD VisualGDB/Debug/adc_17xx_40xx.o
LOAD VisualGDB/Debug/can_17xx_40xx.o
LOAD VisualGDB/Debug/chip_17xx_40xx.o
LOAD VisualGDB/Debug/clock_17xx_40xx.o
LOAD VisualGDB/Debug/cmp_17xx_40xx.o
LOAD VisualGDB/Debug/crc_17xx_40xx.o
LOAD VisualGDB/Debug/dac_17xx_40xx.o
LOAD VisualGDB/Debug/eeprom_17xx_40xx.o
LOAD VisualGDB/Debug/emc_17xx_40xx.o
LOAD VisualGDB/Debug/enet_17xx_40xx.o
LOAD VisualGDB/Debug/gpdma_17xx_40xx.o
LOAD VisualGDB/Debug/gpioint_17xx_40xx.o
LOAD VisualGDB/Debug/gpio_17xx_40xx.o
LOAD VisualGDB/Debug/i2c_17xx_40xx.o
LOAD VisualGDB/Debug/i2s_17xx_40xx.o
LOAD VisualGDB/Debug/iocon_17xx_40xx.o
LOAD VisualGDB/Debug/lcd_17xx_40xx.o
LOAD VisualGDB/Debug/pmu_17xx_40xx.o
LOAD VisualGDB/Debug/ritimer_17xx_40xx.o
LOAD VisualGDB/Debug/rtc_17xx_40xx.o
LOAD VisualGDB/Debug/sdc_17xx_40xx.o
LOAD VisualGDB/Debug/sdmmc_17xx_40xx.o
LOAD VisualGDB/Debug/spi_17xx_40xx.o
LOAD VisualGDB/Debug/ssp_17xx_40xx.o
LOAD VisualGDB/Debug/stopwatch_17xx_40xx.o
LOAD VisualGDB/Debug/sysctl_17xx_40xx.o
LOAD VisualGDB/Debug/sysinit_17xx_40xx.o
LOAD VisualGDB/Debug/timer_17xx_40xx.o
LOAD VisualGDB/Debug/uart_17xx_40xx.o
LOAD VisualGDB/Debug/wwdt_17xx_40xx.o
LOAD VisualGDB/Debug/eeprom.o
LOAD VisualGDB/Debug/fpu_init.o
LOAD VisualGDB/Debug/iap.o
LOAD VisualGDB/Debug/ring_buffer.o
LOAD VisualGDB/Debug/startup.o
LOAD VisualGDB/Debug/ORIGINAL_cr_startup_lpc175x_6x.o
LOAD VisualGDB/Debug/board.o
LOAD VisualGDB/Debug/board_sysinit.o
LOAD VisualGDB/Debug/lpc17xx_40xx_emac.o
LOAD VisualGDB/Debug/lpc17xx_40xx_systick_arch.o
LOAD VisualGDB/Debug/lpc_debug.o
LOAD VisualGDB/Debug/api_lib.o
LOAD VisualGDB/Debug/api_msg.o
LOAD VisualGDB/Debug/err.o
LOAD VisualGDB/Debug/netbuf.o
LOAD VisualGDB/Debug/netdb.o
LOAD VisualGDB/Debug/netifapi.o
LOAD VisualGDB/Debug/sockets.o
LOAD VisualGDB/Debug/tcpip.o
LOAD VisualGDB/Debug/def.o
LOAD VisualGDB/Debug/dhcp.o
LOAD VisualGDB/Debug/dns.o
LOAD VisualGDB/Debug/init.o
LOAD VisualGDB/Debug/mem.o
LOAD VisualGDB/Debug/memp.o
LOAD VisualGDB/Debug/netif.o
LOAD VisualGDB/Debug/pbuf.o
LOAD VisualGDB/Debug/raw.o
LOAD VisualGDB/Debug/stats.o
LOAD VisualGDB/Debug/sys.o
LOAD VisualGDB/Debug/tcp.o
LOAD VisualGDB/Debug/tcp_in.o
LOAD VisualGDB/Debug/tcp_out.o
LOAD VisualGDB/Debug/timers.o
LOAD VisualGDB/Debug/udp.o
LOAD VisualGDB/Debug/autoip.o
LOAD VisualGDB/Debug/icmp.o
LOAD VisualGDB/Debug/igmp.o
LOAD VisualGDB/Debug/inet.o
LOAD VisualGDB/Debug/inet_chksum.o
LOAD VisualGDB/Debug/ip.o
LOAD VisualGDB/Debug/ip_addr.o
LOAD VisualGDB/Debug/ip_frag.o
LOAD VisualGDB/Debug/asn1_dec.o
LOAD VisualGDB/Debug/asn1_enc.o
LOAD VisualGDB/Debug/mib2.o
LOAD VisualGDB/Debug/mib_structs.o
LOAD VisualGDB/Debug/msg_in.o
LOAD VisualGDB/Debug/msg_out.o
LOAD VisualGDB/Debug/etharp.o
LOAD VisualGDB/Debug/ethernetif.o
LOAD VisualGDB/Debug/slipif.o
LOAD VisualGDB/Debug/auth.o
LOAD VisualGDB/Debug/chap.o
LOAD VisualGDB/Debug/chpms.o
LOAD VisualGDB/Debug/fsm.o
LOAD VisualGDB/Debug/ipcp.o
LOAD VisualGDB/Debug/lcp.o
LOAD VisualGDB/Debug/magic.o
LOAD VisualGDB/Debug/md5.o
LOAD VisualGDB/Debug/pap.o
LOAD VisualGDB/Debug/ppp.o
LOAD VisualGDB/Debug/ppp_oe.o
LOAD VisualGDB/Debug/randm.o
LOAD VisualGDB/Debug/vj.o
LOAD VisualGDB/Debug/ping.o
LOAD VisualGDB/Debug/echo.o
LOAD VisualGDB/Debug/udpecho.o
END GROUP
LOAD c:/sysgcc/arm-eabi/bin/../lib/gcc/arm-none-eabi/10.3.1/../../../../arm-none-eabi/lib/thumb/v7-m/nofp\libstdc++_nano.a
LOAD c:/sysgcc/arm-eabi/bin/../lib/gcc/arm-none-eabi/10.3.1/../../../../arm-none-eabi/lib/thumb/v7-m/nofp\libm.a
START GROUP
LOAD c:/sysgcc/arm-eabi/bin/../lib/gcc/arm-none-eabi/10.3.1/thumb/v7-m/nofp\libgcc.a
LOAD c:/sysgcc/arm-eabi/bin/../lib/gcc/arm-none-eabi/10.3.1/../../../../arm-none-eabi/lib/thumb/v7-m/nofp\libc_nano.a
END GROUP
START GROUP
LOAD c:/sysgcc/arm-eabi/bin/../lib/gcc/arm-none-eabi/10.3.1/thumb/v7-m/nofp\libgcc.a
LOAD c:/sysgcc/arm-eabi/bin/../lib/gcc/arm-none-eabi/10.3.1/../../../../arm-none-eabi/lib/thumb/v7-m/nofp\libc_nano.a
LOAD c:/sysgcc/arm-eabi/bin/../lib/gcc/arm-none-eabi/10.3.1/../../../../arm-none-eabi/lib/thumb/v7-m/nofp\libnosys.a
END GROUP
START GROUP
LOAD c:/sysgcc/arm-eabi/bin/../lib/gcc/arm-none-eabi/10.3.1/thumb/v7-m/nofp\libgcc.a
LOAD c:/sysgcc/arm-eabi/bin/../lib/gcc/arm-none-eabi/10.3.1/../../../../arm-none-eabi/lib/thumb/v7-m/nofp\libc_nano.a
LOAD c:/sysgcc/arm-eabi/bin/../lib/gcc/arm-none-eabi/10.3.1/../../../../arm-none-eabi/lib/thumb/v7-m/nofp\libnosys.a
END GROUP
LOAD c:/sysgcc/arm-eabi/bin/../lib/gcc/arm-none-eabi/10.3.1/thumb/v7-m/nofp/crtend.o
LOAD c:/sysgcc/arm-eabi/bin/../lib/gcc/arm-none-eabi/10.3.1/thumb/v7-m/nofp/crtn.o
                0x10008000                _estack = 0x10008000

.isr_vector     0x00000000       0xcc
                0x00000000                . = ALIGN (0x4)
 *(.isr_vector)
 .isr_vector    0x00000000       0xcc VisualGDB/Debug/ORIGINAL_cr_startup_lpc175x_6x.o
                0x00000000                g_pfnVectors
                0x000000cc                . = ALIGN (0x4)

.text           0x000000cc    0x141a0
                0x000000cc                . = ALIGN (0x4)
                0x000000cc                _stext = .
 *(.text)
 .text          0x000000cc        0x0 c:/sysgcc/arm-eabi/bin/../lib/gcc/arm-none-eabi/10.3.1/thumb/v7-m/nofp/crti.o
 .text          0x000000cc       0x40 c:/sysgcc/arm-eabi/bin/../lib/gcc/arm-none-eabi/10.3.1/thumb/v7-m/nofp/crtbegin.o
 .text          0x0000010c       0x7c c:/sysgcc/arm-eabi/bin/../lib/gcc/arm-none-eabi/10.3.1/../../../../arm-none-eabi/lib/thumb/v7-m/nofp/crt0.o
                0x0000010c                _stack_init
                0x00000114                _start
                0x00000114                _mainCRTStartup
 .text          0x00000188        0x0 VisualGDB/Debug/TCP_Echo_Test.o
 .text          0x00000188        0x0 VisualGDB/Debug/lpc_phy_smsc87x0.o
 .text          0x00000188        0x0 VisualGDB/Debug/adc_17xx_40xx.o
 .text          0x00000188        0x0 VisualGDB/Debug/can_17xx_40xx.o
 .text          0x00000188        0x0 VisualGDB/Debug/chip_17xx_40xx.o
 .text          0x00000188        0x0 VisualGDB/Debug/clock_17xx_40xx.o
 .text          0x00000188        0x0 VisualGDB/Debug/cmp_17xx_40xx.o
 .text          0x00000188        0x0 VisualGDB/Debug/crc_17xx_40xx.o
 .text          0x00000188        0x0 VisualGDB/Debug/dac_17xx_40xx.o
 .text          0x00000188        0x0 VisualGDB/Debug/eeprom_17xx_40xx.o
 .text          0x00000188        0x0 VisualGDB/Debug/emc_17xx_40xx.o
 .text          0x00000188        0x0 VisualGDB/Debug/enet_17xx_40xx.o
 .text          0x00000188        0x0 VisualGDB/Debug/gpdma_17xx_40xx.o
 .text          0x00000188        0x0 VisualGDB/Debug/gpioint_17xx_40xx.o
 .text          0x00000188        0x0 VisualGDB/Debug/gpio_17xx_40xx.o
 .text          0x00000188        0x0 VisualGDB/Debug/i2c_17xx_40xx.o
 .text          0x00000188        0x0 VisualGDB/Debug/i2s_17xx_40xx.o
 .text          0x00000188        0x0 VisualGDB/Debug/iocon_17xx_40xx.o
 .text          0x00000188        0x0 VisualGDB/Debug/lcd_17xx_40xx.o
 .text          0x00000188        0x0 VisualGDB/Debug/pmu_17xx_40xx.o
 .text          0x00000188        0x0 VisualGDB/Debug/ritimer_17xx_40xx.o
 .text          0x00000188        0x0 VisualGDB/Debug/rtc_17xx_40xx.o
 .text          0x00000188        0x0 VisualGDB/Debug/sdc_17xx_40xx.o
 .text          0x00000188        0x0 VisualGDB/Debug/sdmmc_17xx_40xx.o
 .text          0x00000188        0x0 VisualGDB/Debug/spi_17xx_40xx.o
 .text          0x00000188        0x0 VisualGDB/Debug/ssp_17xx_40xx.o
 .text          0x00000188        0x0 VisualGDB/Debug/stopwatch_17xx_40xx.o
 .text          0x00000188        0x0 VisualGDB/Debug/sysctl_17xx_40xx.o
 .text          0x00000188        0x0 VisualGDB/Debug/sysinit_17xx_40xx.o
 .text          0x00000188        0x0 VisualGDB/Debug/timer_17xx_40xx.o
 .text          0x00000188        0x0 VisualGDB/Debug/uart_17xx_40xx.o
 .text          0x00000188        0x0 VisualGDB/Debug/wwdt_17xx_40xx.o
 .text          0x00000188        0x0 VisualGDB/Debug/eeprom.o
 .text          0x00000188        0x0 VisualGDB/Debug/fpu_init.o
 .text          0x00000188        0x0 VisualGDB/Debug/iap.o
 .text          0x00000188        0x0 VisualGDB/Debug/ring_buffer.o
 .text          0x00000188        0x0 VisualGDB/Debug/startup.o
 .text          0x00000188        0x0 VisualGDB/Debug/ORIGINAL_cr_startup_lpc175x_6x.o
 .text          0x00000188        0x0 VisualGDB/Debug/board.o
 .text          0x00000188        0x0 VisualGDB/Debug/board_sysinit.o
 .text          0x00000188        0x0 VisualGDB/Debug/lpc17xx_40xx_emac.o
 .text          0x00000188        0x0 VisualGDB/Debug/lpc17xx_40xx_systick_arch.o
 .text          0x00000188        0x0 VisualGDB/Debug/lpc_debug.o
 .text          0x00000188        0x0 VisualGDB/Debug/api_lib.o
 .text          0x00000188        0x0 VisualGDB/Debug/api_msg.o
 .text          0x00000188        0x0 VisualGDB/Debug/err.o
 .text          0x00000188        0x0 VisualGDB/Debug/netbuf.o
 .text          0x00000188        0x0 VisualGDB/Debug/netdb.o
 .text          0x00000188        0x0 VisualGDB/Debug/netifapi.o
 .text          0x00000188        0x0 VisualGDB/Debug/sockets.o
 .text          0x00000188        0x0 VisualGDB/Debug/tcpip.o
 .text          0x00000188        0x0 VisualGDB/Debug/def.o
 .text          0x00000188        0x0 VisualGDB/Debug/dhcp.o
 .text          0x00000188        0x0 VisualGDB/Debug/dns.o
 .text          0x00000188        0x0 VisualGDB/Debug/init.o
 .text          0x00000188        0x0 VisualGDB/Debug/mem.o
 .text          0x00000188        0x0 VisualGDB/Debug/memp.o
 .text          0x00000188        0x0 VisualGDB/Debug/netif.o
 .text          0x00000188        0x0 VisualGDB/Debug/pbuf.o
 .text          0x00000188        0x0 VisualGDB/Debug/raw.o
 .text          0x00000188        0x0 VisualGDB/Debug/stats.o
 .text          0x00000188        0x0 VisualGDB/Debug/sys.o
 .text          0x00000188        0x0 VisualGDB/Debug/tcp.o
 .text          0x00000188        0x0 VisualGDB/Debug/tcp_in.o
 .text          0x00000188        0x0 VisualGDB/Debug/tcp_out.o
 .text          0x00000188        0x0 VisualGDB/Debug/timers.o
 .text          0x00000188        0x0 VisualGDB/Debug/udp.o
 .text          0x00000188        0x0 VisualGDB/Debug/autoip.o
 .text          0x00000188        0x0 VisualGDB/Debug/icmp.o
 .text          0x00000188        0x0 VisualGDB/Debug/igmp.o
 .text          0x00000188        0x0 VisualGDB/Debug/inet.o
 .text          0x00000188        0x0 VisualGDB/Debug/inet_chksum.o
 .text          0x00000188        0x0 VisualGDB/Debug/ip.o
 .text          0x00000188        0x0 VisualGDB/Debug/ip_addr.o
 .text          0x00000188        0x0 VisualGDB/Debug/ip_frag.o
 .text          0x00000188        0x0 VisualGDB/Debug/asn1_dec.o
 .text          0x00000188        0x0 VisualGDB/Debug/asn1_enc.o
 .text          0x00000188        0x0 VisualGDB/Debug/mib2.o
 .text          0x00000188        0x0 VisualGDB/Debug/mib_structs.o
 .text          0x00000188        0x0 VisualGDB/Debug/msg_in.o
 .text          0x00000188        0x0 VisualGDB/Debug/msg_out.o
 .text          0x00000188        0x0 VisualGDB/Debug/etharp.o
 .text          0x00000188        0x0 VisualGDB/Debug/ethernetif.o
 .text          0x00000188        0x0 VisualGDB/Debug/slipif.o
 .text          0x00000188        0x0 VisualGDB/Debug/auth.o
 .text          0x00000188        0x0 VisualGDB/Debug/chap.o
 .text          0x00000188        0x0 VisualGDB/Debug/chpms.o
 .text          0x00000188        0x0 VisualGDB/Debug/fsm.o
 .text          0x00000188        0x0 VisualGDB/Debug/ipcp.o
 .text          0x00000188        0x0 VisualGDB/Debug/lcp.o
 .text          0x00000188        0x0 VisualGDB/Debug/magic.o
 .text          0x00000188        0x0 VisualGDB/Debug/md5.o
 .text          0x00000188        0x0 VisualGDB/Debug/pap.o
 .text          0x00000188        0x0 VisualGDB/Debug/ppp.o
 .text          0x00000188        0x0 VisualGDB/Debug/ppp_oe.o
 .text          0x00000188        0x0 VisualGDB/Debug/randm.o
 .text          0x00000188        0x0 VisualGDB/Debug/vj.o
 .text          0x00000188        0x0 VisualGDB/Debug/ping.o
 .text          0x00000188        0x0 VisualGDB/Debug/echo.o
 .text          0x00000188        0x0 VisualGDB/Debug/udpecho.o
 .text          0x00000188       0x30 c:/sysgcc/arm-eabi/bin/../lib/gcc/arm-none-eabi/10.3.1/thumb/v7-m/nofp\libgcc.a(_aeabi_uldivmod.o)
                0x00000188                __aeabi_uldivmod
 .text          0x000001b8      0x2d4 c:/sysgcc/arm-eabi/bin/../lib/gcc/arm-none-eabi/10.3.1/thumb/v7-m/nofp\libgcc.a(_udivmoddi4.o)
                0x000001b8                __udivmoddi4
 .text          0x0000048c        0x4 c:/sysgcc/arm-eabi/bin/../lib/gcc/arm-none-eabi/10.3.1/thumb/v7-m/nofp\libgcc.a(_dvmd_tls.o)
                0x0000048c                __aeabi_idiv0
                0x0000048c                __aeabi_ldiv0
 .text          0x00000490        0x0 c:/sysgcc/arm-eabi/bin/../lib/gcc/arm-none-eabi/10.3.1/../../../../arm-none-eabi/lib/thumb/v7-m/nofp\libc_nano.a(lib_a-exit.o)
 .text          0x00000490        0x0 c:/sysgcc/arm-eabi/bin/../lib/gcc/arm-none-eabi/10.3.1/../../../../arm-none-eabi/lib/thumb/v7-m/nofp\libc_nano.a(lib_a-impure.o)
 .text          0x00000490        0x0 c:/sysgcc/arm-eabi/bin/../lib/gcc/arm-none-eabi/10.3.1/../../../../arm-none-eabi/lib/thumb/v7-m/nofp\libc_nano.a(lib_a-init.o)
 .text          0x00000490        0x0 c:/sysgcc/arm-eabi/bin/../lib/gcc/arm-none-eabi/10.3.1/../../../../arm-none-eabi/lib/thumb/v7-m/nofp\libc_nano.a(lib_a-malloc.o)
 .text          0x00000490        0x0 c:/sysgcc/arm-eabi/bin/../lib/gcc/arm-none-eabi/10.3.1/../../../../arm-none-eabi/lib/thumb/v7-m/nofp\libc_nano.a(lib_a-memcmp.o)
 .text          0x00000490        0x0 c:/sysgcc/arm-eabi/bin/../lib/gcc/arm-none-eabi/10.3.1/../../../../arm-none-eabi/lib/thumb/v7-m/nofp\libc_nano.a(lib_a-memcpy-stub.o)
 .text          0x00000490        0x0 c:/sysgcc/arm-eabi/bin/../lib/gcc/arm-none-eabi/10.3.1/../../../../arm-none-eabi/lib/thumb/v7-m/nofp\libc_nano.a(lib_a-memset.o)
 .text          0x00000490        0x0 c:/sysgcc/arm-eabi/bin/../lib/gcc/arm-none-eabi/10.3.1/../../../../arm-none-eabi/lib/thumb/v7-m/nofp\libc_nano.a(lib_a-nano-freer.o)
 .text          0x00000490        0x0 c:/sysgcc/arm-eabi/bin/../lib/gcc/arm-none-eabi/10.3.1/../../../../arm-none-eabi/lib/thumb/v7-m/nofp\libc_nano.a(lib_a-nano-mallocr.o)
 .text          0x00000490        0x0 c:/sysgcc/arm-eabi/bin/../lib/gcc/arm-none-eabi/10.3.1/../../../../arm-none-eabi/lib/thumb/v7-m/nofp\libc_nano.a(lib_a-printf.o)
 .text          0x00000490        0x0 c:/sysgcc/arm-eabi/bin/../lib/gcc/arm-none-eabi/10.3.1/../../../../arm-none-eabi/lib/thumb/v7-m/nofp\libc_nano.a(lib_a-sbrkr.o)
 .text          0x00000490       0x10 c:/sysgcc/arm-eabi/bin/../lib/gcc/arm-none-eabi/10.3.1/../../../../arm-none-eabi/lib/thumb/v7-m/nofp\libc_nano.a(lib_a-strlen.o)
                0x00000490                strlen
 .text          0x000004a0        0x0 c:/sysgcc/arm-eabi/bin/../lib/gcc/arm-none-eabi/10.3.1/../../../../arm-none-eabi/lib/thumb/v7-m/nofp\libc_nano.a(lib_a-findfp.o)
 .text          0x000004a0        0x0 c:/sysgcc/arm-eabi/bin/../lib/gcc/arm-none-eabi/10.3.1/../../../../arm-none-eabi/lib/thumb/v7-m/nofp\libc_nano.a(lib_a-fwalk.o)
 .text          0x000004a0        0x0 c:/sysgcc/arm-eabi/bin/../lib/gcc/arm-none-eabi/10.3.1/../../../../arm-none-eabi/lib/thumb/v7-m/nofp\libc_nano.a(lib_a-lock.o)
 .text          0x000004a0        0x0 c:/sysgcc/arm-eabi/bin/../lib/gcc/arm-none-eabi/10.3.1/../../../../arm-none-eabi/lib/thumb/v7-m/nofp\libc_nano.a(lib_a-mlock.o)
 .text          0x000004a0        0x0 c:/sysgcc/arm-eabi/bin/../lib/gcc/arm-none-eabi/10.3.1/../../../../arm-none-eabi/lib/thumb/v7-m/nofp\libc_nano.a(lib_a-nano-vfprintf.o)
 .text          0x000004a0        0x0 c:/sysgcc/arm-eabi/bin/../lib/gcc/arm-none-eabi/10.3.1/../../../../arm-none-eabi/lib/thumb/v7-m/nofp\libc_nano.a(lib_a-nano-vfprintf_i.o)
 .text          0x000004a0        0x0 c:/sysgcc/arm-eabi/bin/../lib/gcc/arm-none-eabi/10.3.1/../../../../arm-none-eabi/lib/thumb/v7-m/nofp\libc_nano.a(lib_a-reent.o)
 .text          0x000004a0        0x0 c:/sysgcc/arm-eabi/bin/../lib/gcc/arm-none-eabi/10.3.1/../../../../arm-none-eabi/lib/thumb/v7-m/nofp\libc_nano.a(lib_a-stdio.o)
 .text          0x000004a0        0x0 c:/sysgcc/arm-eabi/bin/../lib/gcc/arm-none-eabi/10.3.1/../../../../arm-none-eabi/lib/thumb/v7-m/nofp\libc_nano.a(lib_a-wbuf.o)
 .text          0x000004a0        0x0 c:/sysgcc/arm-eabi/bin/../lib/gcc/arm-none-eabi/10.3.1/../../../../arm-none-eabi/lib/thumb/v7-m/nofp\libc_nano.a(lib_a-writer.o)
 .text          0x000004a0        0x0 c:/sysgcc/arm-eabi/bin/../lib/gcc/arm-none-eabi/10.3.1/../../../../arm-none-eabi/lib/thumb/v7-m/nofp\libc_nano.a(lib_a-wsetup.o)
 .text          0x000004a0        0x0 c:/sysgcc/arm-eabi/bin/../lib/gcc/arm-none-eabi/10.3.1/../../../../arm-none-eabi/lib/thumb/v7-m/nofp\libc_nano.a(lib_a-closer.o)
 .text          0x000004a0        0x0 c:/sysgcc/arm-eabi/bin/../lib/gcc/arm-none-eabi/10.3.1/../../../../arm-none-eabi/lib/thumb/v7-m/nofp\libc_nano.a(lib_a-fflush.o)
 .text          0x000004a0        0x0 c:/sysgcc/arm-eabi/bin/../lib/gcc/arm-none-eabi/10.3.1/../../../../arm-none-eabi/lib/thumb/v7-m/nofp\libc_nano.a(lib_a-fvwrite.o)
 .text          0x000004a0        0x0 c:/sysgcc/arm-eabi/bin/../lib/gcc/arm-none-eabi/10.3.1/../../../../arm-none-eabi/lib/thumb/v7-m/nofp\libc_nano.a(lib_a-lseekr.o)
 .text          0x000004a0        0x0 c:/sysgcc/arm-eabi/bin/../lib/gcc/arm-none-eabi/10.3.1/../../../../arm-none-eabi/lib/thumb/v7-m/nofp\libc_nano.a(lib_a-makebuf.o)
 .text          0x000004a0        0x0 c:/sysgcc/arm-eabi/bin/../lib/gcc/arm-none-eabi/10.3.1/../../../../arm-none-eabi/lib/thumb/v7-m/nofp\libc_nano.a(lib_a-memchr-stub.o)
 .text          0x000004a0        0x0 c:/sysgcc/arm-eabi/bin/../lib/gcc/arm-none-eabi/10.3.1/../../../../arm-none-eabi/lib/thumb/v7-m/nofp\libc_nano.a(lib_a-memmove.o)
 .text          0x000004a0        0x0 c:/sysgcc/arm-eabi/bin/../lib/gcc/arm-none-eabi/10.3.1/../../../../arm-none-eabi/lib/thumb/v7-m/nofp\libc_nano.a(lib_a-nano-reallocr.o)
 .text          0x000004a0        0x0 c:/sysgcc/arm-eabi/bin/../lib/gcc/arm-none-eabi/10.3.1/../../../../arm-none-eabi/lib/thumb/v7-m/nofp\libc_nano.a(lib_a-readr.o)
 .text          0x000004a0        0x0 c:/sysgcc/arm-eabi/bin/../lib/gcc/arm-none-eabi/10.3.1/../../../../arm-none-eabi/lib/thumb/v7-m/nofp\libc_nano.a(lib_a-fstatr.o)
 .text          0x000004a0        0x0 c:/sysgcc/arm-eabi/bin/../lib/gcc/arm-none-eabi/10.3.1/../../../../arm-none-eabi/lib/thumb/v7-m/nofp\libc_nano.a(lib_a-isattyr.o)
 .text          0x000004a0        0x0 c:/sysgcc/arm-eabi/bin/../lib/gcc/arm-none-eabi/10.3.1/../../../../arm-none-eabi/lib/thumb/v7-m/nofp\libc_nano.a(lib_a-nano-msizer.o)
 .text          0x000004a0        0x0 c:/sysgcc/arm-eabi/bin/../lib/gcc/arm-none-eabi/10.3.1/../../../../arm-none-eabi/lib/thumb/v7-m/nofp\libnosys.a(close.o)
 .text          0x000004a0        0x0 c:/sysgcc/arm-eabi/bin/../lib/gcc/arm-none-eabi/10.3.1/../../../../arm-none-eabi/lib/thumb/v7-m/nofp\libnosys.a(fstat.o)
 .text          0x000004a0        0x0 c:/sysgcc/arm-eabi/bin/../lib/gcc/arm-none-eabi/10.3.1/../../../../arm-none-eabi/lib/thumb/v7-m/nofp\libnosys.a(isatty.o)
 .text          0x000004a0        0x0 c:/sysgcc/arm-eabi/bin/../lib/gcc/arm-none-eabi/10.3.1/../../../../arm-none-eabi/lib/thumb/v7-m/nofp\libnosys.a(lseek.o)
 .text          0x000004a0        0x0 c:/sysgcc/arm-eabi/bin/../lib/gcc/arm-none-eabi/10.3.1/../../../../arm-none-eabi/lib/thumb/v7-m/nofp\libnosys.a(read.o)
 .text          0x000004a0        0x0 c:/sysgcc/arm-eabi/bin/../lib/gcc/arm-none-eabi/10.3.1/../../../../arm-none-eabi/lib/thumb/v7-m/nofp\libnosys.a(sbrk.o)
 .text          0x000004a0        0x0 c:/sysgcc/arm-eabi/bin/../lib/gcc/arm-none-eabi/10.3.1/../../../../arm-none-eabi/lib/thumb/v7-m/nofp\libnosys.a(write.o)
 .text          0x000004a0        0x0 c:/sysgcc/arm-eabi/bin/../lib/gcc/arm-none-eabi/10.3.1/../../../../arm-none-eabi/lib/thumb/v7-m/nofp\libnosys.a(_exit.o)
 .text          0x000004a0        0x0 c:/sysgcc/arm-eabi/bin/../lib/gcc/arm-none-eabi/10.3.1/thumb/v7-m/nofp/crtend.o
 .text          0x000004a0        0x0 c:/sysgcc/arm-eabi/bin/../lib/gcc/arm-none-eabi/10.3.1/thumb/v7-m/nofp/crtn.o
 *(.text*)
 .text.Chip_ENET_Set100Mbps
                0x000004a0       0x1a VisualGDB/Debug/TCP_Echo_Test.o
 .text.Chip_ENET_Set10Mbps
                0x000004ba       0x18 VisualGDB/Debug/TCP_Echo_Test.o
 .text.prvSetupHardware
                0x000004d2       0x22 VisualGDB/Debug/TCP_Echo_Test.o
 .text.main     0x000004f4      0x170 VisualGDB/Debug/TCP_Echo_Test.o
                0x000004f4                main
 .text.Chip_ENET_IsMIIBusy
                0x00000664       0x24 VisualGDB/Debug/lpc_phy_smsc87x0.o
 .text.lpc_mii_write
                0x00000688       0x64 VisualGDB/Debug/lpc_phy_smsc87x0.o
 .text.lpc_mii_read
                0x000006ec       0x74 VisualGDB/Debug/lpc_phy_smsc87x0.o
 .text.smsc_update_phy_sts
                0x00000760       0xec VisualGDB/Debug/lpc_phy_smsc87x0.o
 .text.lpc_phy_init
                0x0000084c       0xac VisualGDB/Debug/lpc_phy_smsc87x0.o
                0x0000084c                lpc_phy_init
 .text.lpcPHYStsPoll
                0x000008f8       0xc8 VisualGDB/Debug/lpc_phy_smsc87x0.o
                0x000008f8                lpcPHYStsPoll
 .text.getFullConvClk
                0x000009c0        0xe VisualGDB/Debug/adc_17xx_40xx.o
 .text.getClkDiv
                0x000009ce       0x4c VisualGDB/Debug/adc_17xx_40xx.o
 .text.setStartMode
                0x00000a1a       0x2c VisualGDB/Debug/adc_17xx_40xx.o
                0x00000a1a                setStartMode
 .text.readAdcVal
                0x00000a46       0x40 VisualGDB/Debug/adc_17xx_40xx.o
                0x00000a46                readAdcVal
 *fill*         0x00000a86        0x2 
 .text.Chip_ADC_Init
                0x00000a88       0x74 VisualGDB/Debug/adc_17xx_40xx.o
                0x00000a88                Chip_ADC_Init
 .text.Chip_ADC_DeInit
                0x00000afc       0x24 VisualGDB/Debug/adc_17xx_40xx.o
                0x00000afc                Chip_ADC_DeInit
 .text.Chip_ADC_ReadValue
                0x00000b20       0x24 VisualGDB/Debug/adc_17xx_40xx.o
                0x00000b20                Chip_ADC_ReadValue
 .text.Chip_ADC_ReadStatus
                0x00000b44       0x82 VisualGDB/Debug/adc_17xx_40xx.o
                0x00000b44                Chip_ADC_ReadStatus
 .text.Chip_ADC_Int_SetChannelCmd
                0x00000bc6       0x48 VisualGDB/Debug/adc_17xx_40xx.o
                0x00000bc6                Chip_ADC_Int_SetChannelCmd
 .text.Chip_ADC_SetStartMode
                0x00000c0e       0x4e VisualGDB/Debug/adc_17xx_40xx.o
                0x00000c0e                Chip_ADC_SetStartMode
 .text.Chip_ADC_SetSampleRate
                0x00000c5c       0x50 VisualGDB/Debug/adc_17xx_40xx.o
                0x00000c5c                Chip_ADC_SetSampleRate
 .text.Chip_ADC_EnableChannel
                0x00000cac       0x54 VisualGDB/Debug/adc_17xx_40xx.o
                0x00000cac                Chip_ADC_EnableChannel
 .text.Chip_ADC_SetBurstCmd
                0x00000d00       0x3c VisualGDB/Debug/adc_17xx_40xx.o
                0x00000d00                Chip_ADC_SetBurstCmd
 .text.Chip_ADC_ReadByte
                0x00000d3c       0x32 VisualGDB/Debug/adc_17xx_40xx.o
                0x00000d3c                Chip_ADC_ReadByte
 .text.Chip_CAN_SetCmd
                0x00000d6e       0x1a VisualGDB/Debug/can_17xx_40xx.o
 .text.Chip_CAN_GetStatus
                0x00000d88       0x16 VisualGDB/Debug/can_17xx_40xx.o
 .text.Chip_CAN_GetMode
                0x00000d9e       0x1e VisualGDB/Debug/can_17xx_40xx.o
 .text.Chip_CAN_SetAFMode
                0x00000dbc       0x1c VisualGDB/Debug/can_17xx_40xx.o
 .text.Chip_CAN_GetAFMode
                0x00000dd8       0x18 VisualGDB/Debug/can_17xx_40xx.o
 .text.setBusTiming
                0x00000df0       0x68 VisualGDB/Debug/can_17xx_40xx.o
 .text.getSectionAddress
                0x00000e58       0x78 VisualGDB/Debug/can_17xx_40xx.o
 .text.getTotalEntryNum
                0x00000ed0       0x20 VisualGDB/Debug/can_17xx_40xx.o
 .text.setSectionEndAddress
                0x00000ef0       0x30 VisualGDB/Debug/can_17xx_40xx.o
 .text.getReceiveFrameInfo
                0x00000f20       0x34 VisualGDB/Debug/can_17xx_40xx.o
 .text.setSendFrameInfo
                0x00000f54       0x2c VisualGDB/Debug/can_17xx_40xx.o
 .text.createStdIDEntry
                0x00000f80       0x60 VisualGDB/Debug/can_17xx_40xx.o
 .text.createUnUsedSTDEntry
                0x00000fe0       0x22 VisualGDB/Debug/can_17xx_40xx.o
 .text.readStdIDEntry
                0x00001002       0x46 VisualGDB/Debug/can_17xx_40xx.o
 .text.setupSTDSection
                0x00001048      0x10e VisualGDB/Debug/can_17xx_40xx.o
 .text.setupSTDRangeSection
                0x00001156       0x28 VisualGDB/Debug/can_17xx_40xx.o
 .text.shiftSTDEntryDown
                0x0000117e       0xaa VisualGDB/Debug/can_17xx_40xx.o
 .text.shiftSTDEntryUp
                0x00001228       0xd2 VisualGDB/Debug/can_17xx_40xx.o
 .text.createExtIDEntry
                0x000012fa       0x2e VisualGDB/Debug/can_17xx_40xx.o
 .text.readExtIDEntry
                0x00001328       0x28 VisualGDB/Debug/can_17xx_40xx.o
 .text.setupEXTSection
                0x00001350       0x76 VisualGDB/Debug/can_17xx_40xx.o
 .text.setupEXTRangeSection
                0x000013c6       0x28 VisualGDB/Debug/can_17xx_40xx.o
 .text.getArrayVal
                0x000013ee       0x7c VisualGDB/Debug/can_17xx_40xx.o
 .text.searchInsertIndex
                0x0000146a       0xf8 VisualGDB/Debug/can_17xx_40xx.o
 .text.insertSTDEntry
                0x00001562      0x31c VisualGDB/Debug/can_17xx_40xx.o
 .text.readSTDEntry
                0x0000187e       0xe4 VisualGDB/Debug/can_17xx_40xx.o
 .text.removeSTDEntry
                0x00001962      0x2ec VisualGDB/Debug/can_17xx_40xx.o
                0x00001962                removeSTDEntry
 .text.removeLUTEntry
                0x00001c4e      0x1a8 VisualGDB/Debug/can_17xx_40xx.o
                0x00001c4e                removeLUTEntry
 .text.clearAFLUT
                0x00001df6       0x82 VisualGDB/Debug/can_17xx_40xx.o
                0x00001df6                clearAFLUT
 .text.Chip_CAN_GetClockIndex
                0x00001e78       0x2c VisualGDB/Debug/can_17xx_40xx.o
 .text.Chip_CAN_GetClkIndex
                0x00001ea4       0x2c VisualGDB/Debug/can_17xx_40xx.o
 .text.Chip_CAN_Init
                0x00001ed0       0x5e VisualGDB/Debug/can_17xx_40xx.o
                0x00001ed0                Chip_CAN_Init
 .text.Chip_CAN_DeInit
                0x00001f2e       0x1e VisualGDB/Debug/can_17xx_40xx.o
                0x00001f2e                Chip_CAN_DeInit
 .text.Chip_CAN_SetBitRate
                0x00001f4c       0xd0 VisualGDB/Debug/can_17xx_40xx.o
                0x00001f4c                Chip_CAN_SetBitRate
 .text.Chip_CAN_SetMode
                0x0000201c       0x94 VisualGDB/Debug/can_17xx_40xx.o
                0x0000201c                Chip_CAN_SetMode
 .text.Chip_CAN_GetFreeTxBuf
                0x000020b0       0x46 VisualGDB/Debug/can_17xx_40xx.o
                0x000020b0                Chip_CAN_GetFreeTxBuf
 .text.Chip_CAN_SetAFLUT
                0x000020f6      0x1ca VisualGDB/Debug/can_17xx_40xx.o
                0x000020f6                Chip_CAN_SetAFLUT
 .text.Chip_CAN_GetEntriesNum
                0x000022c0       0xb2 VisualGDB/Debug/can_17xx_40xx.o
                0x000022c0                Chip_CAN_GetEntriesNum
 .text.Chip_CAN_InsertFullCANEntry
                0x00002372       0x22 VisualGDB/Debug/can_17xx_40xx.o
                0x00002372                Chip_CAN_InsertFullCANEntry
 .text.Chip_CAN_InsertSTDEntry
                0x00002394       0x22 VisualGDB/Debug/can_17xx_40xx.o
                0x00002394                Chip_CAN_InsertSTDEntry
 .text.Chip_CAN_InsertEXTEntry
                0x000023b6      0x136 VisualGDB/Debug/can_17xx_40xx.o
                0x000023b6                Chip_CAN_InsertEXTEntry
 .text.Chip_CAN_InsertGroupSTDEntry
                0x000024ec      0x270 VisualGDB/Debug/can_17xx_40xx.o
                0x000024ec                Chip_CAN_InsertGroupSTDEntry
 .text.Chip_CAN_InsertGroupEXTEntry
                0x0000275c      0x1ea VisualGDB/Debug/can_17xx_40xx.o
                0x0000275c                Chip_CAN_InsertGroupEXTEntry
 .text.Chip_CAN_RemoveFullCANEntry
                0x00002946       0x26 VisualGDB/Debug/can_17xx_40xx.o
                0x00002946                Chip_CAN_RemoveFullCANEntry
 .text.Chip_CAN_RemoveSTDEntry
                0x0000296c       0x26 VisualGDB/Debug/can_17xx_40xx.o
                0x0000296c                Chip_CAN_RemoveSTDEntry
 .text.Chip_CAN_RemoveGroupSTDEntry
                0x00002992       0x26 VisualGDB/Debug/can_17xx_40xx.o
                0x00002992                Chip_CAN_RemoveGroupSTDEntry
 .text.Chip_CAN_RemoveEXTEntry
                0x000029b8       0x26 VisualGDB/Debug/can_17xx_40xx.o
                0x000029b8                Chip_CAN_RemoveEXTEntry
 .text.Chip_CAN_RemoveGroupEXTEntry
                0x000029de       0x26 VisualGDB/Debug/can_17xx_40xx.o
                0x000029de                Chip_CAN_RemoveGroupEXTEntry
 .text.Chip_CAN_ReadFullCANEntry
                0x00002a04       0x2a VisualGDB/Debug/can_17xx_40xx.o
                0x00002a04                Chip_CAN_ReadFullCANEntry
 .text.Chip_CAN_ReadSTDEntry
                0x00002a2e       0x2a VisualGDB/Debug/can_17xx_40xx.o
                0x00002a2e                Chip_CAN_ReadSTDEntry
 .text.Chip_CAN_ReadGroupSTDEntry
                0x00002a58       0x86 VisualGDB/Debug/can_17xx_40xx.o
                0x00002a58                Chip_CAN_ReadGroupSTDEntry
 .text.Chip_CAN_ReadEXTEntry
                0x00002ade       0x64 VisualGDB/Debug/can_17xx_40xx.o
                0x00002ade                Chip_CAN_ReadEXTEntry
 .text.Chip_CAN_ReadGroupEXTEntry
                0x00002b42       0x8c VisualGDB/Debug/can_17xx_40xx.o
                0x00002b42                Chip_CAN_ReadGroupEXTEntry
 .text.Chip_CAN_Send
                0x00002bce      0x12a VisualGDB/Debug/can_17xx_40xx.o
                0x00002bce                Chip_CAN_Send
 .text.Chip_CAN_Receive
                0x00002cf8       0xd6 VisualGDB/Debug/can_17xx_40xx.o
                0x00002cf8                Chip_CAN_Receive
 .text.Chip_CAN_ConfigFullCANInt
                0x00002dce       0x4e VisualGDB/Debug/can_17xx_40xx.o
                0x00002dce                Chip_CAN_ConfigFullCANInt
 .text.Chip_CAN_GetFullCANIntStatus
                0x00002e1c       0x48 VisualGDB/Debug/can_17xx_40xx.o
                0x00002e1c                Chip_CAN_GetFullCANIntStatus
 .text.Chip_CAN_FullCANReceive
                0x00002e64       0xc0 VisualGDB/Debug/can_17xx_40xx.o
                0x00002e64                Chip_CAN_FullCANReceive
 .text.Chip_Clock_IsUSBPLLLocked
                0x00002f24       0x24 VisualGDB/Debug/chip_17xx_40xx.o
 .text.Chip_Clock_IsUSBPLLConnected
                0x00002f48       0x24 VisualGDB/Debug/chip_17xx_40xx.o
 .text.SystemCoreClockUpdate
                0x00002f6c       0x18 VisualGDB/Debug/chip_17xx_40xx.o
                0x00002f6c                SystemCoreClockUpdate
 .text.Chip_USB_Init
                0x00002f84       0x4c VisualGDB/Debug/chip_17xx_40xx.o
                0x00002f84                Chip_USB_Init
 .text.Chip_Clock_IsMainPLLEnabled
                0x00002fd0       0x24 VisualGDB/Debug/clock_17xx_40xx.o
 .text.Chip_Clock_IsUSBPLLEnabled
                0x00002ff4       0x24 VisualGDB/Debug/clock_17xx_40xx.o
 .text.Chip_Clock_IsMainPLLConnected
                0x00003018       0x24 VisualGDB/Debug/clock_17xx_40xx.o
 .text.Chip_Clock_IsUSBPLLConnected
                0x0000303c       0x24 VisualGDB/Debug/clock_17xx_40xx.o
 .text.Chip_Clock_FeedPLL
                0x00003060       0x34 VisualGDB/Debug/clock_17xx_40xx.o
 .text.Chip_Clock_GetMainPLLSource
                0x00003094       0x20 VisualGDB/Debug/clock_17xx_40xx.o
 .text.Chip_Clock_GetMainOscRate
                0x000030b4       0x14 VisualGDB/Debug/clock_17xx_40xx.o
 .text.Chip_Clock_GetIntOscRate
                0x000030c8       0x14 VisualGDB/Debug/clock_17xx_40xx.o
 .text.Chip_Clock_GetRTCOscRate
                0x000030dc       0x14 VisualGDB/Debug/clock_17xx_40xx.o
 .text.Chip_Clock_GetMainPLLInClockRate
                0x000030f0        0xe VisualGDB/Debug/clock_17xx_40xx.o
 .text.Chip_Clock_GetUSBPLLInClockRate
                0x000030fe        0xe VisualGDB/Debug/clock_17xx_40xx.o
 .text.Chip_Clock_EnablePLL
                0x0000310c       0x44 VisualGDB/Debug/clock_17xx_40xx.o
                0x0000310c                Chip_Clock_EnablePLL
 .text.Chip_Clock_DisablePLL
                0x00003150       0x48 VisualGDB/Debug/clock_17xx_40xx.o
                0x00003150                Chip_Clock_DisablePLL
 .text.Chip_Clock_SetupPLL
                0x00003198       0x5c VisualGDB/Debug/clock_17xx_40xx.o
                0x00003198                Chip_Clock_SetupPLL
 .text.Chip_Clock_EnablePeriphClock
                0x000031f4       0x34 VisualGDB/Debug/clock_17xx_40xx.o
                0x000031f4                Chip_Clock_EnablePeriphClock
 .text.Chip_Clock_DisablePeriphClock
                0x00003228       0x38 VisualGDB/Debug/clock_17xx_40xx.o
                0x00003228                Chip_Clock_DisablePeriphClock
 .text.Chip_Clock_IsPeripheralClockEnabled
                0x00003260       0x3c VisualGDB/Debug/clock_17xx_40xx.o
                0x00003260                Chip_Clock_IsPeripheralClockEnabled
 .text.Chip_Clock_SetCPUClockSource
                0x0000329c       0x2a VisualGDB/Debug/clock_17xx_40xx.o
                0x0000329c                Chip_Clock_SetCPUClockSource
 .text.Chip_Clock_GetCPUClockSource
                0x000032c6       0x24 VisualGDB/Debug/clock_17xx_40xx.o
                0x000032c6                Chip_Clock_GetCPUClockSource
 *fill*         0x000032ea        0x2 
 .text.Chip_Clock_SetCPUClockDiv
                0x000032ec       0x20 VisualGDB/Debug/clock_17xx_40xx.o
                0x000032ec                Chip_Clock_SetCPUClockDiv
 .text.Chip_Clock_GetCPUClockDiv
                0x0000330c       0x1c VisualGDB/Debug/clock_17xx_40xx.o
                0x0000330c                Chip_Clock_GetCPUClockDiv
 .text.Chip_Clock_SetUSBClockDiv
                0x00003328       0x30 VisualGDB/Debug/clock_17xx_40xx.o
                0x00003328                Chip_Clock_SetUSBClockDiv
 .text.Chip_Clock_GetUSBClockDiv
                0x00003358       0x1c VisualGDB/Debug/clock_17xx_40xx.o
                0x00003358                Chip_Clock_GetUSBClockDiv
 .text.Chip_Clock_SetPCLKDiv
                0x00003374       0x64 VisualGDB/Debug/clock_17xx_40xx.o
                0x00003374                Chip_Clock_SetPCLKDiv
 .text.Chip_Clock_GetPCLKDiv
                0x000033d8       0x8c VisualGDB/Debug/clock_17xx_40xx.o
                0x000033d8                Chip_Clock_GetPCLKDiv
 .text.Chip_Clock_SetCLKOUTSource
                0x00003464       0x44 VisualGDB/Debug/clock_17xx_40xx.o
                0x00003464                Chip_Clock_SetCLKOUTSource
 .text.Chip_Clock_GetSYSCLKRate
                0x000034a8       0x3a VisualGDB/Debug/clock_17xx_40xx.o
                0x000034a8                Chip_Clock_GetSYSCLKRate
 *fill*         0x000034e2        0x2 
 .text.Chip_Clock_GetMainPLLOutClockRate
                0x000034e4       0x54 VisualGDB/Debug/clock_17xx_40xx.o
                0x000034e4                Chip_Clock_GetMainPLLOutClockRate
 .text.Chip_Clock_GetUSBPLLOutClockRate
                0x00003538       0x40 VisualGDB/Debug/clock_17xx_40xx.o
                0x00003538                Chip_Clock_GetUSBPLLOutClockRate
 .text.Chip_Clock_GetMainClockRate
                0x00003578       0x28 VisualGDB/Debug/clock_17xx_40xx.o
                0x00003578                Chip_Clock_GetMainClockRate
 .text.Chip_Clock_GetSystemClockRate
                0x000035a0       0x18 VisualGDB/Debug/clock_17xx_40xx.o
                0x000035a0                Chip_Clock_GetSystemClockRate
 .text.Chip_Clock_GetUSBClockRate
                0x000035b8       0x38 VisualGDB/Debug/clock_17xx_40xx.o
                0x000035b8                Chip_Clock_GetUSBClockRate
 .text.Chip_Clock_GetPeripheralClockRate
                0x000035f0       0x26 VisualGDB/Debug/clock_17xx_40xx.o
                0x000035f0                Chip_Clock_GetPeripheralClockRate
 .text.Chip_DAC_Init
                0x00003616       0x18 VisualGDB/Debug/dac_17xx_40xx.o
                0x00003616                Chip_DAC_Init
 .text.Chip_DAC_DeInit
                0x0000362e       0x12 VisualGDB/Debug/dac_17xx_40xx.o
                0x0000362e                Chip_DAC_DeInit
 .text.Chip_DAC_UpdateValue
                0x00003640       0x30 VisualGDB/Debug/dac_17xx_40xx.o
                0x00003640                Chip_DAC_UpdateValue
 .text.Chip_DAC_SetBias
                0x00003670       0x32 VisualGDB/Debug/dac_17xx_40xx.o
                0x00003670                Chip_DAC_SetBias
 .text.Chip_Clock_GetENETClockRate
                0x000036a2        0xe VisualGDB/Debug/enet_17xx_40xx.o
 .text.Chip_ENET_Reset
                0x000036b0       0x22 VisualGDB/Debug/enet_17xx_40xx.o
 .text.resetENET
                0x000036d2       0x2a VisualGDB/Debug/enet_17xx_40xx.o
 .text.Chip_ENET_Init
                0x000036fc       0x8e VisualGDB/Debug/enet_17xx_40xx.o
                0x000036fc                Chip_ENET_Init
 .text.Chip_ENET_DeInit
                0x0000378a       0x3c VisualGDB/Debug/enet_17xx_40xx.o
                0x0000378a                Chip_ENET_DeInit
 *fill*         0x000037c6        0x2 
 .text.Chip_ENET_SetupMII
                0x000037c8       0x44 VisualGDB/Debug/enet_17xx_40xx.o
                0x000037c8                Chip_ENET_SetupMII
 .text.Chip_ENET_FindMIIDiv
                0x0000380c       0x50 VisualGDB/Debug/enet_17xx_40xx.o
                0x0000380c                Chip_ENET_FindMIIDiv
 .text.Chip_ENET_StartMIIWrite
                0x0000385c       0x3c VisualGDB/Debug/enet_17xx_40xx.o
                0x0000385c                Chip_ENET_StartMIIWrite
 .text.Chip_ENET_StartMIIRead
                0x00003898       0x30 VisualGDB/Debug/enet_17xx_40xx.o
                0x00003898                Chip_ENET_StartMIIRead
 .text.Chip_ENET_ReadMIIData
                0x000038c8       0x1e VisualGDB/Debug/enet_17xx_40xx.o
                0x000038c8                Chip_ENET_ReadMIIData
 .text.Chip_ENET_SetFullDuplex
                0x000038e6       0x34 VisualGDB/Debug/enet_17xx_40xx.o
                0x000038e6                Chip_ENET_SetFullDuplex
 .text.Chip_ENET_SetHalfDuplex
                0x0000391a       0x34 VisualGDB/Debug/enet_17xx_40xx.o
                0x0000391a                Chip_ENET_SetHalfDuplex
 .text.Chip_ENET_InitTxDescriptors
                0x0000394e       0x3a VisualGDB/Debug/enet_17xx_40xx.o
                0x0000394e                Chip_ENET_InitTxDescriptors
 .text.Chip_ENET_InitRxDescriptors
                0x00003988       0x3a VisualGDB/Debug/enet_17xx_40xx.o
                0x00003988                Chip_ENET_InitRxDescriptors
 .text.Chip_ENET_GetBufferStatus
                0x000039c2       0x54 VisualGDB/Debug/enet_17xx_40xx.o
                0x000039c2                Chip_ENET_GetBufferStatus
 .text.Chip_ENET_GetFillDescNum
                0x00003a16       0x4a VisualGDB/Debug/enet_17xx_40xx.o
                0x00003a16                Chip_ENET_GetFillDescNum
 .text.Chip_ENET_IncTXProduceIndex
                0x00003a60       0x3c VisualGDB/Debug/enet_17xx_40xx.o
                0x00003a60                Chip_ENET_IncTXProduceIndex
 .text.Chip_ENET_IncRXConsumeIndex
                0x00003a9c       0x3c VisualGDB/Debug/enet_17xx_40xx.o
                0x00003a9c                Chip_ENET_IncRXConsumeIndex
 .text.configDMAMux
                0x00003ad8       0x68 VisualGDB/Debug/gpdma_17xx_40xx.o
 .text.makeCtrlWord
                0x00003b40      0x124 VisualGDB/Debug/gpdma_17xx_40xx.o
                0x00003b40                makeCtrlWord
 .text.setupChannel
                0x00003c64       0xbc VisualGDB/Debug/gpdma_17xx_40xx.o
                0x00003c64                setupChannel
 .text.Chip_GPDMA_Init
                0x00003d20       0x68 VisualGDB/Debug/gpdma_17xx_40xx.o
                0x00003d20                Chip_GPDMA_Init
 .text.Chip_GPDMA_DeInit
                0x00003d88       0x16 VisualGDB/Debug/gpdma_17xx_40xx.o
                0x00003d88                Chip_GPDMA_DeInit
 *fill*         0x00003d9e        0x2 
 .text.Chip_GPDMA_Stop
                0x00003da0       0x68 VisualGDB/Debug/gpdma_17xx_40xx.o
                0x00003da0                Chip_GPDMA_Stop
 .text.Chip_GPDMA_Interrupt
                0x00003e08       0x6c VisualGDB/Debug/gpdma_17xx_40xx.o
                0x00003e08                Chip_GPDMA_Interrupt
 .text.Chip_GPDMA_InitChannelCfg
                0x00003e74       0xe0 VisualGDB/Debug/gpdma_17xx_40xx.o
                0x00003e74                Chip_GPDMA_InitChannelCfg
 .text.Chip_GPDMA_IntGetStatus
                0x00003f54       0xbc VisualGDB/Debug/gpdma_17xx_40xx.o
                0x00003f54                Chip_GPDMA_IntGetStatus
 .text.Chip_GPDMA_ClearIntPending
                0x00004010       0x3e VisualGDB/Debug/gpdma_17xx_40xx.o
                0x00004010                Chip_GPDMA_ClearIntPending
 .text.Chip_GPDMA_ChannelCmd
                0x0000404e       0x46 VisualGDB/Debug/gpdma_17xx_40xx.o
                0x0000404e                Chip_GPDMA_ChannelCmd
 .text.Chip_GPDMA_Transfer
                0x00004094       0xf4 VisualGDB/Debug/gpdma_17xx_40xx.o
                0x00004094                Chip_GPDMA_Transfer
 .text.Chip_GPDMA_PrepareDescriptor
                0x00004188       0xc4 VisualGDB/Debug/gpdma_17xx_40xx.o
                0x00004188                Chip_GPDMA_PrepareDescriptor
 .text.Chip_GPDMA_SGTransfer
                0x0000424c       0xce VisualGDB/Debug/gpdma_17xx_40xx.o
                0x0000424c                Chip_GPDMA_SGTransfer
 *fill*         0x0000431a        0x2 
 .text.Chip_GPDMA_GetFreeChannel
                0x0000431c       0x58 VisualGDB/Debug/gpdma_17xx_40xx.o
                0x0000431c                Chip_GPDMA_GetFreeChannel
 .text.enableClk
                0x00004374       0x30 VisualGDB/Debug/i2c_17xx_40xx.o
 .text.disableClk
                0x000043a4       0x30 VisualGDB/Debug/i2c_17xx_40xx.o
 .text.getClkRate
                0x000043d4       0x24 VisualGDB/Debug/i2c_17xx_40xx.o
 .text.startMasterXfer
                0x000043f8       0x1e VisualGDB/Debug/i2c_17xx_40xx.o
 .text.startSlaverXfer
                0x00004416       0x1e VisualGDB/Debug/i2c_17xx_40xx.o
 .text.isI2CBusFree
                0x00004434       0x24 VisualGDB/Debug/i2c_17xx_40xx.o
 .text.getCurState
                0x00004458       0x1a VisualGDB/Debug/i2c_17xx_40xx.o
 .text.isMasterState
                0x00004472       0x22 VisualGDB/Debug/i2c_17xx_40xx.o
 .text.setSlaveAddr
                0x00004494       0x5c VisualGDB/Debug/i2c_17xx_40xx.o
 .text.isSlaveAddrMatching
                0x000044f0       0x3e VisualGDB/Debug/i2c_17xx_40xx.o
 .text.lookupSlaveIndex
                0x0000452e       0x9c VisualGDB/Debug/i2c_17xx_40xx.o
 *fill*         0x000045ca        0x2 
 .text.handleMasterXferState
                0x000045cc      0x284 VisualGDB/Debug/i2c_17xx_40xx.o
                0x000045cc                handleMasterXferState
 .text.getSlaveIndex
                0x00004850       0xb0 VisualGDB/Debug/i2c_17xx_40xx.o
                0x00004850                getSlaveIndex
 .text.handleSlaveXferState
                0x00004900      0x2b8 VisualGDB/Debug/i2c_17xx_40xx.o
                0x00004900                handleSlaveXferState
 .text.Chip_I2C_EventHandler
                0x00004bb8       0x4c VisualGDB/Debug/i2c_17xx_40xx.o
                0x00004bb8                Chip_I2C_EventHandler
 .text.Chip_I2C_EventHandlerPolling
                0x00004c04       0x60 VisualGDB/Debug/i2c_17xx_40xx.o
                0x00004c04                Chip_I2C_EventHandlerPolling
 .text.Chip_I2C_Init
                0x00004c64       0x34 VisualGDB/Debug/i2c_17xx_40xx.o
                0x00004c64                Chip_I2C_Init
 .text.Chip_I2C_DeInit
                0x00004c98       0x34 VisualGDB/Debug/i2c_17xx_40xx.o
                0x00004c98                Chip_I2C_DeInit
 .text.Chip_I2C_SetClockRate
                0x00004ccc       0x68 VisualGDB/Debug/i2c_17xx_40xx.o
                0x00004ccc                Chip_I2C_SetClockRate
 .text.Chip_I2C_GetClockRate
                0x00004d34       0x48 VisualGDB/Debug/i2c_17xx_40xx.o
                0x00004d34                Chip_I2C_GetClockRate
 .text.Chip_I2C_SetMasterEventHandler
                0x00004d7c       0x48 VisualGDB/Debug/i2c_17xx_40xx.o
                0x00004d7c                Chip_I2C_SetMasterEventHandler
 .text.Chip_I2C_GetMasterEventHandler
                0x00004dc4       0x2c VisualGDB/Debug/i2c_17xx_40xx.o
                0x00004dc4                Chip_I2C_GetMasterEventHandler
 .text.Chip_I2C_MasterTransfer
                0x00004df0       0x9c VisualGDB/Debug/i2c_17xx_40xx.o
                0x00004df0                Chip_I2C_MasterTransfer
 .text.Chip_I2C_MasterSend
                0x00004e8c       0x58 VisualGDB/Debug/i2c_17xx_40xx.o
                0x00004e8c                Chip_I2C_MasterSend
 .text.Chip_I2C_MasterCmdRead
                0x00004ee4       0x5e VisualGDB/Debug/i2c_17xx_40xx.o
                0x00004ee4                Chip_I2C_MasterCmdRead
 .text.Chip_I2C_MasterRead
                0x00004f42       0x54 VisualGDB/Debug/i2c_17xx_40xx.o
                0x00004f42                Chip_I2C_MasterRead
 *fill*         0x00004f96        0x2 
 .text.Chip_I2C_IsMasterActive
                0x00004f98       0x30 VisualGDB/Debug/i2c_17xx_40xx.o
                0x00004f98                Chip_I2C_IsMasterActive
 .text.Chip_I2C_MasterStateHandler
                0x00004fc8       0x60 VisualGDB/Debug/i2c_17xx_40xx.o
                0x00004fc8                Chip_I2C_MasterStateHandler
 .text.Chip_I2C_SlaveSetup
                0x00005028       0x9c VisualGDB/Debug/i2c_17xx_40xx.o
                0x00005028                Chip_I2C_SlaveSetup
 .text.Chip_I2C_SlaveStateHandler
                0x000050c4       0xc0 VisualGDB/Debug/i2c_17xx_40xx.o
                0x000050c4                Chip_I2C_SlaveStateHandler
 .text.Chip_I2C_Disable
                0x00005184       0x2c VisualGDB/Debug/i2c_17xx_40xx.o
                0x00005184                Chip_I2C_Disable
 .text.Chip_I2C_IsStateChanged
                0x000051b0       0x38 VisualGDB/Debug/i2c_17xx_40xx.o
                0x000051b0                Chip_I2C_IsStateChanged
 .text.getClkDiv
                0x000051e8      0x302 VisualGDB/Debug/i2s_17xx_40xx.o
 .text.Chip_I2S_Init
                0x000054ea       0x16 VisualGDB/Debug/i2s_17xx_40xx.o
                0x000054ea                Chip_I2S_Init
 .text.Chip_I2S_DeInit
                0x00005500       0x44 VisualGDB/Debug/i2s_17xx_40xx.o
                0x00005500                Chip_I2S_DeInit
 .text.Chip_I2S_TxConfig
                0x00005544       0xb4 VisualGDB/Debug/i2s_17xx_40xx.o
                0x00005544                Chip_I2S_TxConfig
 .text.Chip_I2S_RxConfig
                0x000055f8       0xb4 VisualGDB/Debug/i2s_17xx_40xx.o
                0x000055f8                Chip_I2S_RxConfig
 .text.Chip_I2S_Int_TxCmd
                0x000056ac       0x5c VisualGDB/Debug/i2s_17xx_40xx.o
                0x000056ac                Chip_I2S_Int_TxCmd
 .text.Chip_I2S_Int_RxCmd
                0x00005708       0x5c VisualGDB/Debug/i2s_17xx_40xx.o
                0x00005708                Chip_I2S_Int_RxCmd
 .text.Chip_I2S_DMA_TxCmd
                0x00005764       0xa0 VisualGDB/Debug/i2s_17xx_40xx.o
                0x00005764                Chip_I2S_DMA_TxCmd
 .text.Chip_I2S_DMA_RxCmd
                0x00005804       0xa0 VisualGDB/Debug/i2s_17xx_40xx.o
                0x00005804                Chip_I2S_DMA_RxCmd
 .text.Chip_IOCON_PinMuxSet
                0x000058a4       0x36 VisualGDB/Debug/iocon_17xx_40xx.o
                0x000058a4                Chip_IOCON_PinMuxSet
 .text.Chip_IOCON_PinMux
                0x000058da       0x94 VisualGDB/Debug/iocon_17xx_40xx.o
                0x000058da                Chip_IOCON_PinMux
 .text.Chip_IOCON_SetPinMuxing
                0x0000596e       0x64 VisualGDB/Debug/iocon_17xx_40xx.o
                0x0000596e                Chip_IOCON_SetPinMuxing
 *fill*         0x000059d2        0x2 
 .text.Chip_PMU_SleepState
                0x000059d4       0x34 VisualGDB/Debug/pmu_17xx_40xx.o
                0x000059d4                Chip_PMU_SleepState
 .text.Chip_PMU_DeepSleepState
                0x00005a08       0x34 VisualGDB/Debug/pmu_17xx_40xx.o
                0x00005a08                Chip_PMU_DeepSleepState
 .text.Chip_PMU_PowerDownState
                0x00005a3c       0x38 VisualGDB/Debug/pmu_17xx_40xx.o
                0x00005a3c                Chip_PMU_PowerDownState
 .text.Chip_PMU_DeepPowerDownState
                0x00005a74       0x34 VisualGDB/Debug/pmu_17xx_40xx.o
                0x00005a74                Chip_PMU_DeepPowerDownState
 .text.Chip_PMU_Sleep
                0x00005aa8       0x44 VisualGDB/Debug/pmu_17xx_40xx.o
                0x00005aa8                Chip_PMU_Sleep
 .text.Chip_RIT_SetCOMPVAL
                0x00005aec       0x1a VisualGDB/Debug/ritimer_17xx_40xx.o
 .text.Chip_RIT_EnableCTRL
                0x00005b06       0x20 VisualGDB/Debug/ritimer_17xx_40xx.o
 .text.Chip_RIT_Init
                0x00005b26       0x30 VisualGDB/Debug/ritimer_17xx_40xx.o
                0x00005b26                Chip_RIT_Init
 .text.Chip_RIT_DeInit
                0x00005b56       0x1c VisualGDB/Debug/ritimer_17xx_40xx.o
                0x00005b56                Chip_RIT_DeInit
 *fill*         0x00005b72        0x2 
 .text.Chip_RIT_SetTimerInterval
                0x00005b74       0x40 VisualGDB/Debug/ritimer_17xx_40xx.o
                0x00005b74                Chip_RIT_SetTimerInterval
 .text.Chip_RIT_GetIntStatus
                0x00005bb4       0x28 VisualGDB/Debug/ritimer_17xx_40xx.o
                0x00005bb4                Chip_RIT_GetIntStatus
 .text.Chip_RTC_Init
                0x00005bdc       0x4e VisualGDB/Debug/rtc_17xx_40xx.o
                0x00005bdc                Chip_RTC_Init
 .text.Chip_RTC_DeInit
                0x00005c2a       0x1c VisualGDB/Debug/rtc_17xx_40xx.o
                0x00005c2a                Chip_RTC_DeInit
 .text.Chip_RTC_ResetClockTickCounter
                0x00005c46       0x44 VisualGDB/Debug/rtc_17xx_40xx.o
                0x00005c46                Chip_RTC_ResetClockTickCounter
 .text.Chip_RTC_Enable
                0x00005c8a       0x42 VisualGDB/Debug/rtc_17xx_40xx.o
                0x00005c8a                Chip_RTC_Enable
 .text.Chip_RTC_CntIncrIntConfig
                0x00005ccc       0x4a VisualGDB/Debug/rtc_17xx_40xx.o
                0x00005ccc                Chip_RTC_CntIncrIntConfig
 .text.Chip_RTC_AlarmIntConfig
                0x00005d16       0x4a VisualGDB/Debug/rtc_17xx_40xx.o
                0x00005d16                Chip_RTC_AlarmIntConfig
 .text.Chip_RTC_SetFullTime
                0x00005d60       0x58 VisualGDB/Debug/rtc_17xx_40xx.o
                0x00005d60                Chip_RTC_SetFullTime
 .text.Chip_RTC_GetFullTime
                0x00005db8       0x58 VisualGDB/Debug/rtc_17xx_40xx.o
                0x00005db8                Chip_RTC_GetFullTime
 .text.Chip_RTC_SetFullAlarmTime
                0x00005e10       0x3a VisualGDB/Debug/rtc_17xx_40xx.o
                0x00005e10                Chip_RTC_SetFullAlarmTime
 .text.Chip_RTC_GetFullAlarmTime
                0x00005e4a       0x3a VisualGDB/Debug/rtc_17xx_40xx.o
                0x00005e4a                Chip_RTC_GetFullAlarmTime
 .text.Chip_RTC_CalibCounterCmd
                0x00005e84       0x42 VisualGDB/Debug/rtc_17xx_40xx.o
                0x00005e84                Chip_RTC_CalibCounterCmd
 .text.Chip_SPI_GetStatus
                0x00005ec6       0x16 VisualGDB/Debug/spi_17xx_40xx.o
 .text.Chip_SPI_SendFrame
                0x00005edc       0x1c VisualGDB/Debug/spi_17xx_40xx.o
 .text.Chip_SPI_ReceiveFrame
                0x00005ef8       0x18 VisualGDB/Debug/spi_17xx_40xx.o
 .text.Chip_SPI_SetClockCounter
                0x00005f10       0x1a VisualGDB/Debug/spi_17xx_40xx.o
 .text.Chip_SPI_GetDataSize
                0x00005f2a       0x30 VisualGDB/Debug/spi_17xx_40xx.o
 .text.Chip_SPI_SetMode
                0x00005f5a       0x26 VisualGDB/Debug/spi_17xx_40xx.o
 .text.Chip_SPI_Int_ClearStatus
                0x00005f80       0x1a VisualGDB/Debug/spi_17xx_40xx.o
 .text.executeCallback
                0x00005f9a       0x1c VisualGDB/Debug/spi_17xx_40xx.o
 .text.writeData
                0x00005fb6       0x5c VisualGDB/Debug/spi_17xx_40xx.o
 .text.readData
                0x00006012       0x56 VisualGDB/Debug/spi_17xx_40xx.o
 .text.Chip_SPI_RWFrames_Blocking
                0x00006068       0xbc VisualGDB/Debug/spi_17xx_40xx.o
                0x00006068                Chip_SPI_RWFrames_Blocking
 .text.Chip_SPI_Int_FlushData
                0x00006124       0x28 VisualGDB/Debug/spi_17xx_40xx.o
                0x00006124                Chip_SPI_Int_FlushData
 .text.Chip_SPI_Int_RWFrames
                0x0000614c       0xa6 VisualGDB/Debug/spi_17xx_40xx.o
                0x0000614c                Chip_SPI_Int_RWFrames
 .text.Chip_SPI_Int_RWFrames8Bits
                0x000061f2       0x1e VisualGDB/Debug/spi_17xx_40xx.o
                0x000061f2                Chip_SPI_Int_RWFrames8Bits
 .text.Chip_SPI_Int_RWFrames16Bits
                0x00006210       0x1e VisualGDB/Debug/spi_17xx_40xx.o
                0x00006210                Chip_SPI_Int_RWFrames16Bits
 .text.Chip_SPI_SetBitRate
                0x0000622e       0x4a VisualGDB/Debug/spi_17xx_40xx.o
                0x0000622e                Chip_SPI_SetBitRate
 .text.Chip_SPI_Init
                0x00006278       0x44 VisualGDB/Debug/spi_17xx_40xx.o
                0x00006278                Chip_SPI_Init
 .text.Chip_SPI_DeInit
                0x000062bc       0x16 VisualGDB/Debug/spi_17xx_40xx.o
                0x000062bc                Chip_SPI_DeInit
 .text.Chip_SSP_Disable
                0x000062d2       0x1e VisualGDB/Debug/ssp_17xx_40xx.o
 .text.Chip_SSP_GetStatus
                0x000062f0       0x28 VisualGDB/Debug/ssp_17xx_40xx.o
 .text.Chip_SSP_GetRawIntStatus
                0x00006318       0x28 VisualGDB/Debug/ssp_17xx_40xx.o
 .text.Chip_SSP_GetDataSize
                0x00006340       0x1e VisualGDB/Debug/ssp_17xx_40xx.o
 .text.Chip_SSP_ClearIntPending
                0x0000635e       0x1c VisualGDB/Debug/ssp_17xx_40xx.o
 .text.Chip_SSP_ReceiveFrame
                0x0000637a       0x18 VisualGDB/Debug/ssp_17xx_40xx.o
 .text.Chip_SSP_SendFrame
                0x00006392       0x1c VisualGDB/Debug/ssp_17xx_40xx.o
 .text.Chip_SSP_SetFormat
                0x000063ae       0x30 VisualGDB/Debug/ssp_17xx_40xx.o
 .text.Chip_SSP_Set_Mode
                0x000063de       0x24 VisualGDB/Debug/ssp_17xx_40xx.o
 .text.SSP_Write2BFifo
                0x00006402       0x46 VisualGDB/Debug/ssp_17xx_40xx.o
 .text.SSP_Write1BFifo
                0x00006448       0x46 VisualGDB/Debug/ssp_17xx_40xx.o
 .text.SSP_Read2BFifo
                0x0000648e       0x5c VisualGDB/Debug/ssp_17xx_40xx.o
 .text.SSP_Read1BFifo
                0x000064ea       0x5c VisualGDB/Debug/ssp_17xx_40xx.o
 *fill*         0x00006546        0x2 
 .text.Chip_SSP_GetClockIndex
                0x00006548       0x2c VisualGDB/Debug/ssp_17xx_40xx.o
 .text.Chip_SSP_GetClkIndex
                0x00006574       0x2c VisualGDB/Debug/ssp_17xx_40xx.o
 .text.Chip_SSP_SetClockRate
                0x000065a0       0x34 VisualGDB/Debug/ssp_17xx_40xx.o
                0x000065a0                Chip_SSP_SetClockRate
 .text.Chip_SSP_RWFrames_Blocking
                0x000065d4      0x106 VisualGDB/Debug/ssp_17xx_40xx.o
                0x000065d4                Chip_SSP_RWFrames_Blocking
 .text.Chip_SSP_WriteFrames_Blocking
                0x000066da      0x134 VisualGDB/Debug/ssp_17xx_40xx.o
                0x000066da                Chip_SSP_WriteFrames_Blocking
 .text.Chip_SSP_ReadFrames_Blocking
                0x0000680e      0x144 VisualGDB/Debug/ssp_17xx_40xx.o
                0x0000680e                Chip_SSP_ReadFrames_Blocking
 .text.Chip_SSP_Int_FlushData
                0x00006952       0x4c VisualGDB/Debug/ssp_17xx_40xx.o
                0x00006952                Chip_SSP_Int_FlushData
 .text.Chip_SSP_Int_RWFrames8Bits
                0x0000699e       0x88 VisualGDB/Debug/ssp_17xx_40xx.o
                0x0000699e                Chip_SSP_Int_RWFrames8Bits
 .text.Chip_SSP_Int_RWFrames16Bits
                0x00006a26       0x88 VisualGDB/Debug/ssp_17xx_40xx.o
                0x00006a26                Chip_SSP_Int_RWFrames16Bits
 .text.Chip_SSP_SetMaster
                0x00006aae       0x2c VisualGDB/Debug/ssp_17xx_40xx.o
                0x00006aae                Chip_SSP_SetMaster
 .text.Chip_SSP_SetBitRate
                0x00006ada       0x74 VisualGDB/Debug/ssp_17xx_40xx.o
                0x00006ada                Chip_SSP_SetBitRate
 *fill*         0x00006b4e        0x2 
 .text.Chip_SSP_Init
                0x00006b50       0x40 VisualGDB/Debug/ssp_17xx_40xx.o
                0x00006b50                Chip_SSP_Init
 .text.Chip_SSP_DeInit
                0x00006b90       0x24 VisualGDB/Debug/ssp_17xx_40xx.o
                0x00006b90                Chip_SSP_DeInit
 .text.Chip_TIMER_Enable
                0x00006bb4       0x1e VisualGDB/Debug/stopwatch_17xx_40xx.o
 .text.Chip_TIMER_ReadCount
                0x00006bd2       0x16 VisualGDB/Debug/stopwatch_17xx_40xx.o
 .text.Chip_TIMER_PrescaleSet
                0x00006be8       0x1a VisualGDB/Debug/stopwatch_17xx_40xx.o
 *fill*         0x00006c02        0x2 
 .text.StopWatch_Init
                0x00006c04       0x74 VisualGDB/Debug/stopwatch_17xx_40xx.o
                0x00006c04                StopWatch_Init
 .text.StopWatch_Start
                0x00006c78       0x14 VisualGDB/Debug/stopwatch_17xx_40xx.o
                0x00006c78                StopWatch_Start
 .text.StopWatch_TicksPerSecond
                0x00006c8c       0x14 VisualGDB/Debug/stopwatch_17xx_40xx.o
                0x00006c8c                StopWatch_TicksPerSecond
 .text.StopWatch_TicksToMs
                0x00006ca0       0x20 VisualGDB/Debug/stopwatch_17xx_40xx.o
                0x00006ca0                StopWatch_TicksToMs
 .text.StopWatch_TicksToUs
                0x00006cc0       0x20 VisualGDB/Debug/stopwatch_17xx_40xx.o
                0x00006cc0                StopWatch_TicksToUs
 .text.StopWatch_MsToTicks
                0x00006ce0       0x20 VisualGDB/Debug/stopwatch_17xx_40xx.o
                0x00006ce0                StopWatch_MsToTicks
 .text.StopWatch_UsToTicks
                0x00006d00       0x20 VisualGDB/Debug/stopwatch_17xx_40xx.o
                0x00006d00                StopWatch_UsToTicks
 .text.Chip_SYSCTL_GetClrSleepFlags
                0x00006d20       0x2c VisualGDB/Debug/sysctl_17xx_40xx.o
                0x00006d20                Chip_SYSCTL_GetClrSleepFlags
 .text.Chip_Clock_IsMainPLLEnabled
                0x00006d4c       0x24 VisualGDB/Debug/sysinit_17xx_40xx.o
 .text.Chip_Clock_IsMainPLLLocked
                0x00006d70       0x24 VisualGDB/Debug/sysinit_17xx_40xx.o
 .text.Chip_Clock_IsMainPLLConnected
                0x00006d94       0x24 VisualGDB/Debug/sysinit_17xx_40xx.o
 .text.Chip_Clock_EnableCrystal
                0x00006db8       0x20 VisualGDB/Debug/sysinit_17xx_40xx.o
 .text.Chip_Clock_IsCrystalEnabled
                0x00006dd8       0x24 VisualGDB/Debug/sysinit_17xx_40xx.o
 .text.Chip_Clock_SetMainPLLSource
                0x00006dfc       0x20 VisualGDB/Debug/sysinit_17xx_40xx.o
 .text.Chip_SetupIrcClocking
                0x00006e1c       0x6a VisualGDB/Debug/sysinit_17xx_40xx.o
                0x00006e1c                Chip_SetupIrcClocking
 .text.Chip_SetupXtalClocking
                0x00006e86       0x90 VisualGDB/Debug/sysinit_17xx_40xx.o
                0x00006e86                Chip_SetupXtalClocking
 .text.Chip_SystemInit
                0x00006f16        0xc VisualGDB/Debug/sysinit_17xx_40xx.o
                0x00006f16                Chip_SystemInit
 *fill*         0x00006f22        0x2 
 .text.Chip_Timer_GetClockIndex
                0x00006f24       0x50 VisualGDB/Debug/timer_17xx_40xx.o
 .text.Chip_TIMER_Init
                0x00006f74       0x1e VisualGDB/Debug/timer_17xx_40xx.o
                0x00006f74                Chip_TIMER_Init
 .text.Chip_TIMER_DeInit
                0x00006f92       0x1e VisualGDB/Debug/timer_17xx_40xx.o
                0x00006f92                Chip_TIMER_DeInit
 .text.Chip_TIMER_Reset
                0x00006fb0       0x3a VisualGDB/Debug/timer_17xx_40xx.o
                0x00006fb0                Chip_TIMER_Reset
 .text.Chip_TIMER_ExtMatchControlSet
                0x00006fea       0x70 VisualGDB/Debug/timer_17xx_40xx.o
                0x00006fea                Chip_TIMER_ExtMatchControlSet
 .text.RingBuffer_IsEmpty
                0x0000705a       0x28 VisualGDB/Debug/uart_17xx_40xx.o
 .text.Chip_UART_SendByte
                0x00007082       0x1c VisualGDB/Debug/uart_17xx_40xx.o
 .text.Chip_UART_ReadByte
                0x0000709e       0x18 VisualGDB/Debug/uart_17xx_40xx.o
 .text.Chip_UART_IntEnable
                0x000070b6       0x20 VisualGDB/Debug/uart_17xx_40xx.o
 .text.Chip_UART_IntDisable
                0x000070d6       0x22 VisualGDB/Debug/uart_17xx_40xx.o
 .text.Chip_UART_ReadIntIDReg
                0x000070f8       0x16 VisualGDB/Debug/uart_17xx_40xx.o
 .text.Chip_UART_SetupFIFOS
                0x0000710e       0x1a VisualGDB/Debug/uart_17xx_40xx.o
 .text.Chip_UART_ConfigData
                0x00007128       0x1a VisualGDB/Debug/uart_17xx_40xx.o
 .text.Chip_UART_EnableDivisorAccess
                0x00007142       0x1e VisualGDB/Debug/uart_17xx_40xx.o
 .text.Chip_UART_DisableDivisorAccess
                0x00007160       0x1e VisualGDB/Debug/uart_17xx_40xx.o
 .text.Chip_UART_SetDivisorLatches
                0x0000717e       0x26 VisualGDB/Debug/uart_17xx_40xx.o
 .text.Chip_UART_ReadLineStatus
                0x000071a4       0x16 VisualGDB/Debug/uart_17xx_40xx.o
 .text.Chip_UART_SetAutoBaudReg
                0x000071ba       0x20 VisualGDB/Debug/uart_17xx_40xx.o
 *fill*         0x000071da        0x2 
 .text.Chip_UART_GetClockIndex
                0x000071dc       0x50 VisualGDB/Debug/uart_17xx_40xx.o
 .text.Chip_UART_ABIntHandler
                0x0000722c       0x6c VisualGDB/Debug/uart_17xx_40xx.o
 .text.Chip_UART_GetClkIndex
                0x00007298       0x50 VisualGDB/Debug/uart_17xx_40xx.o
 .text.Chip_UART_Init
                0x000072e8       0x78 VisualGDB/Debug/uart_17xx_40xx.o
                0x000072e8                Chip_UART_Init
 .text.Chip_UART_DeInit
                0x00007360       0x24 VisualGDB/Debug/uart_17xx_40xx.o
                0x00007360                Chip_UART_DeInit
 .text.Chip_UART_TXEnable
                0x00007384       0x18 VisualGDB/Debug/uart_17xx_40xx.o
                0x00007384                Chip_UART_TXEnable
 .text.Chip_UART_TXDisable
                0x0000739c       0x18 VisualGDB/Debug/uart_17xx_40xx.o
                0x0000739c                Chip_UART_TXDisable
 .text.Chip_UART_Send
                0x000073b4       0x50 VisualGDB/Debug/uart_17xx_40xx.o
                0x000073b4                Chip_UART_Send
 .text.Chip_UART_CheckBusy
                0x00007404       0x24 VisualGDB/Debug/uart_17xx_40xx.o
                0x00007404                Chip_UART_CheckBusy
 .text.Chip_UART_SendBlocking
                0x00007428       0x4a VisualGDB/Debug/uart_17xx_40xx.o
                0x00007428                Chip_UART_SendBlocking
 .text.Chip_UART_Read
                0x00007472       0x52 VisualGDB/Debug/uart_17xx_40xx.o
                0x00007472                Chip_UART_Read
 .text.Chip_UART_ReadBlocking
                0x000074c4       0x4c VisualGDB/Debug/uart_17xx_40xx.o
                0x000074c4                Chip_UART_ReadBlocking
 .text.Chip_UART_SetBaud
                0x00007510       0x62 VisualGDB/Debug/uart_17xx_40xx.o
                0x00007510                Chip_UART_SetBaud
 .text.Chip_UART_RXIntHandlerRB
                0x00007572       0x3c VisualGDB/Debug/uart_17xx_40xx.o
                0x00007572                Chip_UART_RXIntHandlerRB
 .text.Chip_UART_TXIntHandlerRB
                0x000075ae       0x40 VisualGDB/Debug/uart_17xx_40xx.o
                0x000075ae                Chip_UART_TXIntHandlerRB
 .text.Chip_UART_SendRB
                0x000075ee       0x60 VisualGDB/Debug/uart_17xx_40xx.o
                0x000075ee                Chip_UART_SendRB
 .text.Chip_UART_ReadRB
                0x0000764e       0x22 VisualGDB/Debug/uart_17xx_40xx.o
                0x0000764e                Chip_UART_ReadRB
 .text.Chip_UART_IRQRBHandler
                0x00007670       0x4a VisualGDB/Debug/uart_17xx_40xx.o
                0x00007670                Chip_UART_IRQRBHandler
 .text.Chip_UART_SetBaudFDR
                0x000076ba      0x21c VisualGDB/Debug/uart_17xx_40xx.o
                0x000076ba                Chip_UART_SetBaudFDR
 *fill*         0x000078d6        0x2 
 .text.Chip_UART_GetABEOStatus
                0x000078d8       0x1c VisualGDB/Debug/uart_17xx_40xx.o
                0x000078d8                Chip_UART_GetABEOStatus
 .text.Chip_UART_ABCmd
                0x000078f4       0x80 VisualGDB/Debug/uart_17xx_40xx.o
                0x000078f4                Chip_UART_ABCmd
 .text.Chip_WWDT_Init
                0x00007974       0x1e VisualGDB/Debug/wwdt_17xx_40xx.o
                0x00007974                Chip_WWDT_Init
 .text.Chip_WWDT_ClearStatusFlag
                0x00007992       0x40 VisualGDB/Debug/wwdt_17xx_40xx.o
                0x00007992                Chip_WWDT_ClearStatusFlag
 *fill*         0x000079d2        0x2 
 .text.iap_entry
                0x000079d4       0x20 VisualGDB/Debug/eeprom.o
 .text.Chip_EEPROM_Write
                0x000079f4       0x50 VisualGDB/Debug/eeprom.o
                0x000079f4                Chip_EEPROM_Write
 .text.Chip_EEPROM_Read
                0x00007a44       0x50 VisualGDB/Debug/eeprom.o
                0x00007a44                Chip_EEPROM_Read
 .text.iap_entry
                0x00007a94       0x20 VisualGDB/Debug/iap.o
 .text.Chip_IAP_PreSectorForReadWrite
                0x00007ab4       0x32 VisualGDB/Debug/iap.o
                0x00007ab4                Chip_IAP_PreSectorForReadWrite
 *fill*         0x00007ae6        0x2 
 .text.Chip_IAP_CopyRamToFlash
                0x00007ae8       0x50 VisualGDB/Debug/iap.o
                0x00007ae8                Chip_IAP_CopyRamToFlash
 .text.Chip_IAP_EraseSector
                0x00007b38       0x48 VisualGDB/Debug/iap.o
                0x00007b38                Chip_IAP_EraseSector
 .text.Chip_IAP_BlankCheckSector
                0x00007b80       0x32 VisualGDB/Debug/iap.o
                0x00007b80                Chip_IAP_BlankCheckSector
 .text.Chip_IAP_ReadPID
                0x00007bb2       0x22 VisualGDB/Debug/iap.o
                0x00007bb2                Chip_IAP_ReadPID
 .text.Chip_IAP_ReadBootCode
                0x00007bd4       0x24 VisualGDB/Debug/iap.o
                0x00007bd4                Chip_IAP_ReadBootCode
 .text.Chip_IAP_Compare
                0x00007bf8       0x38 VisualGDB/Debug/iap.o
                0x00007bf8                Chip_IAP_Compare
 .text.Chip_IAP_ReinvokeISP
                0x00007c30       0x24 VisualGDB/Debug/iap.o
                0x00007c30                Chip_IAP_ReinvokeISP
 .text.Chip_IAP_ReadUID
                0x00007c54       0x22 VisualGDB/Debug/iap.o
                0x00007c54                Chip_IAP_ReadUID
 *fill*         0x00007c76        0x2 
 .text.Chip_IAP_ErasePage
                0x00007c78       0x48 VisualGDB/Debug/iap.o
                0x00007c78                Chip_IAP_ErasePage
 .text.RingBuffer_GetCount
                0x00007cc0       0x20 VisualGDB/Debug/ring_buffer.o
 .text.RingBuffer_GetFree
                0x00007ce0       0x1e VisualGDB/Debug/ring_buffer.o
 .text.RingBuffer_IsFull
                0x00007cfe       0x26 VisualGDB/Debug/ring_buffer.o
 .text.RingBuffer_IsEmpty
                0x00007d24       0x28 VisualGDB/Debug/ring_buffer.o
 .text.RingBuffer_Init
                0x00007d4c       0x3a VisualGDB/Debug/ring_buffer.o
                0x00007d4c                RingBuffer_Init
 .text.RingBuffer_Insert
                0x00007d86       0x5c VisualGDB/Debug/ring_buffer.o
                0x00007d86                RingBuffer_Insert
 .text.RingBuffer_InsertMult
                0x00007de2      0x122 VisualGDB/Debug/ring_buffer.o
                0x00007de2                RingBuffer_InsertMult
 .text.RingBuffer_Pop
                0x00007f04       0x5c VisualGDB/Debug/ring_buffer.o
                0x00007f04                RingBuffer_Pop
 .text.RingBuffer_PopMult
                0x00007f60      0x122 VisualGDB/Debug/ring_buffer.o
                0x00007f60                RingBuffer_PopMult
 .text.SystemInit
                0x00008082        0xc VisualGDB/Debug/startup.o
                0x00008082                SystemInit
 *fill*         0x0000808e        0x2 
 .text.Reset_Handler
                0x00008090       0x48 VisualGDB/Debug/ORIGINAL_cr_startup_lpc175x_6x.o
                0x00008090                Reset_Handler
 .text.Default_Handler
                0x000080d8        0x2 VisualGDB/Debug/ORIGINAL_cr_startup_lpc175x_6x.o
                0x000080d8                TIMER2_IRQHandler
                0x000080d8                DebugMon_Handler
                0x000080d8                RIT_IRQHandler
                0x000080d8                I2C0_IRQHandler
                0x000080d8                HardFault_Handler
                0x000080d8                USBActivity_IRQHandler
                0x000080d8                PWM1_IRQHandler
                0x000080d8                PendSV_Handler
                0x000080d8                NMI_Handler
                0x000080d8                I2C1_IRQHandler
                0x000080d8                EINT2_IRQHandler
                0x000080d8                UART1_IRQHandler
                0x000080d8                EINT3_IRQHandler
                0x000080d8                CANActivity_IRQHandler
                0x000080d8                TIMER3_IRQHandler
                0x000080d8                UART0_IRQHandler
                0x000080d8                UsageFault_Handler
                0x000080d8                PLL0_IRQHandler
                0x000080d8                CAN_IRQHandler
                0x000080d8                PLL1_IRQHandler
                0x000080d8                SSP0_IRQHandler
                0x000080d8                I2S_IRQHandler
                0x000080d8                I2C2_IRQHandler
                0x000080d8                RTC_IRQHandler
                0x000080d8                TIMER0_IRQHandler
                0x000080d8                SPI_IRQHandler
                0x000080d8                EINT1_IRQHandler
                0x000080d8                TIMER1_IRQHandler
                0x000080d8                UART2_IRQHandler
                0x000080d8                Default_Handler
                0x000080d8                ADC_IRQHandler
                0x000080d8                SSP1_IRQHandler
                0x000080d8                USB_IRQHandler
                0x000080d8                BOD_IRQHandler
                0x000080d8                MemManage_Handler
                0x000080d8                WDT_IRQHandler
                0x000080d8                SVC_Handler
                0x000080d8                QEI_IRQHandler
                0x000080d8                EINT0_IRQHandler
                0x000080d8                DMA_IRQHandler
                0x000080d8                BusFault_Handler
                0x000080d8                UART3_IRQHandler
                0x000080d8                MCPWM_IRQHandler
                0x000080d8                ENET_IRQHandler
 .text.Chip_IOCON_Init
                0x000080da       0x16 VisualGDB/Debug/board.o
 .text.Chip_IOCON_EnableOD
                0x000080f0       0x38 VisualGDB/Debug/board.o
 .text.Chip_IOCON_SetI2CPad
                0x00008128       0x1c VisualGDB/Debug/board.o
 .text.Chip_GPIO_Init
                0x00008144       0x16 VisualGDB/Debug/board.o
 .text.Chip_GPIO_SetPinState
                0x0000815a       0x64 VisualGDB/Debug/board.o
 .text.Chip_GPIO_WritePortBit
                0x000081be       0x2c VisualGDB/Debug/board.o
 .text.Chip_GPIO_GetPinState
                0x000081ea       0x38 VisualGDB/Debug/board.o
 .text.Chip_GPIO_ReadPortBit
                0x00008222       0x26 VisualGDB/Debug/board.o
 .text.Chip_GPIO_SetPinDIROutput
                0x00008248       0x36 VisualGDB/Debug/board.o
 .text.Chip_GPIO_SetPinDIRInput
                0x0000827e       0x3a VisualGDB/Debug/board.o
 .text.Chip_GPIO_SetPinDIR
                0x000082b8       0x42 VisualGDB/Debug/board.o
 .text.Chip_GPIO_WriteDirBit
                0x000082fa       0x2e VisualGDB/Debug/board.o
 .text.Chip_UART_SendByte
                0x00008328       0x1c VisualGDB/Debug/board.o
 .text.Chip_UART_ReadByte
                0x00008344       0x18 VisualGDB/Debug/board.o
 .text.Chip_UART_ConfigData
                0x0000835c       0x1a VisualGDB/Debug/board.o
 .text.Chip_UART_ReadLineStatus
                0x00008376       0x16 VisualGDB/Debug/board.o
 .text.__write  0x0000838c       0x38 VisualGDB/Debug/board.o
                0x0000838c                __write
 .text.__readc  0x000083c4       0x18 VisualGDB/Debug/board.o
                0x000083c4                __readc
 .text.Board_LED_Init
                0x000083dc       0x18 VisualGDB/Debug/board.o
 .text.Board_UART_Init
                0x000083f4       0x12 VisualGDB/Debug/board.o
                0x000083f4                Board_UART_Init
 *fill*         0x00008406        0x2 
 .text.Board_Debug_Init
                0x00008408       0x30 VisualGDB/Debug/board.o
                0x00008408                Board_Debug_Init
 .text.Board_UARTPutChar
                0x00008438       0x34 VisualGDB/Debug/board.o
                0x00008438                Board_UARTPutChar
 .text.Board_UARTGetChar
                0x0000846c       0x2c VisualGDB/Debug/board.o
                0x0000846c                Board_UARTGetChar
 .text.Board_UARTPutSTR
                0x00008498       0x2a VisualGDB/Debug/board.o
                0x00008498                Board_UARTPutSTR
 *fill*         0x000084c2        0x2 
 .text.Board_LED_Set
                0x000084c4       0x30 VisualGDB/Debug/board.o
                0x000084c4                Board_LED_Set
 .text.Board_LED_Test
                0x000084f4       0x30 VisualGDB/Debug/board.o
                0x000084f4                Board_LED_Test
 .text.Board_LED_Toggle
                0x00008524       0x42 VisualGDB/Debug/board.o
                0x00008524                Board_LED_Toggle
 *fill*         0x00008566        0x2 
 .text.Board_Init
                0x00008568       0x24 VisualGDB/Debug/board.o
                0x00008568                Board_Init
 .text.Board_ENET_GetMacADDR
                0x0000858c       0x38 VisualGDB/Debug/board.o
                0x0000858c                Board_ENET_GetMacADDR
 .text.Board_SSP_Init
                0x000085c4       0xa4 VisualGDB/Debug/board.o
                0x000085c4                Board_SSP_Init
 .text.Board_SPI_Init
                0x00008668       0x84 VisualGDB/Debug/board.o
                0x00008668                Board_SPI_Init
 .text.Board_SPI_AssertSSEL
                0x000086ec       0x18 VisualGDB/Debug/board.o
                0x000086ec                Board_SPI_AssertSSEL
 .text.Board_SPI_DeassertSSEL
                0x00008704       0x18 VisualGDB/Debug/board.o
                0x00008704                Board_SPI_DeassertSSEL
 .text.Board_Audio_Init
                0x0000871c       0x32 VisualGDB/Debug/board.o
                0x0000871c                Board_Audio_Init
 *fill*         0x0000874e        0x2 
 .text.Board_I2C_Init
                0x00008750       0xc0 VisualGDB/Debug/board.o
                0x00008750                Board_I2C_Init
 .text.Board_Buttons_Init
                0x00008810       0x18 VisualGDB/Debug/board.o
                0x00008810                Board_Buttons_Init
 .text.Buttons_GetStatus
                0x00008828       0x38 VisualGDB/Debug/board.o
                0x00008828                Buttons_GetStatus
 .text.Board_Joystick_Init
                0x00008860       0x48 VisualGDB/Debug/board.o
                0x00008860                Board_Joystick_Init
 .text.Joystick_GetStatus
                0x000088a8       0x64 VisualGDB/Debug/board.o
                0x000088a8                Joystick_GetStatus
 .text.Serial_CreateStream
                0x0000890c       0x12 VisualGDB/Debug/board.o
                0x0000890c                Serial_CreateStream
 *fill*         0x0000891e        0x2 
 .text.Board_USBD_Init
                0x00008920       0x54 VisualGDB/Debug/board.o
                0x00008920                Board_USBD_Init
 .text.Chip_SYSCTL_SetFLASHAccess
                0x00008974       0x30 VisualGDB/Debug/board_sysinit.o
 .text.Board_SetupMuxing
                0x000089a4       0x1c VisualGDB/Debug/board_sysinit.o
                0x000089a4                Board_SetupMuxing
 .text.Board_SetupClocking
                0x000089c0       0x12 VisualGDB/Debug/board_sysinit.o
                0x000089c0                Board_SetupClocking
 .text.Board_SystemInit
                0x000089d2       0x10 VisualGDB/Debug/board_sysinit.o
                0x000089d2                Board_SystemInit
 *fill*         0x000089e2        0x2 
 .text.NVIC_DisableIRQ
                0x000089e4       0x34 VisualGDB/Debug/lpc17xx_40xx_emac.o
 .text.Chip_ENET_SetADDR
                0x00008a18       0x4e VisualGDB/Debug/lpc17xx_40xx_emac.o
 .text.Chip_ENET_TXEnable
                0x00008a66       0x22 VisualGDB/Debug/lpc17xx_40xx_emac.o
 .text.Chip_ENET_RXEnable
                0x00008a88       0x2e VisualGDB/Debug/lpc17xx_40xx_emac.o
 .text.Chip_ENET_RXDisable
                0x00008ab6       0x2e VisualGDB/Debug/lpc17xx_40xx_emac.o
 .text.Chip_ENET_ResetRXLogic
                0x00008ae4       0x1e VisualGDB/Debug/lpc17xx_40xx_emac.o
 .text.Chip_ENET_EnableRXFilter
                0x00008b02       0x34 VisualGDB/Debug/lpc17xx_40xx_emac.o
 .text.Chip_ENET_Set100Mbps
                0x00008b36       0x1a VisualGDB/Debug/lpc17xx_40xx_emac.o
 .text.Chip_ENET_Set10Mbps
                0x00008b50       0x18 VisualGDB/Debug/lpc17xx_40xx_emac.o
 .text.Chip_ENET_GetTXProduceIndex
                0x00008b68       0x1a VisualGDB/Debug/lpc17xx_40xx_emac.o
 .text.Chip_ENET_GetTXConsumeIndex
                0x00008b82       0x1a VisualGDB/Debug/lpc17xx_40xx_emac.o
 .text.Chip_ENET_GetRXConsumeIndex
                0x00008b9c       0x1a VisualGDB/Debug/lpc17xx_40xx_emac.o
 .text.Chip_ENET_GetFreeDescNum
                0x00008bb6       0x36 VisualGDB/Debug/lpc17xx_40xx_emac.o
 .text.Chip_ENET_IsRxEmpty
                0x00008bec       0x2c VisualGDB/Debug/lpc17xx_40xx_emac.o
 .text.Chip_ENET_EnableInt
                0x00008c18       0x24 VisualGDB/Debug/lpc17xx_40xx_emac.o
 .text.Chip_ENET_GetIntStatus
                0x00008c3c       0x18 VisualGDB/Debug/lpc17xx_40xx_emac.o
 .text.Chip_ENET_ClearIntStatus
                0x00008c54       0x1c VisualGDB/Debug/lpc17xx_40xx_emac.o
 .text.lpc_rxqueue_pbuf
                0x00008c70       0x94 VisualGDB/Debug/lpc17xx_40xx_emac.o
 .text.lpc_rx_setup
                0x00008d04       0x3e VisualGDB/Debug/lpc17xx_40xx_emac.o
 .text.lpc_low_level_input
                0x00008d42      0x178 VisualGDB/Debug/lpc17xx_40xx_emac.o
 *fill*         0x00008eba        0x2 
 .text.lpc_packet_addr_notsafe
                0x00008ebc       0x58 VisualGDB/Debug/lpc17xx_40xx_emac.o
 .text.lpc_tx_setup
                0x00008f14       0x5e VisualGDB/Debug/lpc17xx_40xx_emac.o
 .text.lpc_tx_reclaim_st
                0x00008f72       0x7e VisualGDB/Debug/lpc17xx_40xx_emac.o
 .text.lpc_low_level_output
                0x00008ff0      0x180 VisualGDB/Debug/lpc17xx_40xx_emac.o
 .text.low_level_init
                0x00009170       0xb0 VisualGDB/Debug/lpc17xx_40xx_emac.o
 .text.lpc_etharp_output
                0x00009220       0x34 VisualGDB/Debug/lpc17xx_40xx_emac.o
 .text.lpc_rx_queue
                0x00009254       0x5e VisualGDB/Debug/lpc17xx_40xx_emac.o
                0x00009254                lpc_rx_queue
 .text.lpc_enetif_input
                0x000092b2       0x64 VisualGDB/Debug/lpc17xx_40xx_emac.o
                0x000092b2                lpc_enetif_input
 .text.lpc_tx_reclaim
                0x00009316       0x26 VisualGDB/Debug/lpc17xx_40xx_emac.o
                0x00009316                lpc_tx_reclaim
 .text.lpc_tx_ready
                0x0000933c       0x3c VisualGDB/Debug/lpc17xx_40xx_emac.o
                0x0000933c                lpc_tx_ready
 .text.ETH_IRQHandler
                0x00009378        0xe VisualGDB/Debug/lpc17xx_40xx_emac.o
                0x00009378                ETH_IRQHandler
 .text.lpc_emac_set_duplex
                0x00009386       0x28 VisualGDB/Debug/lpc17xx_40xx_emac.o
                0x00009386                lpc_emac_set_duplex
 .text.lpc_emac_set_speed
                0x000093ae       0x28 VisualGDB/Debug/lpc17xx_40xx_emac.o
                0x000093ae                lpc_emac_set_speed
 *fill*         0x000093d6        0x2 
 .text.lpc_enetif_init
                0x000093d8       0x94 VisualGDB/Debug/lpc17xx_40xx_emac.o
                0x000093d8                lpc_enetif_init
 .text.NVIC_SetPriority
                0x0000946c       0x54 VisualGDB/Debug/lpc17xx_40xx_systick_arch.o
 .text.SysTick_Config
                0x000094c0       0x44 VisualGDB/Debug/lpc17xx_40xx_systick_arch.o
 .text.SysTick_Enable
                0x00009504       0x3c VisualGDB/Debug/lpc17xx_40xx_systick_arch.o
                0x00009504                SysTick_Enable
 .text.SysTick_Disable
                0x00009540       0x1c VisualGDB/Debug/lpc17xx_40xx_systick_arch.o
                0x00009540                SysTick_Disable
 .text.SysTick_Handler
                0x0000955c       0x24 VisualGDB/Debug/lpc17xx_40xx_systick_arch.o
                0x0000955c                SysTick_Handler
 .text.SysTick_GetMS
                0x00009580       0x14 VisualGDB/Debug/lpc17xx_40xx_systick_arch.o
                0x00009580                SysTick_GetMS
 .text.msDelay  0x00009594       0x30 VisualGDB/Debug/lpc17xx_40xx_systick_arch.o
                0x00009594                msDelay
 .text.sys_now  0x000095c4        0xe VisualGDB/Debug/lpc17xx_40xx_systick_arch.o
                0x000095c4                sys_now
 .text.assert_loop
                0x000095d2        0x6 VisualGDB/Debug/lpc_debug.o
                0x000095d2                assert_loop
 .text.lwip_htons
                0x000095d8       0x28 VisualGDB/Debug/def.o
                0x000095d8                lwip_htons
 .text.lwip_ntohs
                0x00009600       0x1c VisualGDB/Debug/def.o
                0x00009600                lwip_ntohs
 .text.lwip_htonl
                0x0000961c       0x30 VisualGDB/Debug/def.o
                0x0000961c                lwip_htonl
 .text.lwip_ntohl
                0x0000964c       0x18 VisualGDB/Debug/def.o
                0x0000964c                lwip_ntohl
 .text.lwip_init
                0x00009664       0x14 VisualGDB/Debug/init.o
                0x00009664                lwip_init
 .text.netif_init
                0x00009678        0xc VisualGDB/Debug/netif.o
                0x00009678                netif_init
 .text.netif_add
                0x00009684       0x8c VisualGDB/Debug/netif.o
                0x00009684                netif_add
 .text.netif_set_addr
                0x00009710       0x2e VisualGDB/Debug/netif.o
                0x00009710                netif_set_addr
 *fill*         0x0000973e        0x2 
 .text.netif_remove
                0x00009740       0x8c VisualGDB/Debug/netif.o
                0x00009740                netif_remove
 .text.netif_find
                0x000097cc       0x70 VisualGDB/Debug/netif.o
                0x000097cc                netif_find
 .text.netif_set_ipaddr
                0x0000983c       0xb0 VisualGDB/Debug/netif.o
                0x0000983c                netif_set_ipaddr
 .text.netif_set_gw
                0x000098ec       0x26 VisualGDB/Debug/netif.o
                0x000098ec                netif_set_gw
 .text.netif_set_netmask
                0x00009912       0x26 VisualGDB/Debug/netif.o
                0x00009912                netif_set_netmask
 .text.netif_set_default
                0x00009938       0x1c VisualGDB/Debug/netif.o
                0x00009938                netif_set_default
 .text.netif_set_up
                0x00009954       0x58 VisualGDB/Debug/netif.o
                0x00009954                netif_set_up
 .text.netif_set_down
                0x000099ac       0x44 VisualGDB/Debug/netif.o
                0x000099ac                netif_set_down
 .text.netif_set_link_up
                0x000099f0       0x58 VisualGDB/Debug/netif.o
                0x000099f0                netif_set_link_up
 .text.netif_set_link_down
                0x00009a48       0x32 VisualGDB/Debug/netif.o
                0x00009a48                netif_set_link_down
 *fill*         0x00009a7a        0x2 
 .text.pbuf_free_ooseq
                0x00009a7c       0x48 VisualGDB/Debug/pbuf.o
                0x00009a7c                pbuf_free_ooseq
 .text.pbuf_pool_is_empty
                0x00009ac4       0x18 VisualGDB/Debug/pbuf.o
 .text.pbuf_alloc
                0x00009adc      0x29c VisualGDB/Debug/pbuf.o
                0x00009adc                pbuf_alloc
 .text.pbuf_alloced_custom
                0x00009d78       0xb4 VisualGDB/Debug/pbuf.o
                0x00009d78                pbuf_alloced_custom
 .text.pbuf_realloc
                0x00009e2c       0xe6 VisualGDB/Debug/pbuf.o
                0x00009e2c                pbuf_realloc
 .text.pbuf_header
                0x00009f12       0xec VisualGDB/Debug/pbuf.o
                0x00009f12                pbuf_header
 .text.pbuf_free
                0x00009ffe       0xe4 VisualGDB/Debug/pbuf.o
                0x00009ffe                pbuf_free
 .text.pbuf_clen
                0x0000a0e2       0x2c VisualGDB/Debug/pbuf.o
                0x0000a0e2                pbuf_clen
 .text.pbuf_ref
                0x0000a10e       0x24 VisualGDB/Debug/pbuf.o
                0x0000a10e                pbuf_ref
 .text.pbuf_cat
                0x0000a132       0x78 VisualGDB/Debug/pbuf.o
                0x0000a132                pbuf_cat
 .text.pbuf_chain
                0x0000a1aa       0x20 VisualGDB/Debug/pbuf.o
                0x0000a1aa                pbuf_chain
 .text.pbuf_dechain
                0x0000a1ca       0x7e VisualGDB/Debug/pbuf.o
                0x0000a1ca                pbuf_dechain
 .text.pbuf_copy
                0x0000a248      0x13c VisualGDB/Debug/pbuf.o
                0x0000a248                pbuf_copy
 .text.pbuf_copy_partial
                0x0000a384       0xd0 VisualGDB/Debug/pbuf.o
                0x0000a384                pbuf_copy_partial
 .text.pbuf_take
                0x0000a454       0xbc VisualGDB/Debug/pbuf.o
                0x0000a454                pbuf_take
 .text.pbuf_coalesce
                0x0000a510       0x5a VisualGDB/Debug/pbuf.o
                0x0000a510                pbuf_coalesce
 .text.pbuf_fill_chksum
                0x0000a56a       0xbc VisualGDB/Debug/pbuf.o
                0x0000a56a                pbuf_fill_chksum
 .text.pbuf_get_at
                0x0000a626       0x5e VisualGDB/Debug/pbuf.o
                0x0000a626                pbuf_get_at
 .text.pbuf_memcmp
                0x0000a684       0xa0 VisualGDB/Debug/pbuf.o
                0x0000a684                pbuf_memcmp
 .text.pbuf_memfind
                0x0000a724       0x6c VisualGDB/Debug/pbuf.o
                0x0000a724                pbuf_memfind
 .text.pbuf_strstr
                0x0000a790       0x5a VisualGDB/Debug/pbuf.o
                0x0000a790                pbuf_strstr
 *fill*         0x0000a7ea        0x2 
 .text.raw_input
                0x0000a7ec       0xdc VisualGDB/Debug/raw.o
                0x0000a7ec                raw_input
 .text.raw_bind
                0x0000a8c8       0x28 VisualGDB/Debug/raw.o
                0x0000a8c8                raw_bind
 .text.raw_connect
                0x0000a8f0       0x28 VisualGDB/Debug/raw.o
                0x0000a8f0                raw_connect
 .text.raw_recv
                0x0000a918       0x22 VisualGDB/Debug/raw.o
                0x0000a918                raw_recv
 .text.raw_sendto
                0x0000a93a      0x10e VisualGDB/Debug/raw.o
                0x0000a93a                raw_sendto
 .text.raw_send
                0x0000aa48       0x22 VisualGDB/Debug/raw.o
                0x0000aa48                raw_send
 *fill*         0x0000aa6a        0x2 
 .text.raw_remove
                0x0000aa6c       0x60 VisualGDB/Debug/raw.o
                0x0000aa6c                raw_remove
 .text.raw_new  0x0000aacc       0x54 VisualGDB/Debug/raw.o
                0x0000aacc                raw_new
 .text.tcp_init
                0x0000ab20        0xc VisualGDB/Debug/tcp.o
                0x0000ab20                tcp_init
 .text.tcp_tmr  0x0000ab2c       0x2c VisualGDB/Debug/tcp.o
                0x0000ab2c                tcp_tmr
 .text.tcp_close_shutdown
                0x0000ab58      0x258 VisualGDB/Debug/tcp.o
 .text.tcp_close
                0x0000adb0       0x30 VisualGDB/Debug/tcp.o
                0x0000adb0                tcp_close
 .text.tcp_shutdown
                0x0000ade0       0x90 VisualGDB/Debug/tcp.o
                0x0000ade0                tcp_shutdown
 .text.tcp_abandon
                0x0000ae70       0xdc VisualGDB/Debug/tcp.o
                0x0000ae70                tcp_abandon
 .text.tcp_abort
                0x0000af4c       0x18 VisualGDB/Debug/tcp.o
                0x0000af4c                tcp_abort
 .text.tcp_bind
                0x0000af64       0xe4 VisualGDB/Debug/tcp.o
                0x0000af64                tcp_bind
 .text.tcp_accept_null
                0x0000b048       0x1c VisualGDB/Debug/tcp.o
 .text.tcp_listen_with_backlog
                0x0000b064      0x120 VisualGDB/Debug/tcp.o
                0x0000b064                tcp_listen_with_backlog
 .text.tcp_update_rcv_ann_wnd
                0x0000b184       0x84 VisualGDB/Debug/tcp.o
                0x0000b184                tcp_update_rcv_ann_wnd
 .text.tcp_recved
                0x0000b208       0x7e VisualGDB/Debug/tcp.o
                0x0000b208                tcp_recved
 *fill*         0x0000b286        0x2 
 .text.tcp_new_port
                0x0000b288       0x88 VisualGDB/Debug/tcp.o
 .text.tcp_connect
                0x0000b310      0x1c4 VisualGDB/Debug/tcp.o
                0x0000b310                tcp_connect
 .text.tcp_slowtmr
                0x0000b4d4      0x4c8 VisualGDB/Debug/tcp.o
                0x0000b4d4                tcp_slowtmr
 .text.tcp_fasttmr
                0x0000b99c       0xa4 VisualGDB/Debug/tcp.o
                0x0000b99c                tcp_fasttmr
 .text.tcp_process_refused_data
                0x0000ba40       0xce VisualGDB/Debug/tcp.o
                0x0000ba40                tcp_process_refused_data
 .text.tcp_segs_free
                0x0000bb0e       0x2a VisualGDB/Debug/tcp.o
                0x0000bb0e                tcp_segs_free
 .text.tcp_seg_free
                0x0000bb38       0x2e VisualGDB/Debug/tcp.o
                0x0000bb38                tcp_seg_free
 .text.tcp_setprio
                0x0000bb66       0x1c VisualGDB/Debug/tcp.o
                0x0000bb66                tcp_setprio
 *fill*         0x0000bb82        0x2 
 .text.tcp_seg_copy
                0x0000bb84       0x44 VisualGDB/Debug/tcp.o
                0x0000bb84                tcp_seg_copy
 .text.tcp_recv_null
                0x0000bbc8       0x44 VisualGDB/Debug/tcp.o
                0x0000bbc8                tcp_recv_null
 .text.tcp_kill_prio
                0x0000bc0c       0x80 VisualGDB/Debug/tcp.o
 .text.tcp_kill_timewait
                0x0000bc8c       0x60 VisualGDB/Debug/tcp.o
 .text.tcp_alloc
                0x0000bcec      0x12c VisualGDB/Debug/tcp.o
                0x0000bcec                tcp_alloc
 .text.tcp_new  0x0000be18       0x10 VisualGDB/Debug/tcp.o
                0x0000be18                tcp_new
 .text.tcp_arg  0x0000be28       0x1a VisualGDB/Debug/tcp.o
                0x0000be28                tcp_arg
 .text.tcp_recv
                0x0000be42       0x26 VisualGDB/Debug/tcp.o
                0x0000be42                tcp_recv
 .text.tcp_sent
                0x0000be68       0x24 VisualGDB/Debug/tcp.o
                0x0000be68                tcp_sent
 .text.tcp_err  0x0000be8c       0x26 VisualGDB/Debug/tcp.o
                0x0000be8c                tcp_err
 .text.tcp_accept
                0x0000beb2       0x1a VisualGDB/Debug/tcp.o
                0x0000beb2                tcp_accept
 .text.tcp_poll
                0x0000becc       0x32 VisualGDB/Debug/tcp.o