Archive member included to satisfy reference by file (symbol)

c:/sysgcc/arm-eabi/bin/../lib/gcc/arm-none-eabi/10.3.1/thumb/v7-m/nofp\libgcc.a(_aeabi_uldivmod.o)
                              VisualGDB/Debug/i2s_17xx_40xx.o (__aeabi_uldivmod)
c:/sysgcc/arm-eabi/bin/../lib/gcc/arm-none-eabi/10.3.1/thumb/v7-m/nofp\libgcc.a(_udivmoddi4.o)
                              c:/sysgcc/arm-eabi/bin/../lib/gcc/arm-none-eabi/10.3.1/thumb/v7-m/nofp\libgcc.a(_aeabi_uldivmod.o) (__udivmoddi4)
c:/sysgcc/arm-eabi/bin/../lib/gcc/arm-none-eabi/10.3.1/thumb/v7-m/nofp\libgcc.a(_dvmd_tls.o)
                              c:/sysgcc/arm-eabi/bin/../lib/gcc/arm-none-eabi/10.3.1/thumb/v7-m/nofp\libgcc.a(_aeabi_uldivmod.o) (__aeabi_ldiv0)
c:/sysgcc/arm-eabi/bin/../lib/gcc/arm-none-eabi/10.3.1/../../../../arm-none-eabi/lib/thumb/v7-m/nofp\libc_nano.a(lib_a-assert.o)
                              VisualGDB/Debug/portother.o (__assert_func)
c:/sysgcc/arm-eabi/bin/../lib/gcc/arm-none-eabi/10.3.1/../../../../arm-none-eabi/lib/thumb/v7-m/nofp\libc_nano.a(lib_a-exit.o)
                              c:/sysgcc/arm-eabi/bin/../lib/gcc/arm-none-eabi/10.3.1/../../../../arm-none-eabi/lib/thumb/v7-m/nofp/crt0.o (exit)
c:/sysgcc/arm-eabi/bin/../lib/gcc/arm-none-eabi/10.3.1/../../../../arm-none-eabi/lib/thumb/v7-m/nofp\libc_nano.a(lib_a-fprintf.o)
                              c:/sysgcc/arm-eabi/bin/../lib/gcc/arm-none-eabi/10.3.1/../../../../arm-none-eabi/lib/thumb/v7-m/nofp\libc_nano.a(lib_a-assert.o) (fiprintf)
c:/sysgcc/arm-eabi/bin/../lib/gcc/arm-none-eabi/10.3.1/../../../../arm-none-eabi/lib/thumb/v7-m/nofp\libc_nano.a(lib_a-impure.o)
                              c:/sysgcc/arm-eabi/bin/../lib/gcc/arm-none-eabi/10.3.1/../../../../arm-none-eabi/lib/thumb/v7-m/nofp\libc_nano.a(lib_a-exit.o) (_global_impure_ptr)
c:/sysgcc/arm-eabi/bin/../lib/gcc/arm-none-eabi/10.3.1/../../../../arm-none-eabi/lib/thumb/v7-m/nofp\libc_nano.a(lib_a-init.o)
                              c:/sysgcc/arm-eabi/bin/../lib/gcc/arm-none-eabi/10.3.1/../../../../arm-none-eabi/lib/thumb/v7-m/nofp/crt0.o (__libc_init_array)
c:/sysgcc/arm-eabi/bin/../lib/gcc/arm-none-eabi/10.3.1/../../../../arm-none-eabi/lib/thumb/v7-m/nofp\libc_nano.a(lib_a-malloc.o)
                              VisualGDB/Debug/dhcp.o (malloc)
c:/sysgcc/arm-eabi/bin/../lib/gcc/arm-none-eabi/10.3.1/../../../../arm-none-eabi/lib/thumb/v7-m/nofp\libc_nano.a(lib_a-memcmp.o)
                              VisualGDB/Debug/etharp.o (memcmp)
c:/sysgcc/arm-eabi/bin/../lib/gcc/arm-none-eabi/10.3.1/../../../../arm-none-eabi/lib/thumb/v7-m/nofp\libc_nano.a(lib_a-memcpy-stub.o)
                              VisualGDB/Debug/mbfuncother.o (memcpy)
c:/sysgcc/arm-eabi/bin/../lib/gcc/arm-none-eabi/10.3.1/../../../../arm-none-eabi/lib/thumb/v7-m/nofp\libc_nano.a(lib_a-memset.o)
                              c:/sysgcc/arm-eabi/bin/../lib/gcc/arm-none-eabi/10.3.1/../../../../arm-none-eabi/lib/thumb/v7-m/nofp/crt0.o (memset)
c:/sysgcc/arm-eabi/bin/../lib/gcc/arm-none-eabi/10.3.1/../../../../arm-none-eabi/lib/thumb/v7-m/nofp\libc_nano.a(lib_a-nano-freer.o)
                              c:/sysgcc/arm-eabi/bin/../lib/gcc/arm-none-eabi/10.3.1/../../../../arm-none-eabi/lib/thumb/v7-m/nofp\libc_nano.a(lib_a-malloc.o) (_free_r)
c:/sysgcc/arm-eabi/bin/../lib/gcc/arm-none-eabi/10.3.1/../../../../arm-none-eabi/lib/thumb/v7-m/nofp\libc_nano.a(lib_a-nano-mallocr.o)
                              c:/sysgcc/arm-eabi/bin/../lib/gcc/arm-none-eabi/10.3.1/../../../../arm-none-eabi/lib/thumb/v7-m/nofp\libc_nano.a(lib_a-malloc.o) (_malloc_r)
c:/sysgcc/arm-eabi/bin/../lib/gcc/arm-none-eabi/10.3.1/../../../../arm-none-eabi/lib/thumb/v7-m/nofp\libc_nano.a(lib_a-nano-vfprintf.o)
                              c:/sysgcc/arm-eabi/bin/../lib/gcc/arm-none-eabi/10.3.1/../../../../arm-none-eabi/lib/thumb/v7-m/nofp\libc_nano.a(lib_a-fprintf.o) (_vfprintf_r)
c:/sysgcc/arm-eabi/bin/../lib/gcc/arm-none-eabi/10.3.1/../../../../arm-none-eabi/lib/thumb/v7-m/nofp\libc_nano.a(lib_a-nano-vfprintf_i.o)
                              c:/sysgcc/arm-eabi/bin/../lib/gcc/arm-none-eabi/10.3.1/../../../../arm-none-eabi/lib/thumb/v7-m/nofp\libc_nano.a(lib_a-nano-vfprintf.o) (_printf_i)
c:/sysgcc/arm-eabi/bin/../lib/gcc/arm-none-eabi/10.3.1/../../../../arm-none-eabi/lib/thumb/v7-m/nofp\libc_nano.a(lib_a-printf.o)
                              VisualGDB/Debug/portother.o (printf)
c:/sysgcc/arm-eabi/bin/../lib/gcc/arm-none-eabi/10.3.1/../../../../arm-none-eabi/lib/thumb/v7-m/nofp\libc_nano.a(lib_a-sbrkr.o)
                              c:/sysgcc/arm-eabi/bin/../lib/gcc/arm-none-eabi/10.3.1/../../../../arm-none-eabi/lib/thumb/v7-m/nofp\libc_nano.a(lib_a-nano-mallocr.o) (_sbrk_r)
c:/sysgcc/arm-eabi/bin/../lib/gcc/arm-none-eabi/10.3.1/../../../../arm-none-eabi/lib/thumb/v7-m/nofp\libc_nano.a(lib_a-snprintf.o)
                              VisualGDB/Debug/portother.o (snprintf)
[...]
Memory Configuration

Name             Origin             Length             Attributes
FLASH            0x00000000         0x00040000         xr
SRAM             0x10000000         0x00008000         xrw
AHB_SRAM0        0x2007c000         0x00004000         xrw
AHB_SRAM1        0x20080000         0x00004000         xrw
*default*        0x00000000         0xffffffff

Linker script and memory map

LOAD c:/sysgcc/arm-eabi/bin/../lib/gcc/arm-none-eabi/10.3.1/thumb/v7-m/nofp/crti.o
LOAD c:/sysgcc/arm-eabi/bin/../lib/gcc/arm-none-eabi/10.3.1/thumb/v7-m/nofp/crtbegin.o
LOAD c:/sysgcc/arm-eabi/bin/../lib/gcc/arm-none-eabi/10.3.1/../../../../arm-none-eabi/lib/thumb/v7-m/nofp/crt0.o
START GROUP
LOAD VisualGDB/Debug/GRMS.o
LOAD VisualGDB/Debug/lpc_phy_smsc87x0.o
LOAD VisualGDB/Debug/mbfunccoils.o
LOAD VisualGDB/Debug/mbfunccoils_m.o
LOAD VisualGDB/Debug/mbfuncdiag.o
LOAD VisualGDB/Debug/mbfuncdisc.o
LOAD VisualGDB/Debug/mbfuncdisc_m.o
LOAD VisualGDB/Debug/mbfuncholding.o
LOAD VisualGDB/Debug/mbfuncholding_m.o
LOAD VisualGDB/Debug/mbfuncinput.o
LOAD VisualGDB/Debug/mbfuncinput_m.o
LOAD VisualGDB/Debug/mbfuncother.o
LOAD VisualGDB/Debug/mbutils.o
LOAD VisualGDB/Debug/mb.o
LOAD VisualGDB/Debug/mb_m.o
LOAD VisualGDB/Debug/mbcrc.o
LOAD VisualGDB/Debug/mbrtu_m.o
LOAD VisualGDB/Debug/mbtcp.o
LOAD VisualGDB/Debug/port.o
LOAD VisualGDB/Debug/portevent_m.o
LOAD VisualGDB/Debug/portserial_m.o
LOAD VisualGDB/Debug/porttimer_m.o
LOAD VisualGDB/Debug/user_mb_app_m.o
LOAD VisualGDB/Debug/portevent.o
LOAD VisualGDB/Debug/portother.o
LOAD VisualGDB/Debug/porttcp.o
LOAD VisualGDB/Debug/user_mb_app.o
LOAD VisualGDB/Debug/adc_17xx_40xx.o
LOAD VisualGDB/Debug/can_17xx_40xx.o
LOAD VisualGDB/Debug/chip_17xx_40xx.o
LOAD VisualGDB/Debug/clock_17xx_40xx.o
LOAD VisualGDB/Debug/cmp_17xx_40xx.o
LOAD VisualGDB/Debug/crc_17xx_40xx.o
LOAD VisualGDB/Debug/dac_17xx_40xx.o
LOAD VisualGDB/Debug/eeprom_17xx_40xx.o
LOAD VisualGDB/Debug/emc_17xx_40xx.o
LOAD VisualGDB/Debug/enet_17xx_40xx.o
LOAD VisualGDB/Debug/gpdma_17xx_40xx.o
LOAD VisualGDB/Debug/gpioint_17xx_40xx.o
LOAD VisualGDB/Debug/gpio_17xx_40xx.o
LOAD VisualGDB/Debug/i2c_17xx_40xx.o
LOAD VisualGDB/Debug/i2s_17xx_40xx.o
LOAD VisualGDB/Debug/iocon_17xx_40xx.o
LOAD VisualGDB/Debug/lcd_17xx_40xx.o
LOAD VisualGDB/Debug/pmu_17xx_40xx.o
LOAD VisualGDB/Debug/ritimer_17xx_40xx.o
LOAD VisualGDB/Debug/rtc_17xx_40xx.o
LOAD VisualGDB/Debug/sdc_17xx_40xx.o
LOAD VisualGDB/Debug/sdmmc_17xx_40xx.o
LOAD VisualGDB/Debug/spi_17xx_40xx.o
LOAD VisualGDB/Debug/ssp_17xx_40xx.o
LOAD VisualGDB/Debug/stopwatch_17xx_40xx.o
LOAD VisualGDB/Debug/sysctl_17xx_40xx.o
LOAD VisualGDB/Debug/sysinit_17xx_40xx.o
LOAD VisualGDB/Debug/timer_17xx_40xx.o
LOAD VisualGDB/Debug/uart_17xx_40xx.o
LOAD VisualGDB/Debug/wwdt_17xx_40xx.o
LOAD VisualGDB/Debug/eeprom.o
LOAD VisualGDB/Debug/fpu_init.o
LOAD VisualGDB/Debug/iap.o
LOAD VisualGDB/Debug/ring_buffer.o
LOAD VisualGDB/Debug/startup.o
LOAD VisualGDB/Debug/ORIGINAL_cr_startup_lpc175x_6x.o
LOAD VisualGDB/Debug/board.o
LOAD VisualGDB/Debug/board_sysinit.o
LOAD VisualGDB/Debug/lpc17xx_40xx_emac.o
LOAD VisualGDB/Debug/lpc17xx_40xx_systick_arch.o
LOAD VisualGDB/Debug/lpc_debug.o
LOAD VisualGDB/Debug/api_lib.o
LOAD VisualGDB/Debug/api_msg.o
LOAD VisualGDB/Debug/err.o
LOAD VisualGDB/Debug/netbuf.o
LOAD VisualGDB/Debug/netdb.o
LOAD VisualGDB/Debug/netifapi.o
LOAD VisualGDB/Debug/sockets.o
LOAD VisualGDB/Debug/tcpip.o
LOAD VisualGDB/Debug/def.o
LOAD VisualGDB/Debug/dhcp.o
LOAD VisualGDB/Debug/dns.o
LOAD VisualGDB/Debug/init.o
LOAD VisualGDB/Debug/mem.o
LOAD VisualGDB/Debug/memp.o
LOAD VisualGDB/Debug/netif.o
LOAD VisualGDB/Debug/pbuf.o
LOAD VisualGDB/Debug/raw.o
LOAD VisualGDB/Debug/stats.o
LOAD VisualGDB/Debug/sys.o
LOAD VisualGDB/Debug/tcp.o
LOAD VisualGDB/Debug/tcp_in.o
LOAD VisualGDB/Debug/tcp_out.o
LOAD VisualGDB/Debug/timers.o
LOAD VisualGDB/Debug/udp.o
LOAD VisualGDB/Debug/autoip.o
LOAD VisualGDB/Debug/icmp.o
LOAD VisualGDB/Debug/igmp.o
LOAD VisualGDB/Debug/inet.o
LOAD VisualGDB/Debug/inet_chksum.o
LOAD VisualGDB/Debug/ip.o
LOAD VisualGDB/Debug/ip_addr.o
LOAD VisualGDB/Debug/ip_frag.o
LOAD VisualGDB/Debug/asn1_dec.o
LOAD VisualGDB/Debug/asn1_enc.o
LOAD VisualGDB/Debug/mib2.o
LOAD VisualGDB/Debug/mib_structs.o
LOAD VisualGDB/Debug/msg_in.o
LOAD VisualGDB/Debug/msg_out.o
LOAD VisualGDB/Debug/etharp.o
LOAD VisualGDB/Debug/ethernetif.o
LOAD VisualGDB/Debug/slipif.o
LOAD VisualGDB/Debug/auth.o
LOAD VisualGDB/Debug/chap.o
LOAD VisualGDB/Debug/chpms.o
LOAD VisualGDB/Debug/fsm.o
LOAD VisualGDB/Debug/ipcp.o
LOAD VisualGDB/Debug/lcp.o
LOAD VisualGDB/Debug/magic.o
LOAD VisualGDB/Debug/md5.o
LOAD VisualGDB/Debug/pap.o
LOAD VisualGDB/Debug/ppp.o
LOAD VisualGDB/Debug/ppp_oe.o
LOAD VisualGDB/Debug/randm.o
LOAD VisualGDB/Debug/vj.o
END GROUP
LOAD c:/sysgcc/arm-eabi/bin/../lib/gcc/arm-none-eabi/10.3.1/../../../../arm-none-eabi/lib/thumb/v7-m/nofp\libstdc++_nano.a
LOAD c:/sysgcc/arm-eabi/bin/../lib/gcc/arm-none-eabi/10.3.1/../../../../arm-none-eabi/lib/thumb/v7-m/nofp\libm.a
START GROUP
LOAD c:/sysgcc/arm-eabi/bin/../lib/gcc/arm-none-eabi/10.3.1/thumb/v7-m/nofp\libgcc.a
LOAD c:/sysgcc/arm-eabi/bin/../lib/gcc/arm-none-eabi/10.3.1/../../../../arm-none-eabi/lib/thumb/v7-m/nofp\libc_nano.a
END GROUP
START GROUP
LOAD c:/sysgcc/arm-eabi/bin/../lib/gcc/arm-none-eabi/10.3.1/thumb/v7-m/nofp\libgcc.a
LOAD c:/sysgcc/arm-eabi/bin/../lib/gcc/arm-none-eabi/10.3.1/../../../../arm-none-eabi/lib/thumb/v7-m/nofp\libc_nano.a
LOAD c:/sysgcc/arm-eabi/bin/../lib/gcc/arm-none-eabi/10.3.1/../../../../arm-none-eabi/lib/thumb/v7-m/nofp\libnosys.a
END GROUP
START GROUP
LOAD c:/sysgcc/arm-eabi/bin/../lib/gcc/arm-none-eabi/10.3.1/thumb/v7-m/nofp\libgcc.a
LOAD c:/sysgcc/arm-eabi/bin/../lib/gcc/arm-none-eabi/10.3.1/../../../../arm-none-eabi/lib/thumb/v7-m/nofp\libc_nano.a
LOAD c:/sysgcc/arm-eabi/bin/../lib/gcc/arm-none-eabi/10.3.1/../../../../arm-none-eabi/lib/thumb/v7-m/nofp\libnosys.a
END GROUP
LOAD c:/sysgcc/arm-eabi/bin/../lib/gcc/arm-none-eabi/10.3.1/thumb/v7-m/nofp/crtend.o
LOAD c:/sysgcc/arm-eabi/bin/../lib/gcc/arm-none-eabi/10.3.1/thumb/v7-m/nofp/crtn.o
                0x10008000                _estack = 0x10008000

.isr_vector     0x00000000       0xcc
                0x00000000                . = ALIGN (0x4)
 *(.isr_vector)
 .isr_vector    0x00000000       0xcc VisualGDB/Debug/ORIGINAL_cr_startup_lpc175x_6x.o
                0x00000000                g_pfnVectors
                0x000000cc                . = ALIGN (0x4)

.text           0x000000cc    0x1ab44
                0x000000cc                . = ALIGN (0x4)
                0x000000cc                _stext = .
 *(.text)
 .text          0x000000cc        0x0 c:/sysgcc/arm-eabi/bin/../lib/gcc/arm-none-eabi/10.3.1/thumb/v7-m/nofp/crti.o
 .text          0x000000cc       0x40 c:/sysgcc/arm-eabi/bin/../lib/gcc/arm-none-eabi/10.3.1/thumb/v7-m/nofp/crtbegin.o
 .text          0x0000010c       0x7c c:/sysgcc/arm-eabi/bin/../lib/gcc/arm-none-eabi/10.3.1/../../../../arm-none-eabi/lib/thumb/v7-m/nofp/crt0.o
                0x0000010c                _stack_init
                0x00000114                _start
                0x00000114                _mainCRTStartup
 .text          0x00000188        0x0 VisualGDB/Debug/GRMS.o
 .text          0x00000188        0x0 VisualGDB/Debug/lpc_phy_smsc87x0.o
 .text          0x00000188        0x0 VisualGDB/Debug/mbfunccoils.o
 .text          0x00000188        0x0 VisualGDB/Debug/mbfunccoils_m.o
 .text          0x00000188        0x0 VisualGDB/Debug/mbfuncdiag.o
 .text          0x00000188        0x0 VisualGDB/Debug/mbfuncdisc.o
 .text          0x00000188        0x0 VisualGDB/Debug/mbfuncdisc_m.o
 .text          0x00000188        0x0 VisualGDB/Debug/mbfuncholding.o
 .text          0x00000188        0x0 VisualGDB/Debug/mbfuncholding_m.o
 .text          0x00000188        0x0 VisualGDB/Debug/mbfuncinput.o
 .text          0x00000188        0x0 VisualGDB/Debug/mbfuncinput_m.o
 .text          0x00000188        0x0 VisualGDB/Debug/mbfuncother.o
 .text          0x00000188        0x0 VisualGDB/Debug/mbutils.o
 .text          0x00000188        0x0 VisualGDB/Debug/mb.o
 .text          0x00000188        0x0 VisualGDB/Debug/mb_m.o
 .text          0x00000188        0x0 VisualGDB/Debug/mbcrc.o
 .text          0x00000188        0x0 VisualGDB/Debug/mbrtu_m.o
 .text          0x00000188        0x0 VisualGDB/Debug/mbtcp.o
 .text          0x00000188        0x0 VisualGDB/Debug/port.o
 .text          0x00000188        0x0 VisualGDB/Debug/portevent_m.o
 .text          0x00000188        0x0 VisualGDB/Debug/portserial_m.o
 .text          0x00000188        0x0 VisualGDB/Debug/porttimer_m.o
 .text          0x00000188        0x0 VisualGDB/Debug/user_mb_app_m.o
 .text          0x00000188        0x0 VisualGDB/Debug/portevent.o
 .text          0x00000188        0x0 VisualGDB/Debug/portother.o
 .text          0x00000188        0x0 VisualGDB/Debug/porttcp.o
 .text          0x00000188        0x0 VisualGDB/Debug/user_mb_app.o
 .text          0x00000188        0x0 VisualGDB/Debug/adc_17xx_40xx.o
 .text          0x00000188        0x0 VisualGDB/Debug/can_17xx_40xx.o
 .text          0x00000188        0x0 VisualGDB/Debug/chip_17xx_40xx.o
 .text          0x00000188        0x0 VisualGDB/Debug/clock_17xx_40xx.o
 .text          0x00000188        0x0 VisualGDB/Debug/cmp_17xx_40xx.o
 .text          0x00000188        0x0 VisualGDB/Debug/crc_17xx_40xx.o
 .text          0x00000188        0x0 VisualGDB/Debug/dac_17xx_40xx.o
 .text          0x00000188        0x0 VisualGDB/Debug/eeprom_17xx_40xx.o
 .text          0x00000188        0x0 VisualGDB/Debug/emc_17xx_40xx.o
 .text          0x00000188        0x0 VisualGDB/Debug/enet_17xx_40xx.o
 .text          0x00000188        0x0 VisualGDB/Debug/gpdma_17xx_40xx.o
 .text          0x00000188        0x0 VisualGDB/Debug/gpioint_17xx_40xx.o
 .text          0x00000188        0x0 VisualGDB/Debug/gpio_17xx_40xx.o
 .text          0x00000188        0x0 VisualGDB/Debug/i2c_17xx_40xx.o
 .text          0x00000188        0x0 VisualGDB/Debug/i2s_17xx_40xx.o
 .text          0x00000188        0x0 VisualGDB/Debug/iocon_17xx_40xx.o
 .text          0x00000188        0x0 VisualGDB/Debug/lcd_17xx_40xx.o
 .text          0x00000188        0x0 VisualGDB/Debug/pmu_17xx_40xx.o
 .text          0x00000188        0x0 VisualGDB/Debug/ritimer_17xx_40xx.o
 .text          0x00000188        0x0 VisualGDB/Debug/rtc_17xx_40xx.o
 .text          0x00000188        0x0 VisualGDB/Debug/sdc_17xx_40xx.o
 .text          0x00000188        0x0 VisualGDB/Debug/sdmmc_17xx_40xx.o
 .text          0x00000188        0x0 VisualGDB/Debug/spi_17xx_40xx.o
 .text          0x00000188        0x0 VisualGDB/Debug/ssp_17xx_40xx.o
 .text          0x00000188        0x0 VisualGDB/Debug/stopwatch_17xx_40xx.o
 .text          0x00000188        0x0 VisualGDB/Debug/sysctl_17xx_40xx.o
 .text          0x00000188        0x0 VisualGDB/Debug/sysinit_17xx_40xx.o
 .text          0x00000188        0x0 VisualGDB/Debug/timer_17xx_40xx.o
 .text          0x00000188        0x0 VisualGDB/Debug/uart_17xx_40xx.o
 .text          0x00000188        0x0 VisualGDB/Debug/wwdt_17xx_40xx.o
 .text          0x00000188        0x0 VisualGDB/Debug/eeprom.o
 .text          0x00000188        0x0 VisualGDB/Debug/fpu_init.o
 .text          0x00000188        0x0 VisualGDB/Debug/iap.o
 .text          0x00000188        0x0 VisualGDB/Debug/ring_buffer.o
 .text          0x00000188        0x0 VisualGDB/Debug/startup.o
 .text          0x00000188        0x0 VisualGDB/Debug/ORIGINAL_cr_startup_lpc175x_6x.o
 .text          0x00000188        0x0 VisualGDB/Debug/board.o
 .text          0x00000188        0x0 VisualGDB/Debug/board_sysinit.o
 .text          0x00000188        0x0 VisualGDB/Debug/lpc17xx_40xx_emac.o
 .text          0x00000188        0x0 VisualGDB/Debug/lpc17xx_40xx_systick_arch.o
 .text          0x00000188        0x0 VisualGDB/Debug/lpc_debug.o
 .text          0x00000188        0x0 VisualGDB/Debug/api_lib.o
 .text          0x00000188        0x0 VisualGDB/Debug/api_msg.o
 .text          0x00000188        0x0 VisualGDB/Debug/err.o
 .text          0x00000188        0x0 VisualGDB/Debug/netbuf.o
 .text          0x00000188        0x0 VisualGDB/Debug/netdb.o
 .text          0x00000188        0x0 VisualGDB/Debug/netifapi.o
 .text          0x00000188        0x0 VisualGDB/Debug/sockets.o
 .text          0x00000188        0x0 VisualGDB/Debug/tcpip.o
 .text          0x00000188        0x0 VisualGDB/Debug/def.o
 .text          0x00000188        0x0 VisualGDB/Debug/dhcp.o
 .text          0x00000188        0x0 VisualGDB/Debug/dns.o
 .text          0x00000188        0x0 VisualGDB/Debug/init.o
 .text          0x00000188        0x0 VisualGDB/Debug/mem.o
 .text          0x00000188        0x0 VisualGDB/Debug/memp.o
 .text          0x00000188        0x0 VisualGDB/Debug/netif.o
 .text          0x00000188        0x0 VisualGDB/Debug/pbuf.o
 .text          0x00000188        0x0 VisualGDB/Debug/raw.o
 .text          0x00000188        0x0 VisualGDB/Debug/stats.o
 .text          0x00000188        0x0 VisualGDB/Debug/sys.o
 .text          0x00000188        0x0 VisualGDB/Debug/tcp.o
 .text          0x00000188        0x0 VisualGDB/Debug/tcp_in.o
 .text          0x00000188        0x0 VisualGDB/Debug/tcp_out.o
 .text          0x00000188        0x0 VisualGDB/Debug/timers.o
 .text          0x00000188        0x0 VisualGDB/Debug/udp.o
 .text          0x00000188        0x0 VisualGDB/Debug/autoip.o
 .text          0x00000188        0x0 VisualGDB/Debug/icmp.o
 .text          0x00000188        0x0 VisualGDB/Debug/igmp.o
 .text          0x00000188        0x0 VisualGDB/Debug/inet.o
 .text          0x00000188        0x0 VisualGDB/Debug/inet_chksum.o
 .text          0x00000188        0x0 VisualGDB/Debug/ip.o
 .text          0x00000188        0x0 VisualGDB/Debug/ip_addr.o
 .text          0x00000188        0x0 VisualGDB/Debug/ip_frag.o
 .text          0x00000188        0x0 VisualGDB/Debug/asn1_dec.o
 .text          0x00000188        0x0 VisualGDB/Debug/asn1_enc.o
 .text          0x00000188        0x0 VisualGDB/Debug/mib2.o
 .text          0x00000188        0x0 VisualGDB/Debug/mib_structs.o
 .text          0x00000188        0x0 VisualGDB/Debug/msg_in.o
 .text          0x00000188        0x0 VisualGDB/Debug/msg_out.o
 .text          0x00000188        0x0 VisualGDB/Debug/etharp.o
 .text          0x00000188        0x0 VisualGDB/Debug/ethernetif.o
 .text          0x00000188        0x0 VisualGDB/Debug/slipif.o
 .text          0x00000188        0x0 VisualGDB/Debug/auth.o
 .text          0x00000188        0x0 VisualGDB/Debug/chap.o
 .text          0x00000188        0x0 VisualGDB/Debug/chpms.o
 .text          0x00000188        0x0 VisualGDB/Debug/fsm.o
 .text          0x00000188        0x0 VisualGDB/Debug/ipcp.o
 .text          0x00000188        0x0 VisualGDB/Debug/lcp.o
 .text          0x00000188        0x0 VisualGDB/Debug/magic.o
 .text          0x00000188        0x0 VisualGDB/Debug/md5.o
 .text          0x00000188        0x0 VisualGDB/Debug/pap.o
 .text          0x00000188        0x0 VisualGDB/Debug/ppp.o
 .text          0x00000188        0x0 VisualGDB/Debug/ppp_oe.o
 .text          0x00000188        0x0 VisualGDB/Debug/randm.o
 .text          0x00000188        0x0 VisualGDB/Debug/vj.o
 .text          0x00000188       0x30 c:/sysgcc/arm-eabi/bin/../lib/gcc/arm-none-eabi/10.3.1/thumb/v7-m/nofp\libgcc.a(_aeabi_uldivmod.o)
                0x00000188                __aeabi_uldivmod
 .text          0x000001b8      0x2d4 c:/sysgcc/arm-eabi/bin/../lib/gcc/arm-none-eabi/10.3.1/thumb/v7-m/nofp\libgcc.a(_udivmoddi4.o)
                0x000001b8                __udivmoddi4
 .text          0x0000048c        0x4 c:/sysgcc/arm-eabi/bin/../lib/gcc/arm-none-eabi/10.3.1/thumb/v7-m/nofp\libgcc.a(_dvmd_tls.o)
                0x0000048c                __aeabi_idiv0
                0x0000048c                __aeabi_ldiv0
 .text          0x00000490        0x0 c:/sysgcc/arm-eabi/bin/../lib/gcc/arm-none-eabi/10.3.1/../../../../arm-none-eabi/lib/thumb/v7-m/nofp\libc_nano.a(lib_a-assert.o)
 .text          0x00000490        0x0 c:/sysgcc/arm-eabi/bin/../lib/gcc/arm-none-eabi/10.3.1/../../../../arm-none-eabi/lib/thumb/v7-m/nofp\libc_nano.a(lib_a-exit.o)
 .text          0x00000490        0x0 c:/sysgcc/arm-eabi/bin/../lib/gcc/arm-none-eabi/10.3.1/../../../../arm-none-eabi/lib/thumb/v7-m/nofp\libc_nano.a(lib_a-fprintf.o)
 .text          0x00000490        0x0 c:/sysgcc/arm-eabi/bin/../lib/gcc/arm-none-eabi/10.3.1/../../../../arm-none-eabi/lib/thumb/v7-m/nofp\libc_nano.a(lib_a-impure.o)
 .text          0x00000490        0x0 c:/sysgcc/arm-eabi/bin/../lib/gcc/arm-none-eabi/10.3.1/../../../../arm-none-eabi/lib/thumb/v7-m/nofp\libc_nano.a(lib_a-init.o)
 .text          0x00000490        0x0 c:/sysgcc/arm-eabi/bin/../lib/gcc/arm-none-eabi/10.3.1/../../../../arm-none-eabi/lib/thumb/v7-m/nofp\libc_nano.a(lib_a-malloc.o)
 .text          0x00000490        0x0 c:/sysgcc/arm-eabi/bin/../lib/gcc/arm-none-eabi/10.3.1/../../../../arm-none-eabi/lib/thumb/v7-m/nofp\libc_nano.a(lib_a-memcmp.o)
 .text          0x00000490        0x0 c:/sysgcc/arm-eabi/bin/../lib/gcc/arm-none-eabi/10.3.1/../../../../arm-none-eabi/lib/thumb/v7-m/nofp\libc_nano.a(lib_a-memcpy-stub.o)
 .text          0x00000490        0x0 c:/sysgcc/arm-eabi/bin/../lib/gcc/arm-none-eabi/10.3.1/../../../../arm-none-eabi/lib/thumb/v7-m/nofp\libc_nano.a(lib_a-memset.o)
 .text          0x00000490        0x0 c:/sysgcc/arm-eabi/bin/../lib/gcc/arm-none-eabi/10.3.1/../../../../arm-none-eabi/lib/thumb/v7-m/nofp\libc_nano.a(lib_a-nano-freer.o)
 .text          0x00000490        0x0 c:/sysgcc/arm-eabi/bin/../lib/gcc/arm-none-eabi/10.3.1/../../../../arm-none-eabi/lib/thumb/v7-m/nofp\libc_nano.a(lib_a-nano-mallocr.o)
 .text          0x00000490        0x0 c:/sysgcc/arm-eabi/bin/../lib/gcc/arm-none-eabi/10.3.1/../../../../arm-none-eabi/lib/thumb/v7-m/nofp\libc_nano.a(lib_a-nano-vfprintf.o)
 .text          0x00000490        0x0 c:/sysgcc/arm-eabi/bin/../lib/gcc/arm-none-eabi/10.3.1/../../../../arm-none-eabi/lib/thumb/v7-m/nofp\libc_nano.a(lib_a-nano-vfprintf_i.o)
 .text          0x00000490        0x0 c:/sysgcc/arm-eabi/bin/../lib/gcc/arm-none-eabi/10.3.1/../../../../arm-none-eabi/lib/thumb/v7-m/nofp\libc_nano.a(lib_a-printf.o)
 .text          0x00000490        0x0 c:/sysgcc/arm-eabi/bin/../lib/gcc/arm-none-eabi/10.3.1/../../../../arm-none-eabi/lib/thumb/v7-m/nofp\libc_nano.a(lib_a-sbrkr.o)
 .text          0x00000490        0x0 c:/sysgcc/arm-eabi/bin/../lib/gcc/arm-none-eabi/10.3.1/../../../../arm-none-eabi/lib/thumb/v7-m/nofp\libc_nano.a(lib_a-snprintf.o)
 .text          0x00000490       0x10 c:/sysgcc/arm-eabi/bin/../lib/gcc/arm-none-eabi/10.3.1/../../../../arm-none-eabi/lib/thumb/v7-m/nofp\libc_nano.a(lib_a-strlen.o)
                0x00000490                strlen
 .text          0x000004a0        0x0 c:/sysgcc/arm-eabi/bin/../lib/gcc/arm-none-eabi/10.3.1/../../../../arm-none-eabi/lib/thumb/v7-m/nofp\libc_nano.a(lib_a-vprintf.o)
 .text          0x000004a0        0x0 c:/sysgcc/arm-eabi/bin/../lib/gcc/arm-none-eabi/10.3.1/../../../../arm-none-eabi/lib/thumb/v7-m/nofp\libc_nano.a(lib_a-wbuf.o)
 .text          0x000004a0        0x0 c:/sysgcc/arm-eabi/bin/../lib/gcc/arm-none-eabi/10.3.1/../../../../arm-none-eabi/lib/thumb/v7-m/nofp\libc_nano.a(lib_a-wsetup.o)
 .text          0x000004a0        0x0 c:/sysgcc/arm-eabi/bin/../lib/gcc/arm-none-eabi/10.3.1/../../../../arm-none-eabi/lib/thumb/v7-m/nofp\libc_nano.a(lib_a-abort.o)
 .text          0x000004a0        0x0 c:/sysgcc/arm-eabi/bin/../lib/gcc/arm-none-eabi/10.3.1/../../../../arm-none-eabi/lib/thumb/v7-m/nofp\libc_nano.a(lib_a-fflush.o)
 .text          0x000004a0        0x0 c:/sysgcc/arm-eabi/bin/../lib/gcc/arm-none-eabi/10.3.1/../../../../arm-none-eabi/lib/thumb/v7-m/nofp\libc_nano.a(lib_a-findfp.o)
 .text          0x000004a0        0x0 c:/sysgcc/arm-eabi/bin/../lib/gcc/arm-none-eabi/10.3.1/../../../../arm-none-eabi/lib/thumb/v7-m/nofp\libc_nano.a(lib_a-fvwrite.o)
 .text          0x000004a0        0x0 c:/sysgcc/arm-eabi/bin/../lib/gcc/arm-none-eabi/10.3.1/../../../../arm-none-eabi/lib/thumb/v7-m/nofp\libc_nano.a(lib_a-fwalk.o)
 .text          0x000004a0        0x0 c:/sysgcc/arm-eabi/bin/../lib/gcc/arm-none-eabi/10.3.1/../../../../arm-none-eabi/lib/thumb/v7-m/nofp\libc_nano.a(lib_a-lock.o)
 .text          0x000004a0        0x0 c:/sysgcc/arm-eabi/bin/../lib/gcc/arm-none-eabi/10.3.1/../../../../arm-none-eabi/lib/thumb/v7-m/nofp\libc_nano.a(lib_a-makebuf.o)
 .text          0x000004a0        0x0 c:/sysgcc/arm-eabi/bin/../lib/gcc/arm-none-eabi/10.3.1/../../../../arm-none-eabi/lib/thumb/v7-m/nofp\libc_nano.a(lib_a-memchr-stub.o)
 .text          0x000004a0        0x0 c:/sysgcc/arm-eabi/bin/../lib/gcc/arm-none-eabi/10.3.1/../../../../arm-none-eabi/lib/thumb/v7-m/nofp\libc_nano.a(lib_a-memmove.o)
 .text          0x000004a0        0x0 c:/sysgcc/arm-eabi/bin/../lib/gcc/arm-none-eabi/10.3.1/../../../../arm-none-eabi/lib/thumb/v7-m/nofp\libc_nano.a(lib_a-mlock.o)
 .text          0x000004a0        0x0 c:/sysgcc/arm-eabi/bin/../lib/gcc/arm-none-eabi/10.3.1/../../../../arm-none-eabi/lib/thumb/v7-m/nofp\libc_nano.a(lib_a-nano-reallocr.o)
 .text          0x000004a0        0x0 c:/sysgcc/arm-eabi/bin/../lib/gcc/arm-none-eabi/10.3.1/../../../../arm-none-eabi/lib/thumb/v7-m/nofp\libc_nano.a(lib_a-nano-svfprintf.o)
 .text          0x000004a0        0x0 c:/sysgcc/arm-eabi/bin/../lib/gcc/arm-none-eabi/10.3.1/../../../../arm-none-eabi/lib/thumb/v7-m/nofp\libc_nano.a(lib_a-reent.o)
 .text          0x000004a0        0x0 c:/sysgcc/arm-eabi/bin/../lib/gcc/arm-none-eabi/10.3.1/../../../../arm-none-eabi/lib/thumb/v7-m/nofp\libc_nano.a(lib_a-signal.o)
 .text          0x000004a0        0x0 c:/sysgcc/arm-eabi/bin/../lib/gcc/arm-none-eabi/10.3.1/../../../../arm-none-eabi/lib/thumb/v7-m/nofp\libc_nano.a(lib_a-signalr.o)
 .text          0x000004a0        0x0 c:/sysgcc/arm-eabi/bin/../lib/gcc/arm-none-eabi/10.3.1/../../../../arm-none-eabi/lib/thumb/v7-m/nofp\libc_nano.a(lib_a-stdio.o)
 .text          0x000004a0        0x0 c:/sysgcc/arm-eabi/bin/../lib/gcc/arm-none-eabi/10.3.1/../../../../arm-none-eabi/lib/thumb/v7-m/nofp\libc_nano.a(lib_a-writer.o)
 .text          0x000004a0        0x0 c:/sysgcc/arm-eabi/bin/../lib/gcc/arm-none-eabi/10.3.1/../../../../arm-none-eabi/lib/thumb/v7-m/nofp\libc_nano.a(lib_a-closer.o)
 .text          0x000004a0        0x0 c:/sysgcc/arm-eabi/bin/../lib/gcc/arm-none-eabi/10.3.1/../../../../arm-none-eabi/lib/thumb/v7-m/nofp\libc_nano.a(lib_a-fstatr.o)
 .text          0x000004a0        0x0 c:/sysgcc/arm-eabi/bin/../lib/gcc/arm-none-eabi/10.3.1/../../../../arm-none-eabi/lib/thumb/v7-m/nofp\libc_nano.a(lib_a-isattyr.o)
 .text          0x000004a0        0x0 c:/sysgcc/arm-eabi/bin/../lib/gcc/arm-none-eabi/10.3.1/../../../../arm-none-eabi/lib/thumb/v7-m/nofp\libc_nano.a(lib_a-lseekr.o)
 .text          0x000004a0        0x0 c:/sysgcc/arm-eabi/bin/../lib/gcc/arm-none-eabi/10.3.1/../../../../arm-none-eabi/lib/thumb/v7-m/nofp\libc_nano.a(lib_a-nano-msizer.o)
 .text          0x000004a0        0x0 c:/sysgcc/arm-eabi/bin/../lib/gcc/arm-none-eabi/10.3.1/../../../../arm-none-eabi/lib/thumb/v7-m/nofp\libc_nano.a(lib_a-readr.o)
 .text          0x000004a0        0x0 c:/sysgcc/arm-eabi/bin/../lib/gcc/arm-none-eabi/10.3.1/../../../../arm-none-eabi/lib/thumb/v7-m/nofp\libnosys.a(close.o)
 .text          0x000004a0        0x0 c:/sysgcc/arm-eabi/bin/../lib/gcc/arm-none-eabi/10.3.1/../../../../arm-none-eabi/lib/thumb/v7-m/nofp\libnosys.a(fstat.o)
 .text          0x000004a0        0x0 c:/sysgcc/arm-eabi/bin/../lib/gcc/arm-none-eabi/10.3.1/../../../../arm-none-eabi/lib/thumb/v7-m/nofp\libnosys.a(getpid.o)
 .text          0x000004a0        0x0 c:/sysgcc/arm-eabi/bin/../lib/gcc/arm-none-eabi/10.3.1/../../../../arm-none-eabi/lib/thumb/v7-m/nofp\libnosys.a(isatty.o)
 .text          0x000004a0        0x0 c:/sysgcc/arm-eabi/bin/../lib/gcc/arm-none-eabi/10.3.1/../../../../arm-none-eabi/lib/thumb/v7-m/nofp\libnosys.a(kill.o)
 .text          0x000004a0        0x0 c:/sysgcc/arm-eabi/bin/../lib/gcc/arm-none-eabi/10.3.1/../../../../arm-none-eabi/lib/thumb/v7-m/nofp\libnosys.a(lseek.o)
 .text          0x000004a0        0x0 c:/sysgcc/arm-eabi/bin/../lib/gcc/arm-none-eabi/10.3.1/../../../../arm-none-eabi/lib/thumb/v7-m/nofp\libnosys.a(read.o)
 .text          0x000004a0        0x0 c:/sysgcc/arm-eabi/bin/../lib/gcc/arm-none-eabi/10.3.1/../../../../arm-none-eabi/lib/thumb/v7-m/nofp\libnosys.a(sbrk.o)
 .text          0x000004a0        0x0 c:/sysgcc/arm-eabi/bin/../lib/gcc/arm-none-eabi/10.3.1/../../../../arm-none-eabi/lib/thumb/v7-m/nofp\libnosys.a(write.o)
 .text          0x000004a0        0x0 c:/sysgcc/arm-eabi/bin/../lib/gcc/arm-none-eabi/10.3.1/../../../../arm-none-eabi/lib/thumb/v7-m/nofp\libnosys.a(_exit.o)
 .text          0x000004a0        0x0 c:/sysgcc/arm-eabi/bin/../lib/gcc/arm-none-eabi/10.3.1/thumb/v7-m/nofp/crtend.o
 .text          0x000004a0        0x0 c:/sysgcc/arm-eabi/bin/../lib/gcc/arm-none-eabi/10.3.1/thumb/v7-m/nofp/crtn.o
 *(.text*)
 .text.Chip_ENET_Set100Mbps
                0x000004a0       0x1a VisualGDB/Debug/GRMS.o
 .text.Chip_ENET_Set10Mbps
                0x000004ba       0x18 VisualGDB/Debug/GRMS.o
 *fill*         0x000004d2        0x2 
 .text.prvSetupHardware
                0x000004d4       0x38 VisualGDB/Debug/GRMS.o
 .text.main     0x0000050c      0x150 VisualGDB/Debug/GRMS.o
                0x0000050c                main
 .text.u32_TCPPoll
                0x0000065c       0xa4 VisualGDB/Debug/GRMS.o
                0x0000065c                u32_TCPPoll
 .text.vToggleLed
                0x00000700       0x38 VisualGDB/Debug/GRMS.o
                0x00000700                vToggleLed
 .text.Chip_ENET_IsMIIBusy
                0x00000738       0x24 VisualGDB/Debug/lpc_phy_smsc87x0.o
 .text.lpc_mii_write
                0x0000075c       0x64 VisualGDB/Debug/lpc_phy_smsc87x0.o
 .text.lpc_mii_read
                0x000007c0       0x74 VisualGDB/Debug/lpc_phy_smsc87x0.o
 .text.smsc_update_phy_sts
                0x00000834       0xec VisualGDB/Debug/lpc_phy_smsc87x0.o
 .text.lpc_phy_init
                0x00000920       0xac VisualGDB/Debug/lpc_phy_smsc87x0.o
                0x00000920                lpc_phy_init
 .text.lpcPHYStsPoll
                0x000009cc       0xc8 VisualGDB/Debug/lpc_phy_smsc87x0.o
                0x000009cc                lpcPHYStsPoll
 .text.eMBFuncReadCoils
                0x00000a94       0xfe VisualGDB/Debug/mbfunccoils.o
                0x00000a94                eMBFuncReadCoils
 .text.eMBFuncWriteCoil
                0x00000b92       0xa6 VisualGDB/Debug/mbfunccoils.o
                0x00000b92                eMBFuncWriteCoil
 .text.eMBFuncWriteMultipleCoils
                0x00000c38       0xce VisualGDB/Debug/mbfunccoils.o
                0x00000c38                eMBFuncWriteMultipleCoils
 .text.eMBMasterReqReadCoils
                0x00000d06       0x9c VisualGDB/Debug/mbfunccoils_m.o
                0x00000d06                eMBMasterReqReadCoils
 .text.eMBMasterFuncReadCoils
                0x00000da2       0xd6 VisualGDB/Debug/mbfunccoils_m.o
                0x00000da2                eMBMasterFuncReadCoils
 .text.eMBMasterReqWriteCoil
                0x00000e78       0xb0 VisualGDB/Debug/mbfunccoils_m.o
                0x00000e78                eMBMasterReqWriteCoil
 .text.eMBMasterFuncWriteCoil
                0x00000f28       0xa6 VisualGDB/Debug/mbfunccoils_m.o
                0x00000f28                eMBMasterFuncWriteCoil
 .text.eMBMasterReqWriteMultipleCoils
                0x00000fce      0x106 VisualGDB/Debug/mbfunccoils_m.o
                0x00000fce                eMBMasterReqWriteMultipleCoils
 .text.eMBMasterFuncWriteMultipleCoils
                0x000010d4       0xd4 VisualGDB/Debug/mbfunccoils_m.o
                0x000010d4                eMBMasterFuncWriteMultipleCoils
 .text.eMBFuncReadDiscreteInputs
                0x000011a8       0xfe VisualGDB/Debug/mbfuncdisc.o
                0x000011a8                eMBFuncReadDiscreteInputs
 .text.eMBMasterReqReadDiscreteInputs
                0x000012a6       0x9c VisualGDB/Debug/mbfuncdisc_m.o
                0x000012a6                eMBMasterReqReadDiscreteInputs
 .text.eMBMasterFuncReadDiscreteInputs
                0x00001342       0xd6 VisualGDB/Debug/mbfuncdisc_m.o
                0x00001342                eMBMasterFuncReadDiscreteInputs
 .text.eMBFuncWriteHoldingRegister
                0x00001418       0x6a VisualGDB/Debug/mbfuncholding.o
                0x00001418                eMBFuncWriteHoldingRegister
 .text.eMBFuncWriteMultipleHoldingRegister
                0x00001482       0xb2 VisualGDB/Debug/mbfuncholding.o
                0x00001482                eMBFuncWriteMultipleHoldingRegister
 .text.eMBFuncReadHoldingRegister
                0x00001534       0xe4 VisualGDB/Debug/mbfuncholding.o
                0x00001534                eMBFuncReadHoldingRegister
 .text.eMBFuncReadWriteMultipleHoldingRegister
                0x00001618      0x154 VisualGDB/Debug/mbfuncholding.o
                0x00001618                eMBFuncReadWriteMultipleHoldingRegister
 .text.eMBMasterReqWriteHoldingRegister
                0x0000176c       0x9c VisualGDB/Debug/mbfuncholding_m.o
                0x0000176c                eMBMasterReqWriteHoldingRegister
 .text.eMBMasterFuncWriteHoldingRegister
                0x00001808       0x6a VisualGDB/Debug/mbfuncholding_m.o
                0x00001808                eMBMasterFuncWriteHoldingRegister
 .text.eMBMasterReqWriteMultipleHoldingRegister
                0x00001872       0xf8 VisualGDB/Debug/mbfuncholding_m.o
                0x00001872                eMBMasterReqWriteMultipleHoldingRegister
 .text.eMBMasterFuncWriteMultipleHoldingRegister
                0x0000196a       0xb2 VisualGDB/Debug/mbfuncholding_m.o
                0x0000196a                eMBMasterFuncWriteMultipleHoldingRegister
 .text.eMBMasterReqReadHoldingRegister
                0x00001a1c       0x9c VisualGDB/Debug/mbfuncholding_m.o
                0x00001a1c                eMBMasterReqReadHoldingRegister
 .text.eMBMasterFuncReadHoldingRegister
                0x00001ab8       0xb8 VisualGDB/Debug/mbfuncholding_m.o
                0x00001ab8                eMBMasterFuncReadHoldingRegister
 .text.eMBMasterReqReadWriteMultipleHoldingRegister
                0x00001b70      0x128 VisualGDB/Debug/mbfuncholding_m.o
                0x00001b70                eMBMasterReqReadWriteMultipleHoldingRegister
 .text.eMBMasterFuncReadWriteMultipleHoldingRegister
                0x00001c98      0x100 VisualGDB/Debug/mbfuncholding_m.o
                0x00001c98                eMBMasterFuncReadWriteMultipleHoldingRegister
 .text.eMBFuncReadInputRegister
                0x00001d98       0xe4 VisualGDB/Debug/mbfuncinput.o
                0x00001d98                eMBFuncReadInputRegister
 .text.eMBMasterReqReadInputRegister
                0x00001e7c       0x9c VisualGDB/Debug/mbfuncinput_m.o
                0x00001e7c                eMBMasterReqReadInputRegister
 .text.eMBMasterFuncReadInputRegister
                0x00001f18       0xb8 VisualGDB/Debug/mbfuncinput_m.o
                0x00001f18                eMBMasterFuncReadInputRegister
 .text.eMBSetSlaveID
                0x00001fd0       0x98 VisualGDB/Debug/mbfuncother.o
                0x00001fd0                eMBSetSlaveID
 .text.eMBFuncReportSlaveID
                0x00002068       0x38 VisualGDB/Debug/mbfuncother.o
                0x00002068                eMBFuncReportSlaveID
 .text.xMBUtilSetBits
                0x000020a0       0xbc VisualGDB/Debug/mbutils.o
                0x000020a0                xMBUtilSetBits
 .text.xMBUtilGetBits
                0x0000215c       0x72 VisualGDB/Debug/mbutils.o
                0x0000215c                xMBUtilGetBits
 .text.prveMBError2Exception
                0x000021ce       0x42 VisualGDB/Debug/mbutils.o
                0x000021ce                prveMBError2Exception
 .text.eMBInit  0x00002210       0x74 VisualGDB/Debug/mb.o
                0x00002210                eMBInit
 .text.eMBTCPInit
                0x00002284       0xa4 VisualGDB/Debug/mb.o
                0x00002284                eMBTCPInit
 .text.eMBRegisterCB
                0x00002328       0xd0 VisualGDB/Debug/mb.o
                0x00002328                eMBRegisterCB
 .text.eMBClose
                0x000023f8       0x38 VisualGDB/Debug/mb.o
                0x000023f8                eMBClose
 .text.eMBEnable
                0x00002430       0x38 VisualGDB/Debug/mb.o
                0x00002430                eMBEnable
 .text.eMBDisable
                0x00002468       0x44 VisualGDB/Debug/mb.o
                0x00002468                eMBDisable
 .text.eMBPoll  0x000024ac      0x18c VisualGDB/Debug/mb.o
                0x000024ac                eMBPoll
 .text.eMBMasterInit
                0x00002638       0xd4 VisualGDB/Debug/mb_m.o
                0x00002638                eMBMasterInit
 .text.eMBMasterClose
                0x0000270c       0x38 VisualGDB/Debug/mb_m.o
                0x0000270c                eMBMasterClose
 .text.eMBMasterEnable
                0x00002744       0x38 VisualGDB/Debug/mb_m.o
                0x00002744                eMBMasterEnable
 .text.eMBMasterDisable
                0x0000277c       0x4c VisualGDB/Debug/mb_m.o
                0x0000277c                eMBMasterDisable
 .text.eMBMasterIsEstablished
                0x000027c8       0x20 VisualGDB/Debug/mb_m.o
                0x000027c8                eMBMasterIsEstablished
 .text.eMBMasterPoll
                0x000027e8      0x29c VisualGDB/Debug/mb_m.o
                0x000027e8                eMBMasterPoll
 .text.xMBMasterGetCBRunInMasterMode
                0x00002a84       0x14 VisualGDB/Debug/mb_m.o
                0x00002a84                xMBMasterGetCBRunInMasterMode
 .text.vMBMasterSetCBRunInMasterMode
                0x00002a98       0x20 VisualGDB/Debug/mb_m.o
                0x00002a98                vMBMasterSetCBRunInMasterMode
 .text.ucMBMasterGetDestAddress
                0x00002ab8       0x14 VisualGDB/Debug/mb_m.o
                0x00002ab8                ucMBMasterGetDestAddress
 .text.vMBMasterSetDestAddress
                0x00002acc       0x20 VisualGDB/Debug/mb_m.o
                0x00002acc                vMBMasterSetDestAddress
 .text.eMBMasterGetErrorType
                0x00002aec       0x14 VisualGDB/Debug/mb_m.o
                0x00002aec                eMBMasterGetErrorType
 .text.vMBMasterSetErrorType
                0x00002b00       0x20 VisualGDB/Debug/mb_m.o
                0x00002b00                vMBMasterSetErrorType
 .text.usMBCRC16
                0x00002b20       0x6c VisualGDB/Debug/mbcrc.o
                0x00002b20                usMBCRC16
 .text.eMBMasterRTUInit
                0x00002b8c       0x70 VisualGDB/Debug/mbrtu_m.o
                0x00002b8c                eMBMasterRTUInit
 .text.eMBMasterRTUStart
                0x00002bfc       0x28 VisualGDB/Debug/mbrtu_m.o
                0x00002bfc                eMBMasterRTUStart
 .text.eMBMasterRTUStop
                0x00002c24       0x1c VisualGDB/Debug/mbrtu_m.o
                0x00002c24                eMBMasterRTUStop
 .text.eMBMasterRTUReceive
                0x00002c40       0x70 VisualGDB/Debug/mbrtu_m.o
                0x00002c40                eMBMasterRTUReceive
 .text.eMBMasterRTUSend
                0x00002cb0       0xd4 VisualGDB/Debug/mbrtu_m.o
                0x00002cb0                eMBMasterRTUSend
 .text.xMBMasterRTUReceiveFSM
                0x00002d84       0xbc VisualGDB/Debug/mbrtu_m.o
                0x00002d84                xMBMasterRTUReceiveFSM
 .text.xMBMasterRTUTransmitFSM
                0x00002e40       0xb0 VisualGDB/Debug/mbrtu_m.o
                0x00002e40                xMBMasterRTUTransmitFSM
 .text.xMBMasterRTUTimerExpired
                0x00002ef0       0xb8 VisualGDB/Debug/mbrtu_m.o
                0x00002ef0                xMBMasterRTUTimerExpired
 .text.vMBMasterGetRTUSndBuf
                0x00002fa8       0x1c VisualGDB/Debug/mbrtu_m.o
                0x00002fa8                vMBMasterGetRTUSndBuf
 .text.vMBMasterGetPDUSndBuf
                0x00002fc4       0x1c VisualGDB/Debug/mbrtu_m.o
                0x00002fc4                vMBMasterGetPDUSndBuf
 .text.vMBMasterSetPDUSndLength
                0x00002fe0       0x20 VisualGDB/Debug/mbrtu_m.o
                0x00002fe0                vMBMasterSetPDUSndLength
 .text.usMBMasterGetPDUSndLength
                0x00003000       0x18 VisualGDB/Debug/mbrtu_m.o
                0x00003000                usMBMasterGetPDUSndLength
 .text.vMBMasterSetCurTimerMode
                0x00003018       0x20 VisualGDB/Debug/mbrtu_m.o
                0x00003018                vMBMasterSetCurTimerMode
 .text.xMBMasterRequestIsBroadcast
                0x00003038       0x18 VisualGDB/Debug/mbrtu_m.o
                0x00003038                xMBMasterRequestIsBroadcast
 .text.eMBTCPDoInit
                0x00003050       0x2a VisualGDB/Debug/mbtcp.o
                0x00003050                eMBTCPDoInit
 .text.eMBTCPStart
                0x0000307a        0xc VisualGDB/Debug/mbtcp.o
                0x0000307a                eMBTCPStart
 .text.eMBTCPStop
                0x00003086        0xc VisualGDB/Debug/mbtcp.o
                0x00003086                eMBTCPStop
 .text.eMBTCPReceive
                0x00003092       0x72 VisualGDB/Debug/mbtcp.o
                0x00003092                eMBTCPReceive
 .text.eMBTCPSend
                0x00003104       0x5a VisualGDB/Debug/mbtcp.o
                0x00003104                eMBTCPSend
 *fill*         0x0000315e        0x2 
 .text.EnterCriticalSection
                0x00003160       0x48 VisualGDB/Debug/port.o
                0x00003160                EnterCriticalSection
 .text.ExitCriticalSection
                0x000031a8       0x30 VisualGDB/Debug/port.o
                0x000031a8                ExitCriticalSection
 .text.xMBMasterPortEventInit
                0x000031d8       0x18 VisualGDB/Debug/portevent_m.o
                0x000031d8                xMBMasterPortEventInit
 .text.xMBMasterPortEventPost
                0x000031f0       0x2c VisualGDB/Debug/portevent_m.o
                0x000031f0                xMBMasterPortEventPost
 .text.xMBMasterPortEventGet
                0x0000321c       0x3c VisualGDB/Debug/portevent_m.o
                0x0000321c                xMBMasterPortEventGet
 .text.vMBMasterOsResInit
                0x00003258        0xc VisualGDB/Debug/portevent_m.o
                0x00003258                vMBMasterOsResInit
 .text.xMBMasterRunResTake
                0x00003264       0x14 VisualGDB/Debug/portevent_m.o
                0x00003264                xMBMasterRunResTake
 .text.vMBMasterRunResRelease
                0x00003278        0xc VisualGDB/Debug/portevent_m.o
                0x00003278                vMBMasterRunResRelease
 .text.vMBMasterErrorCBRespondTimeout
                0x00003284       0x1a VisualGDB/Debug/portevent_m.o
                0x00003284                vMBMasterErrorCBRespondTimeout
 .text.vMBMasterErrorCBReceiveData
                0x0000329e       0x1a VisualGDB/Debug/portevent_m.o
                0x0000329e                vMBMasterErrorCBReceiveData
 .text.vMBMasterErrorCBExecuteFunction
                0x000032b8       0x1a VisualGDB/Debug/portevent_m.o
                0x000032b8                vMBMasterErrorCBExecuteFunction
 .text.vMBMasterCBRequestScuuess
                0x000032d2        0xc VisualGDB/Debug/portevent_m.o
                0x000032d2                vMBMasterCBRequestScuuess
 .text.eMBMasterWaitRequestFinish
                0x000032de       0x16 VisualGDB/Debug/portevent_m.o
                0x000032de                eMBMasterWaitRequestFinish
 .text.NVIC_EnableIRQ
                0x000032f4       0x30 VisualGDB/Debug/portserial_m.o
 .text.NVIC_SetPendingIRQ
                0x00003324       0x34 VisualGDB/Debug/portserial_m.o
 .text.NVIC_SetPriority
                0x00003358       0x54 VisualGDB/Debug/portserial_m.o
 .text.Chip_GPIO_SetPinState
                0x000033ac       0x64 VisualGDB/Debug/portserial_m.o
 .text.Chip_GPIO_WritePortBit
                0x00003410       0x2c VisualGDB/Debug/portserial_m.o
 .text.Chip_UART_ReadByte
                0x0000343c       0x18 VisualGDB/Debug/portserial_m.o
 .text.Chip_UART_IntEnable
                0x00003454       0x20 VisualGDB/Debug/portserial_m.o
 .text.Chip_UART_IntDisable
                0x00003474       0x22 VisualGDB/Debug/portserial_m.o
 .text.Chip_UART_SetupFIFOS
                0x00003496       0x1a VisualGDB/Debug/portserial_m.o
 .text.Chip_UART_ConfigData
                0x000034b0       0x1a VisualGDB/Debug/portserial_m.o
 *fill*         0x000034ca        0x2 
 .text.xMBMasterPortSerialInit
                0x000034cc       0x68 VisualGDB/Debug/portserial_m.o
                0x000034cc                xMBMasterPortSerialInit
 .text.vMBMasterPortSerialEnable
                0x00003534       0xbc VisualGDB/Debug/portserial_m.o
                0x00003534                vMBMasterPortSerialEnable
 .text.vMBMasterPortClose
                0x000035f0        0xc VisualGDB/Debug/portserial_m.o
                0x000035f0                vMBMasterPortClose
 .text.xMBMasterPortSerialPutByte
                0x000035fc       0x24 VisualGDB/Debug/portserial_m.o
                0x000035fc                xMBMasterPortSerialPutByte
 .text.xMBMasterPortSerialGetByte
                0x00003620       0x24 VisualGDB/Debug/portserial_m.o
                0x00003620                xMBMasterPortSerialGetByte
 .text.prvvUARTTxReadyISR
                0x00003644       0x14 VisualGDB/Debug/portserial_m.o
 .text.prvvUARTRxISR
                0x00003658       0x14 VisualGDB/Debug/portserial_m.o
 .text.UART3_IRQHandler
                0x0000366c       0x4c VisualGDB/Debug/portserial_m.o
                0x0000366c                UART3_IRQHandler
 .text.NVIC_EnableIRQ
                0x000036b8       0x30 VisualGDB/Debug/porttimer_m.o
 .text.NVIC_DisableIRQ
                0x000036e8       0x34 VisualGDB/Debug/porttimer_m.o
 .text.Chip_TIMER_Enable
                0x0000371c       0x1e VisualGDB/Debug/porttimer_m.o
 .text.Chip_TIMER_Disable
                0x0000373a       0x1e VisualGDB/Debug/porttimer_m.o
 .text.Chip_TIMER_SetMatch
                0x00003758       0x26 VisualGDB/Debug/porttimer_m.o
 .text.Chip_TIMER_MatchEnableInt
                0x0000377e       0x32 VisualGDB/Debug/porttimer_m.o
 .text.Chip_TIMER_ResetOnMatchEnable
                0x000037b0       0x34 VisualGDB/Debug/porttimer_m.o
 .text.xMBMasterPortTimersInit
                0x000037e4       0x84 VisualGDB/Debug/porttimer_m.o
                0x000037e4                xMBMasterPortTimersInit
 .text.vMBMasterPortTimersT35Enable
                0x00003868       0x6c VisualGDB/Debug/porttimer_m.o
                0x00003868                vMBMasterPortTimersT35Enable
 .text.vMBMasterPortTimersConvertDelayEnable
                0x000038d4       0x68 VisualGDB/Debug/porttimer_m.o
                0x000038d4                vMBMasterPortTimersConvertDelayEnable
 .text.vMBMasterPortTimersRespondTimeoutEnable
                0x0000393c       0x68 VisualGDB/Debug/porttimer_m.o
                0x0000393c                vMBMasterPortTimersRespondTimeoutEnable
 .text.vMBMasterPortTimersDisable
                0x000039a4       0x2c VisualGDB/Debug/porttimer_m.o
                0x000039a4                vMBMasterPortTimersDisable
 .text.prvvTIMERExpiredISR
                0x000039d0       0x14 VisualGDB/Debug/porttimer_m.o
 .text.TIMER0_IRQHandler
                0x000039e4       0x1c VisualGDB/Debug/porttimer_m.o
                0x000039e4                TIMER0_IRQHandler
 .text.eMBMasterRegInputCB
                0x00003a00       0xc4 VisualGDB/Debug/user_mb_app_m.o
                0x00003a00                eMBMasterRegInputCB
 .text.eMBMasterRegHoldingCB
                0x00003ac4      0x11c VisualGDB/Debug/user_mb_app_m.o
                0x00003ac4                eMBMasterRegHoldingCB
 .text.eMBMasterRegCoilsCB
                0x00003be0      0x16c VisualGDB/Debug/user_mb_app_m.o
                0x00003be0                eMBMasterRegCoilsCB
 .text.eMBMasterRegDiscreteCB
                0x00003d4c       0xe4 VisualGDB/Debug/user_mb_app_m.o
                0x00003d4c                eMBMasterRegDiscreteCB
 .text.xMBPortEventInit
                0x00003e30       0x18 VisualGDB/Debug/portevent.o
                0x00003e30                xMBPortEventInit
 .text.xMBPortEventPost
                0x00003e48       0x2c VisualGDB/Debug/portevent.o
                0x00003e48                xMBPortEventPost
 .text.xMBPortEventGet
                0x00003e74       0x3c VisualGDB/Debug/portevent.o
                0x00003e74                xMBPortEventGet
 .text.prvvMBTCPLogFrame
                0x00003eb0      0x1a8 VisualGDB/Debug/portother.o
                0x00003eb0                prvvMBTCPLogFrame
 .text.vMBPortLog
                0x00004058       0x44 VisualGDB/Debug/portother.o
                0x00004058                vMBPortLog
 .text.xMBTCPPortInit
                0x0000409c       0xac VisualGDB/Debug/porttcp.o
                0x0000409c                xMBTCPPortInit
 .text.prvvMBPortReleaseClient
                0x00004148       0x90 VisualGDB/Debug/porttcp.o
                0x00004148                prvvMBPortReleaseClient
 .text.vMBTCPPortClose
                0x000041d8       0x24 VisualGDB/Debug/porttcp.o
                0x000041d8                vMBTCPPortClose
 .text.vMBTCPPortDisable
                0x000041fc       0x18 VisualGDB/Debug/porttcp.o
                0x000041fc                vMBTCPPortDisable
 .text.prvxMBTCPPortAccept
                0x00004214       0xb4 VisualGDB/Debug/porttcp.o
 .text.prvvMBTCPPortError
                0x000042c8       0x38 VisualGDB/Debug/porttcp.o
 .text.prvxMBTCPPortReceive
                0x00004300      0x104 VisualGDB/Debug/porttcp.o
 .text.xMBTCPPortGetRequest
                0x00004404       0x34 VisualGDB/Debug/porttcp.o
                0x00004404                xMBTCPPortGetRequest
 .text.xMBTCPPortSendResponse
                0x00004438       0x90 VisualGDB/Debug/porttcp.o
                0x00004438                xMBTCPPortSendResponse
 .text.eMBRegInputCB
                0x000044c8       0xa8 VisualGDB/Debug/user_mb_app.o
                0x000044c8                eMBRegInputCB
 .text.eMBRegHoldingCB
                0x00004570      0x10c VisualGDB/Debug/user_mb_app.o
                0x00004570                eMBRegHoldingCB
 .text.eMBRegCoilsCB
                0x0000467c      0x15c VisualGDB/Debug/user_mb_app.o
                0x0000467c                eMBRegCoilsCB
 .text.eMBRegDiscreteCB
                0x000047d8       0xe8 VisualGDB/Debug/user_mb_app.o
                0x000047d8                eMBRegDiscreteCB
 .text.getFullConvClk
                0x000048c0        0xe VisualGDB/Debug/adc_17xx_40xx.o
 .text.getClkDiv
                0x000048ce       0x4c VisualGDB/Debug/adc_17xx_40xx.o
 .text.setStartMode
                0x0000491a       0x2c VisualGDB/Debug/adc_17xx_40xx.o
                0x0000491a                setStartMode
 .text.readAdcVal
                0x00004946       0x40 VisualGDB/Debug/adc_17xx_40xx.o
                0x00004946                readAdcVal
 *fill*         0x00004986        0x2 
 .text.Chip_ADC_Init
                0x00004988       0x74 VisualGDB/Debug/adc_17xx_40xx.o
                0x00004988                Chip_ADC_Init
 .text.Chip_ADC_DeInit
                0x000049fc       0x24 VisualGDB/Debug/adc_17xx_40xx.o
                0x000049fc                Chip_ADC_DeInit
 .text.Chip_ADC_ReadValue
                0x00004a20       0x24 VisualGDB/Debug/adc_17xx_40xx.o
                0x00004a20                Chip_ADC_ReadValue
 .text.Chip_ADC_ReadStatus
                0x00004a44       0x82 VisualGDB/Debug/adc_17xx_40xx.o
                0x00004a44                Chip_ADC_ReadStatus
 .text.Chip_ADC_Int_SetChannelCmd
                0x00004ac6       0x48 VisualGDB/Debug/adc_17xx_40xx.o
                0x00004ac6                Chip_ADC_Int_SetChannelCmd
 .text.Chip_ADC_SetStartMode
                0x00004b0e       0x4e VisualGDB/Debug/adc_17xx_40xx.o
                0x00004b0e                Chip_ADC_SetStartMode
 .text.Chip_ADC_SetSampleRate
                0x00004b5c       0x50 VisualGDB/Debug/adc_17xx_40xx.o
                0x00004b5c                Chip_ADC_SetSampleRate
 .text.Chip_ADC_EnableChannel
                0x00004bac       0x54 VisualGDB/Debug/adc_17xx_40xx.o
                0x00004bac                Chip_ADC_EnableChannel
 .text.Chip_ADC_SetBurstCmd
                0x00004c00       0x3c VisualGDB/Debug/adc_17xx_40xx.o
                0x00004c00                Chip_ADC_SetBurstCmd
 .text.Chip_ADC_ReadByte
                0x00004c3c       0x32 VisualGDB/Debug/adc_17xx_40xx.o
                0x00004c3c                Chip_ADC_ReadByte
 .text.Chip_CAN_SetCmd
                0x00004c6e       0x1a VisualGDB/Debug/can_17xx_40xx.o
 .text.Chip_CAN_GetStatus
                0x00004c88       0x16 VisualGDB/Debug/can_17xx_40xx.o
 .text.Chip_CAN_GetMode
                0x00004c9e       0x1e VisualGDB/Debug/can_17xx_40xx.o
 .text.Chip_CAN_SetAFMode
                0x00004cbc       0x1c VisualGDB/Debug/can_17xx_40xx.o
 .text.Chip_CAN_GetAFMode
                0x00004cd8       0x18 VisualGDB/Debug/can_17xx_40xx.o
 .text.setBusTiming
                0x00004cf0       0x68 VisualGDB/Debug/can_17xx_40xx.o
 .text.getSectionAddress
                0x00004d58       0x78 VisualGDB/Debug/can_17xx_40xx.o
 .text.getTotalEntryNum
                0x00004dd0       0x20 VisualGDB/Debug/can_17xx_40xx.o
 .text.setSectionEndAddress
                0x00004df0       0x30 VisualGDB/Debug/can_17xx_40xx.o
 .text.getReceiveFrameInfo
                0x00004e20       0x34 VisualGDB/Debug/can_17xx_40xx.o
 .text.setSendFrameInfo
                0x00004e54       0x2c VisualGDB/Debug/can_17xx_40xx.o
 .text.createStdIDEntry
                0x00004e80       0x60 VisualGDB/Debug/can_17xx_40xx.o
 .text.createUnUsedSTDEntry
                0x00004ee0       0x22 VisualGDB/Debug/can_17xx_40xx.o
 .text.readStdIDEntry
                0x00004f02       0x46 VisualGDB/Debug/can_17xx_40xx.o
 .text.setupSTDSection
                0x00004f48      0x10e VisualGDB/Debug/can_17xx_40xx.o
 .text.setupSTDRangeSection
                0x00005056       0x28 VisualGDB/Debug/can_17xx_40xx.o
 .text.shiftSTDEntryDown
                0x0000507e       0xaa VisualGDB/Debug/can_17xx_40xx.o
 .text.shiftSTDEntryUp
                0x00005128       0xd2 VisualGDB/Debug/can_17xx_40xx.o
 .text.createExtIDEntry
                0x000051fa       0x2e VisualGDB/Debug/can_17xx_40xx.o
 .text.readExtIDEntry
                0x00005228       0x28 VisualGDB/Debug/can_17xx_40xx.o
 .text.setupEXTSection
                0x00005250       0x76 VisualGDB/Debug/can_17xx_40xx.o
 .text.setupEXTRangeSection
                0x000052c6       0x28 VisualGDB/Debug/can_17xx_40xx.o
 .text.getArrayVal
                0x000052ee       0x7c VisualGDB/Debug/can_17xx_40xx.o
 .text.searchInsertIndex
                0x0000536a       0xf8 VisualGDB/Debug/can_17xx_40xx.o
 .text.insertSTDEntry
                0x00005462      0x31c VisualGDB/Debug/can_17xx_40xx.o
 .text.readSTDEntry
                0x0000577e       0xe4 VisualGDB/Debug/can_17xx_40xx.o
 .text.removeSTDEntry
                0x00005862      0x2ec VisualGDB/Debug/can_17xx_40xx.o
                0x00005862                removeSTDEntry
 .text.removeLUTEntry
                0x00005b4e      0x1a8 VisualGDB/Debug/can_17xx_40xx.o
                0x00005b4e                removeLUTEntry
 .text.clearAFLUT
                0x00005cf6       0x82 VisualGDB/Debug/can_17xx_40xx.o
                0x00005cf6                clearAFLUT
 .text.Chip_CAN_GetClockIndex
                0x00005d78       0x2c VisualGDB/Debug/can_17xx_40xx.o
 .text.Chip_CAN_GetClkIndex
                0x00005da4       0x2c VisualGDB/Debug/can_17xx_40xx.o
 .text.Chip_CAN_Init
                0x00005dd0       0x5e VisualGDB/Debug/can_17xx_40xx.o
                0x00005dd0                Chip_CAN_Init
 .text.Chip_CAN_DeInit
                0x00005e2e       0x1e VisualGDB/Debug/can_17xx_40xx.o
                0x00005e2e                Chip_CAN_DeInit
 .text.Chip_CAN_SetBitRate
                0x00005e4c       0xd0 VisualGDB/Debug/can_17xx_40xx.o
                0x00005e4c                Chip_CAN_SetBitRate
 .text.Chip_CAN_SetMode
                0x00005f1c       0x94 VisualGDB/Debug/can_17xx_40xx.o
                0x00005f1c                Chip_CAN_SetMode
 .text.Chip_CAN_GetFreeTxBuf
                0x00005fb0       0x46 VisualGDB/Debug/can_17xx_40xx.o
                0x00005fb0                Chip_CAN_GetFreeTxBuf
 .text.Chip_CAN_SetAFLUT
                0x00005ff6      0x1ca VisualGDB/Debug/can_17xx_40xx.o
                0x00005ff6                Chip_CAN_SetAFLUT
 .text.Chip_CAN_GetEntriesNum
                0x000061c0       0xb2 VisualGDB/Debug/can_17xx_40xx.o
                0x000061c0                Chip_CAN_GetEntriesNum
 .text.Chip_CAN_InsertFullCANEntry
                0x00006272       0x22 VisualGDB/Debug/can_17xx_40xx.o
                0x00006272                Chip_CAN_InsertFullCANEntry
 .text.Chip_CAN_InsertSTDEntry
                0x00006294       0x22 VisualGDB/Debug/can_17xx_40xx.o
                0x00006294                Chip_CAN_InsertSTDEntry
 .text.Chip_CAN_InsertEXTEntry
                0x000062b6      0x136 VisualGDB/Debug/can_17xx_40xx.o
                0x000062b6                Chip_CAN_InsertEXTEntry
 .text.Chip_CAN_InsertGroupSTDEntry
                0x000063ec      0x270 VisualGDB/Debug/can_17xx_40xx.o
                0x000063ec                Chip_CAN_InsertGroupSTDEntry
 .text.Chip_CAN_InsertGroupEXTEntry
                0x0000665c      0x1ea VisualGDB/Debug/can_17xx_40xx.o
                0x0000665c                Chip_CAN_InsertGroupEXTEntry
 .text.Chip_CAN_RemoveFullCANEntry
                0x00006846       0x26 VisualGDB/Debug/can_17xx_40xx.o
                0x00006846                Chip_CAN_RemoveFullCANEntry
 .text.Chip_CAN_RemoveSTDEntry
                0x0000686c       0x26 VisualGDB/Debug/can_17xx_40xx.o
                0x0000686c                Chip_CAN_RemoveSTDEntry
 .text.Chip_CAN_RemoveGroupSTDEntry
                0x00006892       0x26 VisualGDB/Debug/can_17xx_40xx.o
                0x00006892                Chip_CAN_RemoveGroupSTDEntry
 .text.Chip_CAN_RemoveEXTEntry
                0x000068b8       0x26 VisualGDB/Debug/can_17xx_40xx.o
                0x000068b8                Chip_CAN_RemoveEXTEntry
 .text.Chip_CAN_RemoveGroupEXTEntry
                0x000068de       0x26 VisualGDB/Debug/can_17xx_40xx.o
                0x000068de                Chip_CAN_RemoveGroupEXTEntry
 .text.Chip_CAN_ReadFullCANEntry
                0x00006904       0x2a VisualGDB/Debug/can_17xx_40xx.o
                0x00006904                Chip_CAN_ReadFullCANEntry
 .text.Chip_CAN_ReadSTDEntry
                0x0000692e       0x2a VisualGDB/Debug/can_17xx_40xx.o
                0x0000692e                Chip_CAN_ReadSTDEntry
 .text.Chip_CAN_ReadGroupSTDEntry
                0x00006958       0x86 VisualGDB/Debug/can_17xx_40xx.o
                0x00006958                Chip_CAN_ReadGroupSTDEntry
 .text.Chip_CAN_ReadEXTEntry
                0x000069de       0x64 VisualGDB/Debug/can_17xx_40xx.o
                0x000069de                Chip_CAN_ReadEXTEntry
 .text.Chip_CAN_ReadGroupEXTEntry
                0x00006a42       0x8c VisualGDB/Debug/can_17xx_40xx.o
                0x00006a42                Chip_CAN_ReadGroupEXTEntry
 .text.Chip_CAN_Send
                0x00006ace      0x12a VisualGDB/Debug/can_17xx_40xx.o
                0x00006ace                Chip_CAN_Send
 .text.Chip_CAN_Receive
                0x00006bf8       0xd6 VisualGDB/Debug/can_17xx_40xx.o
                0x00006bf8                Chip_CAN_Receive
 .text.Chip_CAN_ConfigFullCANInt
                0x00006cce       0x4e VisualGDB/Debug/can_17xx_40xx.o
                0x00006cce                Chip_CAN_ConfigFullCANInt
 .text.Chip_CAN_GetFullCANIntStatus
                0x00006d1c       0x48 VisualGDB/Debug/can_17xx_40xx.o
                0x00006d1c                Chip_CAN_GetFullCANIntStatus
 .text.Chip_CAN_FullCANReceive
                0x00006d64       0xc0 VisualGDB/Debug/can_17xx_40xx.o
                0x00006d64                Chip_CAN_FullCANReceive
 .text.Chip_Clock_IsUSBPLLLocked
                0x00006e24       0x24 VisualGDB/Debug/chip_17xx_40xx.o
 .text.Chip_Clock_IsUSBPLLConnected
                0x00006e48       0x24 VisualGDB/Debug/chip_17xx_40xx.o
 .text.SystemCoreClockUpdate
                0x00006e6c       0x18 VisualGDB/Debug/chip_17xx_40xx.o
                0x00006e6c                SystemCoreClockUpdate
 .text.Chip_USB_Init
                0x00006e84       0x4c VisualGDB/Debug/chip_17xx_40xx.o
                0x00006e84                Chip_USB_Init
 .text.Chip_Clock_IsMainPLLEnabled
                0x00006ed0       0x24 VisualGDB/Debug/clock_17xx_40xx.o
 .text.Chip_Clock_IsUSBPLLEnabled
                0x00006ef4       0x24 VisualGDB/Debug/clock_17xx_40xx.o
 .text.Chip_Clock_IsMainPLLConnected
                0x00006f18       0x24 VisualGDB/Debug/clock_17xx_40xx.o
 .text.Chip_Clock_IsUSBPLLConnected
                0x00006f3c       0x24 VisualGDB/Debug/clock_17xx_40xx.o
 .text.Chip_Clock_FeedPLL
                0x00006f60       0x34 VisualGDB/Debug/clock_17xx_40xx.o
 .text.Chip_Clock_GetMainPLLSource
                0x00006f94       0x20 VisualGDB/Debug/clock_17xx_40xx.o
 .text.Chip_Clock_GetMainOscRate
                0x00006fb4       0x14 VisualGDB/Debug/clock_17xx_40xx.o
 .text.Chip_Clock_GetIntOscRate
                0x00006fc8       0x14 VisualGDB/Debug/clock_17xx_40xx.o
 .text.Chip_Clock_GetRTCOscRate
                0x00006fdc       0x14 VisualGDB/Debug/clock_17xx_40xx.o
 .text.Chip_Clock_GetMainPLLInClockRate
                0x00006ff0        0xe VisualGDB/Debug/clock_17xx_40xx.o
 .text.Chip_Clock_GetUSBPLLInClockRate
                0x00006ffe        0xe VisualGDB/Debug/clock_17xx_40xx.o
 .text.Chip_Clock_EnablePLL
                0x0000700c       0x44 VisualGDB/Debug/clock_17xx_40xx.o
                0x0000700c                Chip_Clock_EnablePLL
 .text.Chip_Clock_DisablePLL
                0x00007050       0x48 VisualGDB/Debug/clock_17xx_40xx.o
                0x00007050                Chip_Clock_DisablePLL
 .text.Chip_Clock_SetupPLL
                0x00007098       0x5c VisualGDB/Debug/clock_17xx_40xx.o
                0x00007098                Chip_Clock_SetupPLL
 .text.Chip_Clock_EnablePeriphClock
                0x000070f4       0x34 VisualGDB/Debug/clock_17xx_40xx.o
                0x000070f4                Chip_Clock_EnablePeriphClock
 .text.Chip_Clock_DisablePeriphClock
                0x00007128       0x38 VisualGDB/Debug/clock_17xx_40xx.o
                0x00007128                Chip_Clock_DisablePeriphClock
 .text.Chip_Clock_IsPeripheralClockEnabled
                0x00007160       0x3c VisualGDB/Debug/clock_17xx_40xx.o
                0x00007160                Chip_Clock_IsPeripheralClockEnabled
 .text.Chip_Clock_SetCPUClockSource
                0x0000719c       0x2a VisualGDB/Debug/clock_17xx_40xx.o
                0x0000719c                Chip_Clock_SetCPUClockSource
 .text.Chip_Clock_GetCPUClockSource
                0x000071c6       0x24 VisualGDB/Debug/clock_17xx_40xx.o
                0x000071c6                Chip_Clock_GetCPUClockSource
 *fill*         0x000071ea        0x2 
 .text.Chip_Clock_SetCPUClockDiv
                0x000071ec       0x20 VisualGDB/Debug/clock_17xx_40xx.o
                0x000071ec                Chip_Clock_SetCPUClockDiv
 .text.Chip_Clock_GetCPUClockDiv
                0x0000720c       0x1c VisualGDB/Debug/clock_17xx_40xx.o
                0x0000720c                Chip_Clock_GetCPUClockDiv
 .text.Chip_Clock_SetUSBClockDiv
                0x00007228       0x30 VisualGDB/Debug/clock_17xx_40xx.o
                0x00007228                Chip_Clock_SetUSBClockDiv
 .text.Chip_Clock_GetUSBClockDiv
                0x00007258       0x1c VisualGDB/Debug/clock_17xx_40xx.o
                0x00007258                Chip_Clock_GetUSBClockDiv
 .text.Chip_Clock_SetPCLKDiv
                0x00007274       0x64 VisualGDB/Debug/clock_17xx_40xx.o
                0x00007274                Chip_Clock_SetPCLKDiv
 .text.Chip_Clock_GetPCLKDiv
                0x000072d8       0x8c VisualGDB/Debug/clock_17xx_40xx.o
                0x000072d8                Chip_Clock_GetPCLKDiv
 .text.Chip_Clock_SetCLKOUTSource
                0x00007364       0x44 VisualGDB/Debug/clock_17xx_40xx.o
                0x00007364                Chip_Clock_SetCLKOUTSource
 .text.Chip_Clock_GetSYSCLKRate
                0x000073a8       0x3a VisualGDB/Debug/clock_17xx_40xx.o
                0x000073a8                Chip_Clock_GetSYSCLKRate
 *fill*         0x000073e2        0x2 
 .text.Chip_Clock_GetMainPLLOutClockRate
                0x000073e4       0x54 VisualGDB/Debug/clock_17xx_40xx.o
                0x000073e4                Chip_Clock_GetMainPLLOutClockRate
 .text.Chip_Clock_GetUSBPLLOutClockRate
                0x00007438       0x40 VisualGDB/Debug/clock_17xx_40xx.o
                0x00007438                Chip_Clock_GetUSBPLLOutClockRate
 .text.Chip_Clock_GetMainClockRate
                0x00007478       0x28 VisualGDB/Debug/clock_17xx_40xx.o
                0x00007478                Chip_Clock_GetMainClockRate
 .text.Chip_Clock_GetSystemClockRate
                0x000074a0       0x18 VisualGDB/Debug/clock_17xx_40xx.o
                0x000074a0                Chip_Clock_GetSystemClockRate
 .text.Chip_Clock_GetUSBClockRate
                0x000074b8       0x38 VisualGDB/Debug/clock_17xx_40xx.o
                0x000074b8                Chip_Clock_GetUSBClockRate
 .text.Chip_Clock_GetPeripheralClockRate
                0x000074f0       0x26 VisualGDB/Debug/clock_17xx_40xx.o
                0x000074f0                Chip_Clock_GetPeripheralClockRate
 .text.Chip_DAC_Init
                0x00007516       0x18 VisualGDB/Debug/dac_17xx_40xx.o
                0x00007516                Chip_DAC_Init
 .text.Chip_DAC_DeInit
                0x0000752e       0x12 VisualGDB/Debug/dac_17xx_40xx.o
                0x0000752e                Chip_DAC_DeInit
 .text.Chip_DAC_UpdateValue
                0x00007540       0x30 VisualGDB/Debug/dac_17xx_40xx.o
                0x00007540                Chip_DAC_UpdateValue
 .text.Chip_DAC_SetBias
                0x00007570       0x32 VisualGDB/Debug/dac_17xx_40xx.o
                0x00007570                Chip_DAC_SetBias
 .text.Chip_Clock_GetENETClockRate
                0x000075a2        0xe VisualGDB/Debug/enet_17xx_40xx.o
 .text.Chip_ENET_Reset
                0x000075b0       0x22 VisualGDB/Debug/enet_17xx_40xx.o
 .text.resetENET
                0x000075d2       0x2a VisualGDB/Debug/enet_17xx_40xx.o
 .text.Chip_ENET_Init
                0x000075fc       0x8e VisualGDB/Debug/enet_17xx_40xx.o
                0x000075fc                Chip_ENET_Init
 .text.Chip_ENET_DeInit
                0x0000768a       0x3c VisualGDB/Debug/enet_17xx_40xx.o
                0x0000768a                Chip_ENET_DeInit
 *fill*         0x000076c6        0x2 
 .text.Chip_ENET_SetupMII
                0x000076c8       0x44 VisualGDB/Debug/enet_17xx_40xx.o
                0x000076c8                Chip_ENET_SetupMII
 .text.Chip_ENET_FindMIIDiv
                0x0000770c       0x50 VisualGDB/Debug/enet_17xx_40xx.o
                0x0000770c                Chip_ENET_FindMIIDiv
 .text.Chip_ENET_StartMIIWrite
                0x0000775c       0x3c VisualGDB/Debug/enet_17xx_40xx.o
                0x0000775c                Chip_ENET_StartMIIWrite
 .text.Chip_ENET_StartMIIRead
                0x00007798       0x30 VisualGDB/Debug/enet_17xx_40xx.o
                0x00007798                Chip_ENET_StartMIIRead
 .text.Chip_ENET_ReadMIIData
                0x000077c8       0x1e VisualGDB/Debug/enet_17xx_40xx.o
                0x000077c8                Chip_ENET_ReadMIIData
 .text.Chip_ENET_SetFullDuplex
                0x000077e6       0x34 VisualGDB/Debug/enet_17xx_40xx.o
                0x000077e6                Chip_ENET_SetFullDuplex
 .text.Chip_ENET_SetHalfDuplex
                0x0000781a       0x34 VisualGDB/Debug/enet_17xx_40xx.o
                0x0000781a                Chip_ENET_SetHalfDuplex
 .text.Chip_ENET_InitTxDescriptors
                0x0000784e       0x3a VisualGDB/Debug/enet_17xx_40xx.o
                0x0000784e                Chip_ENET_InitTxDescriptors
 .text.Chip_ENET_InitRxDescriptors
                0x00007888       0x3a VisualGDB/Debug/enet_17xx_40xx.o
                0x00007888                Chip_ENET_InitRxDescriptors
 .text.Chip_ENET_GetBufferStatus
                0x000078c2       0x54 VisualGDB/Debug/enet_17xx_40xx.o
                0x000078c2                Chip_ENET_GetBufferStatus
 .text.Chip_ENET_GetFillDescNum
                0x00007916       0x4a VisualGDB/Debug/enet_17xx_40xx.o
                0x00007916                Chip_ENET_GetFillDescNum
 .text.Chip_ENET_IncTXProduceIndex
                0x00007960       0x3c VisualGDB/Debug/enet_17xx_40xx.o
                0x00007960                Chip_ENET_IncTXProduceIndex
 .text.Chip_ENET_IncRXConsumeIndex
                0x0000799c       0x3c VisualGDB/Debug/enet_17xx_40xx.o
                0x0000799c                Chip_ENET_IncRXConsumeIndex
 .text.configDMAMux
                0x000079d8       0x68 VisualGDB/Debug/gpdma_17xx_40xx.o
 .text.makeCtrlWord
                0x00007a40      0x124 VisualGDB/Debug/gpdma_17xx_40xx.o
                0x00007a40                makeCtrlWord
 .text.setupChannel
                0x00007b64       0xbc VisualGDB/Debug/gpdma_17xx_40xx.o
                0x00007b64                setupChannel
 .text.Chip_GPDMA_Init
                0x00007c20       0x68 VisualGDB/Debug/gpdma_17xx_40xx.o
                0x00007c20                Chip_GPDMA_Init
 .text.Chip_GPDMA_DeInit
                0x00007c88       0x16 VisualGDB/Debug/gpdma_17xx_40xx.o
                0x00007c88                Chip_GPDMA_DeInit
 *fill*         0x00007c9e        0x2 
 .text.Chip_GPDMA_Stop
                0x00007ca0       0x68 VisualGDB/Debug/gpdma_17xx_40xx.o
                0x00007ca0                Chip_GPDMA_Stop
 .text.Chip_GPDMA_Interrupt
                0x00007d08       0x6c VisualGDB/Debug/gpdma_17xx_40xx.o
                0x00007d08                Chip_GPDMA_Interrupt
 .text.Chip_GPDMA_InitChannelCfg
                0x00007d74       0xe0 VisualGDB/Debug/gpdma_17xx_40xx.o
                0x00007d74                Chip_GPDMA_InitChannelCfg
 .text.Chip_GPDMA_IntGetStatus
                0x00007e54       0xbc VisualGDB/Debug/gpdma_17xx_40xx.o
                0x00007e54                Chip_GPDMA_IntGetStatus
 .text.Chip_GPDMA_ClearIntPending
                0x00007f10       0x3e VisualGDB/Debug/gpdma_17xx_40xx.o
                0x00007f10                Chip_GPDMA_ClearIntPending
 .text.Chip_GPDMA_ChannelCmd
                0x00007f4e       0x46 VisualGDB/Debug/gpdma_17xx_40xx.o
                0x00007f4e                Chip_GPDMA_ChannelCmd
 .text.Chip_GPDMA_Transfer
                0x00007f94       0xf4 VisualGDB/Debug/gpdma_17xx_40xx.o
                0x00007f94                Chip_GPDMA_Transfer
 .text.Chip_GPDMA_PrepareDescriptor
                0x00008088       0xc4 VisualGDB/Debug/gpdma_17xx_40xx.o
                0x00008088                Chip_GPDMA_PrepareDescriptor
 .text.Chip_GPDMA_SGTransfer
                0x0000814c       0xce VisualGDB/Debug/gpdma_17xx_40xx.o
                0x0000814c                Chip_GPDMA_SGTransfer
 *fill*         0x0000821a        0x2 
 .text.Chip_GPDMA_GetFreeChannel
                0x0000821c       0x58 VisualGDB/Debug/gpdma_17xx_40xx.o
                0x0000821c                Chip_GPDMA_GetFreeChannel
 .text.enableClk
                0x00008274       0x30 VisualGDB/Debug/i2c_17xx_40xx.o
 .text.disableClk
                0x000082a4       0x30 VisualGDB/Debug/i2c_17xx_40xx.o
 .text.getClkRate
                0x000082d4       0x24 VisualGDB/Debug/i2c_17xx_40xx.o
 .text.startMasterXfer
                0x000082f8       0x1e VisualGDB/Debug/i2c_17xx_40xx.o
 .text.startSlaverXfer
                0x00008316       0x1e VisualGDB/Debug/i2c_17xx_40xx.o
 .text.isI2CBusFree
                0x00008334       0x24 VisualGDB/Debug/i2c_17xx_40xx.o
 .text.getCurState
                0x00008358       0x1a VisualGDB/Debug/i2c_17xx_40xx.o
 .text.isMasterState
                0x00008372       0x22 VisualGDB/Debug/i2c_17xx_40xx.o
 .text.setSlaveAddr
                0x00008394       0x5c VisualGDB/Debug/i2c_17xx_40xx.o
 .text.isSlaveAddrMatching
                0x000083f0       0x3e VisualGDB/Debug/i2c_17xx_40xx.o
 .text.lookupSlaveIndex
                0x0000842e       0x9c VisualGDB/Debug/i2c_17xx_40xx.o
 *fill*         0x000084ca        0x2 
 .text.handleMasterXferState
                0x000084cc      0x284 VisualGDB/Debug/i2c_17xx_40xx.o
                0x000084cc                handleMasterXferState
 .text.getSlaveIndex
                0x00008750       0xb0 VisualGDB/Debug/i2c_17xx_40xx.o
                0x00008750                getSlaveIndex
 .text.handleSlaveXferState
                0x00008800      0x2b8 VisualGDB/Debug/i2c_17xx_40xx.o
                0x00008800                handleSlaveXferState
 .text.Chip_I2C_EventHandler
                0x00008ab8       0x4c VisualGDB/Debug/i2c_17xx_40xx.o
                0x00008ab8                Chip_I2C_EventHandler
 .text.Chip_I2C_EventHandlerPolling
                0x00008b04       0x60 VisualGDB/Debug/i2c_17xx_40xx.o
                0x00008b04                Chip_I2C_EventHandlerPolling
 .text.Chip_I2C_Init
                0x00008b64       0x34 VisualGDB/Debug/i2c_17xx_40xx.o
                0x00008b64                Chip_I2C_Init
 .text.Chip_I2C_DeInit
                0x00008b98       0x34 VisualGDB/Debug/i2c_17xx_40xx.o
                0x00008b98                Chip_I2C_DeInit
 .text.Chip_I2C_SetClockRate
                0x00008bcc       0x68 VisualGDB/Debug/i2c_17xx_40xx.o
                0x00008bcc                Chip_I2C_SetClockRate
 .text.Chip_I2C_GetClockRate
                0x00008c34       0x48 VisualGDB/Debug/i2c_17xx_40xx.o
                0x00008c34                Chip_I2C_GetClockRate
 .text.Chip_I2C_SetMasterEventHandler
                0x00008c7c       0x48 VisualGDB/Debug/i2c_17xx_40xx.o
                0x00008c7c                Chip_I2C_SetMasterEventHandler
 .text.Chip_I2C_GetMasterEventHandler
                0x00008cc4       0x2c VisualGDB/Debug/i2c_17xx_40xx.o
                0x00008cc4                Chip_I2C_GetMasterEventHandler
 .text.Chip_I2C_MasterTransfer
                0x00008cf0       0x9c VisualGDB/Debug/i2c_17xx_40xx.o
                0x00008cf0                Chip_I2C_MasterTransfer
 .text.Chip_I2C_MasterSend
                0x00008d8c       0x58 VisualGDB/Debug/i2c_17xx_40xx.o
                0x00008d8c                Chip_I2C_MasterSend
 .text.Chip_I2C_MasterCmdRead
                0x00008de4       0x5e VisualGDB/Debug/i2c_17xx_40xx.o
                0x00008de4                Chip_I2C_MasterCmdRead
 .text.Chip_I2C_MasterRead
                0x00008e42       0x54 VisualGDB/Debug/i2c_17xx_40xx.o
                0x00008e42                Chip_I2C_MasterRead
 *fill*         0x00008e96        0x2 
 .text.Chip_I2C_IsMasterActive
                0x00008e98       0x30 VisualGDB/Debug/i2c_17xx_40xx.o
                0x00008e98                Chip_I2C_IsMasterActive
 .text.Chip_I2C_MasterStateHandler
                0x00008ec8       0x60 VisualGDB/Debug/i2c_17xx_40xx.o
                0x00008ec8                Chip_I2C_MasterStateHandler
 .text.Chip_I2C_SlaveSetup
                0x00008f28       0x9c VisualGDB/Debug/i2c_17xx_40xx.o
                0x00008f28                Chip_I2C_SlaveSetup
 .text.Chip_I2C_SlaveStateHandler
                0x00008fc4       0xc0 VisualGDB/Debug/i2c_17xx_40xx.o
                0x00008fc4                Chip_I2C_SlaveStateHandler
 .text.Chip_I2C_Disable
                0x00009084       0x2c VisualGDB/Debug/i2c_17xx_40xx.o
                0x00009084                Chip_I2C_Disable
 .text.Chip_I2C_IsStateChanged
                0x000090b0       0x38 VisualGDB/Debug/i2c_17xx_40xx.o
                0x000090b0                Chip_I2C_IsStateChanged
 .text.getClkDiv
                0x000090e8      0x302 VisualGDB/Debug/i2s_17xx_40xx.o
 .text.Chip_I2S_Init
                0x000093ea       0x16 VisualGDB/Debug/i2s_17xx_40xx.o
                0x000093ea                Chip_I2S_Init
 .text.Chip_I2S_DeInit
                0x00009400       0x44 VisualGDB/Debug/i2s_17xx_40xx.o
                0x00009400                Chip_I2S_DeInit
 .text.Chip_I2S_TxConfig
                0x00009444       0xb4 VisualGDB/Debug/i2s_17xx_40xx.o
                0x00009444                Chip_I2S_TxConfig
 .text.Chip_I2S_RxConfig
                0x000094f8       0xb4 VisualGDB/Debug/i2s_17xx_40xx.o
                0x000094f8                Chip_I2S_RxConfig
 .text.Chip_I2S_Int_TxCmd
                0x000095ac       0x5c VisualGDB/Debug/i2s_17xx_40xx.o
                0x000095ac                Chip_I2S_Int_TxCmd
 .text.Chip_I2S_Int_RxCmd
                0x00009608       0x5c VisualGDB/Debug/i2s_17xx_40xx.o
                0x00009608                Chip_I2S_Int_RxCmd
 .text.Chip_I2S_DMA_TxCmd
                0x00009664       0xa0 VisualGDB/Debug/i2s_17xx_40xx.o
                0x00009664                Chip_I2S_DMA_TxCmd
 .text.Chip_I2S_DMA_RxCmd
                0x00009704       0xa0 VisualGDB/Debug/i2s_17xx_40xx.o
                0x00009704                Chip_I2S_DMA_RxCmd
 .text.Chip_IOCON_PinMuxSet
                0x000097a4       0x36 VisualGDB/Debug/iocon_17xx_40xx.o
                0x000097a4                Chip_IOCON_PinMuxSet
 .text.Chip_IOCON_PinMux
                0x000097da       0x94 VisualGDB/Debug/iocon_17xx_40xx.o
                0x000097da                Chip_IOCON_PinMux
 .text.Chip_IOCON_SetPinMuxing
                0x0000986e       0x64 VisualGDB/Debug/iocon_17xx_40xx.o
                0x0000986e                Chip_IOCON_SetPinMuxing
 *fill*         0x000098d2        0x2 
 .text.Chip_PMU_SleepState
                0x000098d4       0x34 VisualGDB/Debug/pmu_17xx_40xx.o
                0x000098d4                Chip_PMU_SleepState
 .text.Chip_PMU_DeepSleepState
                0x00009908       0x34 VisualGDB/Debug/pmu_17xx_40xx.o
                0x00009908                Chip_PMU_DeepSleepState
 .text.Chip_PMU_PowerDownState
                0x0000993c       0x38 VisualGDB/Debug/pmu_17xx_40xx.o
                0x0000993c                Chip_PMU_PowerDownState
 .text.Chip_PMU_DeepPowerDownState
                0x00009974       0x34 VisualGDB/Debug/pmu_17xx_40xx.o
                0x00009974                Chip_PMU_DeepPowerDownState
 .text.Chip_PMU_Sleep
                0x000099a8       0x44 VisualGDB/Debug/pmu_17xx_40xx.o
                0x000099a8                Chip_PMU_Sleep
 .text.Chip_RIT_SetCOMPVAL
                0x000099ec       0x1a VisualGDB/Debug/ritimer_17xx_40xx.o
 .text.Chip_RIT_EnableCTRL
                0x00009a06       0x20 VisualGDB/Debug/ritimer_17xx_40xx.o
 .text.Chip_RIT_Init
                0x00009a26       0x30 VisualGDB/Debug/ritimer_17xx_40xx.o
                0x00009a26                Chip_RIT_Init
 .text.Chip_RIT_DeInit
                0x00009a56       0x1c VisualGDB/Debug/ritimer_17xx_40xx.o
                0x00009a56                Chip_RIT_DeInit
 *fill*         0x00009a72        0x2 
 .text.Chip_RIT_SetTimerInterval
                0x00009a74       0x40 VisualGDB/Debug/ritimer_17xx_40xx.o
                0x00009a74                Chip_RIT_SetTimerInterval
 .text.Chip_RIT_GetIntStatus
                0x00009ab4       0x28 VisualGDB/Debug/ritimer_17xx_40xx.o
                0x00009ab4                Chip_RIT_GetIntStatus
 .text.Chip_RTC_Init
                0x00009adc       0x4e VisualGDB/Debug/rtc_17xx_40xx.o
                0x00009adc                Chip_RTC_Init
 .text.Chip_RTC_DeInit
                0x00009b2a       0x1c VisualGDB/Debug/rtc_17xx_40xx.o
                0x00009b2a                Chip_RTC_DeInit
 .text.Chip_RTC_ResetClockTickCounter
                0x00009b46       0x44 VisualGDB/Debug/rtc_17xx_40xx.o
                0x00009b46                Chip_RTC_ResetClockTickCounter
 .text.Chip_RTC_Enable
                0x00009b8a       0x42 VisualGDB/Debug/rtc_17xx_40xx.o
                0x00009b8a                Chip_RTC_Enable
 .text.Chip_RTC_CntIncrIntConfig
                0x00009bcc       0x4a VisualGDB/Debug/rtc_17xx_40xx.o
                0x00009bcc                Chip_RTC_CntIncrIntConfig
 .text.Chip_RTC_AlarmIntConfig
                0x00009c16       0x4a VisualGDB/Debug/rtc_17xx_40xx.o
                0x00009c16                Chip_RTC_AlarmIntConfig
 .text.Chip_RTC_SetFullTime
                0x00009c60       0x58 VisualGDB/Debug/rtc_17xx_40xx.o
                0x00009c60                Chip_RTC_SetFullTime
 .text.Chip_RTC_GetFullTime
                0x00009cb8       0x58 VisualGDB/Debug/rtc_17xx_40xx.o
                0x00009cb8                Chip_RTC_GetFullTime
 .text.Chip_RTC_SetFullAlarmTime
                0x00009d10       0x3a VisualGDB/Debug/rtc_17xx_40xx.o
                0x00009d10                Chip_RTC_SetFullAlarmTime
 .text.Chip_RTC_GetFullAlarmTime
                0x00009d4a       0x3a VisualGDB/Debug/rtc_17xx_40xx.o
                0x00009d4a                Chip_RTC_GetFullAlarmTime
 .text.Chip_RTC_CalibCounterCmd
                0x00009d84       0x42 VisualGDB/Debug/rtc_17xx_40xx.o
                0x00009d84                Chip_RTC_CalibCounterCmd
 .text.Chip_SPI_GetStatus
                0x00009dc6       0x16 VisualGDB/Debug/spi_17xx_40xx.o
 .text.Chip_SPI_SendFrame
                0x00009ddc       0x1c VisualGDB/Debug/spi_17xx_40xx.o
 .text.Chip_SPI_ReceiveFrame
                0x00009df8       0x18 VisualGDB/Debug/spi_17xx_40xx.o
 .text.Chip_SPI_SetClockCounter
                0x00009e10       0x1a VisualGDB/Debug/spi_17xx_40xx.o
 .text.Chip_SPI_GetDataSize
                0x00009e2a       0x30 VisualGDB/Debug/spi_17xx_40xx.o
 .text.Chip_SPI_SetMode
                0x00009e5a       0x26 VisualGDB/Debug/spi_17xx_40xx.o
 .text.Chip_SPI_Int_ClearStatus
                0x00009e80       0x1a VisualGDB/Debug/spi_17xx_40xx.o
 .text.executeCallback
                0x00009e9a       0x1c VisualGDB/Debug/spi_17xx_40xx.o
 .text.writeData
                0x00009eb6       0x5c VisualGDB/Debug/spi_17xx_40xx.o
 .text.readData
                0x00009f12       0x56 VisualGDB/Debug/spi_17xx_40xx.o
 .text.Chip_SPI_RWFrames_Blocking
                0x00009f68       0xbc VisualGDB/Debug/spi_17xx_40xx.o
                0x00009f68                Chip_SPI_RWFrames_Blocking
 .text.Chip_SPI_Int_FlushData
                0x0000a024       0x28 VisualGDB/Debug/spi_17xx_40xx.o
                0x0000a024                Chip_SPI_Int_FlushData
 .text.Chip_SPI_Int_RWFrames
                0x0000a04c       0xa6 VisualGDB/Debug/spi_17xx_40xx.o
                0x0000a04c                Chip_SPI_Int_RWFrames
 .text.Chip_SPI_Int_RWFrames8Bits
                0x0000a0f2       0x1e VisualGDB/Debug/spi_17xx_40xx.o
                0x0000a0f2                Chip_SPI_Int_RWFrames8Bits
 .text.Chip_SPI_Int_RWFrames16Bits
                0x0000a110       0x1e VisualGDB/Debug/spi_17xx_40xx.o
                0x0000a110                Chip_SPI_Int_RWFrames16Bits
 .text.Chip_SPI_SetBitRate
                0x0000a12e       0x4a VisualGDB/Debug/spi_17xx_40xx.o
                0x0000a12e                Chip_SPI_SetBitRate
 .text.Chip_SPI_Init
                0x0000a178       0x44 VisualGDB/Debug/spi_17xx_40xx.o
                0x0000a178                Chip_SPI_Init
 .text.Chip_SPI_DeInit
                0x0000a1bc       0x16 VisualGDB/Debug/spi_17xx_40xx.o
                0x0000a1bc                Chip_SPI_DeInit
 .text.Chip_SSP_Disable
                0x0000a1d2       0x1e VisualGDB/Debug/ssp_17xx_40xx.o
 .text.Chip_SSP_GetStatus
                0x0000a1f0       0x28 VisualGDB/Debug/ssp_17xx_40xx.o
 .text.Chip_SSP_GetRawIntStatus
                0x0000a218       0x28 VisualGDB/Debug/ssp_17xx_40xx.o
 .text.Chip_SSP_GetDataSize
                0x0000a240       0x1e VisualGDB/Debug/ssp_17xx_40xx.o
 .text.Chip_SSP_ClearIntPending
                0x0000a25e       0x1c VisualGDB/Debug/ssp_17xx_40xx.o
 .text.Chip_SSP_ReceiveFrame
                0x0000a27a       0x18 VisualGDB/Debug/ssp_17xx_40xx.o
 .text.Chip_SSP_SendFrame
                0x0000a292       0x1c VisualGDB/Debug/ssp_17xx_40xx.o
 .text.Chip_SSP_SetFormat
                0x0000a2ae       0x30 VisualGDB/Debug/ssp_17xx_40xx.o
 .text.Chip_SSP_Set_Mode
                0x0000a2de       0x24 VisualGDB/Debug/ssp_17xx_40xx.o
 .text.SSP_Write2BFifo
                0x0000a302       0x46 VisualGDB/Debug/ssp_17xx_40xx.o
 .text.SSP_Write1BFifo
                0x0000a348       0x46 VisualGDB/Debug/ssp_17xx_40xx.o
 .text.SSP_Read2BFifo
                0x0000a38e       0x5c VisualGDB/Debug/ssp_17xx_40xx.o
 .text.SSP_Read1BFifo
                0x0000a3ea       0x5c VisualGDB/Debug/ssp_17xx_40xx.o
 *fill*         0x0000a446        0x2 
 .text.Chip_SSP_GetClockIndex
                0x0000a448       0x2c VisualGDB/Debug/ssp_17xx_40xx.o
 .text.Chip_SSP_GetClkIndex
                0x0000a474       0x2c VisualGDB/Debug/ssp_17xx_40xx.o
 .text.Chip_SSP_SetClockRate
                0x0000a4a0       0x34 VisualGDB/Debug/ssp_17xx_40xx.o
                0x0000a4a0                Chip_SSP_SetClockRate
 .text.Chip_SSP_RWFrames_Blocking
                0x0000a4d4      0x106 VisualGDB/Debug/ssp_17xx_40xx.o
                0x0000a4d4                Chip_SSP_RWFrames_Blocking
 .text.Chip_SSP_WriteFrames_Blocking
                0x0000a5da      0x134 VisualGDB/Debug/ssp_17xx_40xx.o
                0x0000a5da                Chip_SSP_WriteFrames_Blocking
 .text.Chip_SSP_ReadFrames_Blocking
                0x0000a70e      0x144 VisualGDB/Debug/ssp_17xx_40xx.o
                0x0000a70e                Chip_SSP_ReadFrames_Blocking
 .text.Chip_SSP_Int_FlushData
                0x0000a852       0x4c VisualGDB/Debug/ssp_17xx_40xx.o
                0x0000a852                Chip_SSP_Int_FlushData
 .text.Chip_SSP_Int_RWFrames8Bits
                0x0000a89e       0x88 VisualGDB/Debug/ssp_17xx_40xx.o
                0x0000a89e                Chip_SSP_Int_RWFrames8Bits
 .text.Chip_SSP_Int_RWFrames16Bits
                0x0000a926       0x88 VisualGDB/Debug/ssp_17xx_40xx.o
                0x0000a926                Chip_SSP_Int_RWFrames16Bits
 .text.Chip_SSP_SetMaster
                0x0000a9ae       0x2c VisualGDB/Debug/ssp_17xx_40xx.o
                0x0000a9ae                Chip_SSP_SetMaster
 .text.Chip_SSP_SetBitRate
                0x0000a9da       0x74 VisualGDB/Debug/ssp_17xx_40xx.o
                0x0000a9da                Chip_SSP_SetBitRate
 *fill*         0x0000aa4e        0x2 
 .text.Chip_SSP_Init
                0x0000aa50       0x40 VisualGDB/Debug/ssp_17xx_40xx.o
                0x0000aa50                Chip_SSP_Init
 .text.Chip_SSP_DeInit
                0x0000aa90       0x24 VisualGDB/Debug/ssp_17xx_40xx.o
                0x0000aa90                Chip_SSP_DeInit
 .text.Chip_TIMER_Enable
                0x0000aab4       0x1e VisualGDB/Debug/stopwatch_17xx_40xx.o
 .text.Chip_TIMER_ReadCount
                0x0000aad2       0x16 VisualGDB/Debug/stopwatch_17xx_40xx.o
 .text.Chip_TIMER_PrescaleSet
                0x0000aae8       0x1a VisualGDB/Debug/stopwatch_17xx_40xx.o
 *fill*         0x0000ab02        0x2 
 .text.StopWatch_Init
                0x0000ab04       0x74 VisualGDB/Debug/stopwatch_17xx_40xx.o
                0x0000ab04                StopWatch_Init
 .text.StopWatch_Start
                0x0000ab78       0x14 VisualGDB/Debug/stopwatch_17xx_40xx.o
                0x0000ab78                StopWatch_Start
 .text.StopWatch_TicksPerSecond
                0x0000ab8c       0x14 VisualGDB/Debug/stopwatch_17xx_40xx.o
                0x0000ab8c                StopWatch_TicksPerSecond
 .text.StopWatch_TicksToMs
                0x0000aba0       0x20 VisualGDB/Debug/stopwatch_17xx_40xx.o
                0x0000aba0                StopWatch_TicksToMs
 .text.StopWatch_TicksToUs
                0x0000abc0       0x20 VisualGDB/Debug/stopwatch_17xx_40xx.o
                0x0000abc0                StopWatch_TicksToUs
 .text.StopWatch_MsToTicks
                0x0000abe0       0x20 VisualGDB/Debug/stopwatch_17xx_40xx.o
                0x0000abe0                StopWatch_MsToTicks
 .text.StopWatch_UsToTicks
                0x0000ac00       0x20 VisualGDB/Debug/stopwatch_17xx_40xx.o
                0x0000ac00                StopWatch_UsToTicks
 .text.Chip_SYSCTL_GetClrSleepFlags
                0x0000ac20       0x2c VisualGDB/Debug/sysctl_17xx_40xx.o
                0x0000ac20                Chip_SYSCTL_GetClrSleepFlags
 .text.Chip_Clock_IsMainPLLEnabled
                0x0000ac4c       0x24 VisualGDB/Debug/sysinit_17xx_40xx.o
 .text.Chip_Clock_IsMainPLLLocked
                0x0000ac70       0x24 VisualGDB/Debug/sysinit_17xx_40xx.o
 .text.Chip_Clock_IsMainPLLConnected
                0x0000ac94       0x24 VisualGDB/Debug/sysinit_17xx_40xx.o
 .text.Chip_Clock_EnableCrystal
                0x0000acb8       0x20 VisualGDB/Debug/sysinit_17xx_40xx.o
 .text.Chip_Clock_IsCrystalEnabled
                0x0000acd8       0x24 VisualGDB/Debug/sysinit_17xx_40xx.o
 .text.Chip_Clock_SetMainPLLSource
                0x0000acfc       0x20 VisualGDB/Debug/sysinit_17xx_40xx.o
 .text.Chip_SetupIrcClocking
                0x0000ad1c       0x6a VisualGDB/Debug/sysinit_17xx_40xx.o
                0x0000ad1c                Chip_SetupIrcClocking
 .text.Chip_SetupXtalClocking
                0x0000ad86       0x90 VisualGDB/Debug/sysinit_17xx_40xx.o
                0x0000ad86                Chip_SetupXtalClocking
 .text.Chip_SystemInit
                0x0000ae16        0xc VisualGDB/Debug/sysinit_17xx_40xx.o
                0x0000ae16                Chip_SystemInit
 *fill*         0x0000ae22        0x2 
 .text.Chip_Timer_GetClockIndex
                0x0000ae24       0x50 VisualGDB/Debug/timer_17xx_40xx.o
 .text.Chip_TIMER_Init
                0x0000ae74       0x1e VisualGDB/Debug/timer_17xx_40xx.o
                0x0000ae74                Chip_TIMER_Init
 .text.Chip_TIMER_DeInit
                0x0000ae92       0x1e VisualGDB/Debug/timer_17xx_40xx.o
                0x0000ae92                Chip_TIMER_DeInit
 .text.Chip_TIMER_Reset
                0x0000aeb0       0x3a VisualGDB/Debug/timer_17xx_40xx.o
                0x0000aeb0                Chip_TIMER_Reset
 .text.Chip_TIMER_ExtMatchControlSet
                0x0000aeea       0x70 VisualGDB/Debug/timer_17xx_40xx.o
                0x0000aeea                Chip_TIMER_ExtMatchControlSet
 .text.RingBuffer_IsEmpty
                0x0000af5a       0x28 VisualGDB/Debug/uart_17xx_40xx.o
 .text.Chip_UART_SendByte
                0x0000af82       0x1c VisualGDB/Debug/uart_17xx_40xx.o
 .text.Chip_UART_ReadByte
                0x0000af9e       0x18 VisualGDB/Debug/uart_17xx_40xx.o
 .text.Chip_UART_IntEnable
                0x0000afb6       0x20 VisualGDB/Debug/uart_17xx_40xx.o
 .text.Chip_UART_IntDisable
                0x0000afd6       0x22 VisualGDB/Debug/uart_17xx_40xx.o
 .text.Chip_UART_ReadIntIDReg
                0x0000aff8       0x16 VisualGDB/Debug/uart_17xx_40xx.o
 .text.Chip_UART_SetupFIFOS
                0x0000b00e       0x1a VisualGDB/Debug/uart_17xx_40xx.o
 .text.Chip_UART_ConfigData
                0x0000b028       0x1a VisualGDB/Debug/uart_17xx_40xx.o
 .text.Chip_UART_EnableDivisorAccess
                0x0000b042       0x1e VisualGDB/Debug/uart_17xx_40xx.o
 .text.Chip_UART_DisableDivisorAccess
                0x0000b060       0x1e VisualGDB/Debug/uart_17xx_40xx.o
 .text.Chip_UART_SetDivisorLatches
                0x0000b07e       0x26 VisualGDB/Debug/uart_17xx_40xx.o
 .text.Chip_UART_ReadLineStatus
                0x0000b0a4       0x16 VisualGDB/Debug/uart_17xx_40xx.o
 .text.Chip_UART_SetAutoBaudReg
                0x0000b0ba       0x20 VisualGDB/Debug/uart_17xx_40xx.o
 *fill*         0x0000b0da        0x2 
 .text.Chip_UART_GetClockIndex
                0x0000b0dc       0x50 VisualGDB/Debug/uart_17xx_40xx.o
 .text.Chip_UART_ABIntHandler
                0x0000b12c       0x6c VisualGDB/Debug/uart_17xx_40xx.o
 .text.Chip_UART_GetClkIndex
                0x0000b198       0x50 VisualGDB/Debug/uart_17xx_40xx.o
 .text.Chip_UART_Init
                0x0000b1e8       0x78 VisualGDB/Debug/uart_17xx_40xx.o
                0x0000b1e8                Chip_UART_Init
 .text.Chip_UART_DeInit
                0x0000b260       0x24 VisualGDB/Debug/uart_17xx_40xx.o
                0x0000b260                Chip_UART_DeInit
 .text.Chip_UART_TXEnable
                0x0000b284       0x18 VisualGDB/Debug/uart_17xx_40xx.o
                0x0000b284                Chip_UART_TXEnable
 .text.Chip_UART_TXDisable
                0x0000b29c       0x18 VisualGDB/Debug/uart_17xx_40xx.o
                0x0000b29c                Chip_UART_TXDisable
 .text.Chip_UART_Send
                0x0000b2b4       0x50 VisualGDB/Debug/uart_17xx_40xx.o
                0x0000b2b4                Chip_UART_Send
 .text.Chip_UART_CheckBusy
                0x0000b304       0x24 VisualGDB/Debug/uart_17xx_40xx.o
                0x0000b304                Chip_UART_CheckBusy
 .text.Chip_UART_SendBlocking
                0x0000b328       0x4a VisualGDB/Debug/uart_17xx_40xx.o
                0x0000b328                Chip_UART_SendBlocking
 .text.Chip_UART_Read
                0x0000b372       0x52 VisualGDB/Debug/uart_17xx_40xx.o
                0x0000b372                Chip_UART_Read
 .text.Chip_UART_ReadBlocking
                0x0000b3c4       0x4c VisualGDB/Debug/uart_17xx_40xx.o
                0x0000b3c4                Chip_UART_ReadBlocking
 .text.Chip_UART_SetBaud
                0x0000b410       0x62 VisualGDB/Debug/uart_17xx_40xx.o
                0x0000b410                Chip_UART_SetBaud
 .text.Chip_UART_RXIntHandlerRB
                0x0000b472       0x3c VisualGDB/Debug/uart_17xx_40xx.o
                0x0000b472                Chip_UART_RXIntHandlerRB
 .text.Chip_UART_TXIntHandlerRB
                0x0000b4ae       0x40 VisualGDB/Debug/uart_17xx_40xx.o
                0x0000b4ae                Chip_UART_TXIntHandlerRB
 .text.Chip_UART_SendRB
                0x0000b4ee       0x60 VisualGDB/Debug/uart_17xx_40xx.o
                0x0000b4ee                Chip_UART_SendRB
 .text.Chip_UART_ReadRB
                0x0000b54e       0x22 VisualGDB/Debug/uart_17xx_40xx.o
                0x0000b54e                Chip_UART_ReadRB
 .text.Chip_UART_IRQRBHandler
                0x0000b570       0x4a VisualGDB/Debug/uart_17xx_40xx.o
                0x0000b570                Chip_UART_IRQRBHandler
 .text.Chip_UART_SetBaudFDR
                0x0000b5ba      0x21c VisualGDB/Debug/uart_17xx_40xx.o
                0x0000b5ba                Chip_UART_SetBaudFDR
 *fill*         0x0000b7d6        0x2 
 .text.Chip_UART_GetABEOStatus
                0x0000b7d8       0x1c VisualGDB/Debug/uart_17xx_40xx.o
                0x0000b7d8                Chip_UART_GetABEOStatus
 .text.Chip_UART_ABCmd
                0x0000b7f4       0x80 VisualGDB/Debug/uart_17xx_40xx.o
                0x0000b7f4                Chip_UART_ABCmd
 .text.Chip_WWDT_Init
                0x0000b874       0x1e VisualGDB/Debug/wwdt_17xx_40xx.o
                0x0000b874                Chip_WWDT_Init
 .text.Chip_WWDT_ClearStatusFlag
                0x0000b892       0x40 VisualGDB/Debug/wwdt_17xx_40xx.o
                0x0000b892                Chip_WWDT_ClearStatusFlag
 *fill*         0x0000b8d2        0x2 
 .text.iap_entry
                0x0000b8d4       0x20 VisualGDB/Debug/eeprom.o
 .text.Chip_EEPROM_Write
                0x0000b8f4       0x50 VisualGDB/Debug/eeprom.o
                0x0000b8f4                Chip_EEPROM_Write
 .text.Chip_EEPROM_Read
                0x0000b944       0x50 VisualGDB/Debug/eeprom.o
                0x0000b944                Chip_EEPROM_Read
 .text.iap_entry
                0x0000b994       0x20 VisualGDB/Debug/iap.o
 .text.Chip_IAP_PreSectorForReadWrite
                0x0000b9b4       0x32 VisualGDB/Debug/iap.o
                0x0000b9b4                Chip_IAP_PreSectorForReadWrite
 *fill*         0x0000b9e6        0x2 
 .text.Chip_IAP_CopyRamToFlash
                0x0000b9e8       0x50 VisualGDB/Debug/iap.o
                0x0000b9e8                Chip_IAP_CopyRamToFlash
 .text.Chip_IAP_EraseSector
                0x0000ba38       0x48 VisualGDB/Debug/iap.o
                0x0000ba38                Chip_IAP_EraseSector
 .text.Chip_IAP_BlankCheckSector
                0x0000ba80       0x32 VisualGDB/Debug/iap.o
                0x0000ba80                Chip_IAP_BlankCheckSector
 .text.Chip_IAP_ReadPID
                0x0000bab2       0x22 VisualGDB/Debug/iap.o
                0x0000bab2                Chip_IAP_ReadPID
 .text.Chip_IAP_ReadBootCode
                0x0000bad4       0x24 VisualGDB/Debug/iap.o
                0x0000bad4                Chip_IAP_ReadBootCode
 .text.Chip_IAP_Compare
                0x0000baf8       0x38 VisualGDB/Debug/iap.o
                0x0000baf8                Chip_IAP_Compare
 .text.Chip_IAP_ReinvokeISP
                0x0000bb30       0x24 VisualGDB/Debug/iap.o
                0x0000bb30                Chip_IAP_ReinvokeISP
 .text.Chip_IAP_ReadUID
                0x0000bb54       0x22 VisualGDB/Debug/iap.o
                0x0000bb54                Chip_IAP_ReadUID
 *fill*         0x0000bb76        0x2 
 .text.Chip_IAP_ErasePage
                0x0000bb78       0x48 VisualGDB/Debug/iap.o
                0x0000bb78                Chip_IAP_ErasePage
 .text.RingBuffer_GetCount
                0x0000bbc0       0x20 VisualGDB/Debug/ring_buffer.o
 .text.RingBuffer_GetFree
                0x0000bbe0       0x1e VisualGDB/Debug/ring_buffer.o
 .text.RingBuffer_IsFull
                0x0000bbfe       0x26 VisualGDB/Debug/ring_buffer.o
 .text.RingBuffer_IsEmpty
                0x0000bc24       0x28 VisualGDB/Debug/ring_buffer.o
 .text.RingBuffer_Init
                0x0000bc4c       0x3a VisualGDB/Debug/ring_buffer.o
                0x0000bc4c                RingBuffer_Init
 .text.RingBuffer_Insert
                0x0000bc86       0x5c VisualGDB/Debug/ring_buffer.o
                0x0000bc86                RingBuffer_Insert
 .text.RingBuffer_InsertMult
                0x0000bce2      0x122 VisualGDB/Debug/ring_buffer.o
                0x0000bce2                RingBuffer_InsertMult