C:/Users/Hp/OneDrive/Desktop/Freelancing/Freelancer/Selected Projects/3. Firmware for LPC1768/2. Testing/VisualGDB/Local/LPC1768-GPIO/EmbeddedProject11/BSP/LPC17xx_40xx/lpc_chip_17xx/lpc_chip/chip_17xx_40xx/clock_17xx_40xx.h:874:24:Chip_Clock_GetENETClockRate	8	static
C:/Users/Hp/OneDrive/Desktop/Freelancing/Freelancer/Selected Projects/3. Firmware for LPC1768/2. Testing/VisualGDB/Local/LPC1768-GPIO/EmbeddedProject11/BSP/LPC17xx_40xx/lpc_chip_17xx/lpc_chip/chip_17xx_40xx/enet_17xx_40xx.h:499:20:Chip_ENET_Reset	16	static
C:/Users/Hp/OneDrive/Desktop/Freelancing/Freelancer/Selected Projects/3. Firmware for LPC1768/2. Testing/VisualGDB/Local/LPC1768-GPIO/EmbeddedProject11/BSP/LPC17xx_40xx/lpc_chip_17xx/lpc_chip/chip_17xx_40xx/enet_17xx_40xx.c:53:20:resetENET	24	static
C:/Users/Hp/OneDrive/Desktop/Freelancing/Freelancer/Selected Projects/3. Firmware for LPC1768/2. Testing/VisualGDB/Local/LPC1768-GPIO/EmbeddedProject11/BSP/LPC17xx_40xx/lpc_chip_17xx/lpc_chip/chip_17xx_40xx/enet_17xx_40xx.c:71:6:Chip_ENET_Init	16	static
C:/Users/Hp/OneDrive/Desktop/Freelancing/Freelancer/Selected Projects/3. Firmware for LPC1768/2. Testing/VisualGDB/Local/LPC1768-GPIO/EmbeddedProject11/BSP/LPC17xx_40xx/lpc_chip_17xx/lpc_chip/chip_17xx_40xx/enet_17xx_40xx.c:105:6:Chip_ENET_DeInit	16	static
C:/Users/Hp/OneDrive/Desktop/Freelancing/Freelancer/Selected Projects/3. Firmware for LPC1768/2. Testing/VisualGDB/Local/LPC1768-GPIO/EmbeddedProject11/BSP/LPC17xx_40xx/lpc_chip_17xx/lpc_chip/chip_17xx_40xx/enet_17xx_40xx.c:121:6:Chip_ENET_SetupMII	24	static
C:/Users/Hp/OneDrive/Desktop/Freelancing/Freelancer/Selected Projects/3. Firmware for LPC1768/2. Testing/VisualGDB/Local/LPC1768-GPIO/EmbeddedProject11/BSP/LPC17xx_40xx/lpc_chip_17xx/lpc_chip/chip_17xx_40xx/enet_17xx_40xx.c:134:10:Chip_ENET_FindMIIDiv	24	static
C:/Users/Hp/OneDrive/Desktop/Freelancing/Freelancer/Selected Projects/3. Firmware for LPC1768/2. Testing/VisualGDB/Local/LPC1768-GPIO/EmbeddedProject11/BSP/LPC17xx_40xx/lpc_chip_17xx/lpc_chip/chip_17xx_40xx/enet_17xx_40xx.c:154:6:Chip_ENET_StartMIIWrite	16	static
C:/Users/Hp/OneDrive/Desktop/Freelancing/Freelancer/Selected Projects/3. Firmware for LPC1768/2. Testing/VisualGDB/Local/LPC1768-GPIO/EmbeddedProject11/BSP/LPC17xx_40xx/lpc_chip_17xx/lpc_chip/chip_17xx_40xx/enet_17xx_40xx.c:163:6:Chip_ENET_StartMIIRead	16	static
C:/Users/Hp/OneDrive/Desktop/Freelancing/Freelancer/Selected Projects/3. Firmware for LPC1768/2. Testing/VisualGDB/Local/LPC1768-GPIO/EmbeddedProject11/BSP/LPC17xx_40xx/lpc_chip_17xx/lpc_chip/chip_17xx_40xx/enet_17xx_40xx.c:171:10:Chip_ENET_ReadMIIData	16	static
C:/Users/Hp/OneDrive/Desktop/Freelancing/Freelancer/Selected Projects/3. Firmware for LPC1768/2. Testing/VisualGDB/Local/LPC1768-GPIO/EmbeddedProject11/BSP/LPC17xx_40xx/lpc_chip_17xx/lpc_chip/chip_17xx_40xx/enet_17xx_40xx.c:178:6:Chip_ENET_SetFullDuplex	16	static
C:/Users/Hp/OneDrive/Desktop/Freelancing/Freelancer/Selected Projects/3. Firmware for LPC1768/2. Testing/VisualGDB/Local/LPC1768-GPIO/EmbeddedProject11/BSP/LPC17xx_40xx/lpc_chip_17xx/lpc_chip/chip_17xx_40xx/enet_17xx_40xx.c:186:6:Chip_ENET_SetHalfDuplex	16	static
C:/Users/Hp/OneDrive/Desktop/Freelancing/Freelancer/Selected Projects/3. Firmware for LPC1768/2. Testing/VisualGDB/Local/LPC1768-GPIO/EmbeddedProject11/BSP/LPC17xx_40xx/lpc_chip_17xx/lpc_chip/chip_17xx_40xx/enet_17xx_40xx.c:194:6:Chip_ENET_InitTxDescriptors	24	static
C:/Users/Hp/OneDrive/Desktop/Freelancing/Freelancer/Selected Projects/3. Firmware for LPC1768/2. Testing/VisualGDB/Local/LPC1768-GPIO/EmbeddedProject11/BSP/LPC17xx_40xx/lpc_chip_17xx/lpc_chip/chip_17xx_40xx/enet_17xx_40xx.c:207:6:Chip_ENET_InitRxDescriptors	24	static
C:/Users/Hp/OneDrive/Desktop/Freelancing/Freelancer/Selected Projects/3. Firmware for LPC1768/2. Testing/VisualGDB/Local/LPC1768-GPIO/EmbeddedProject11/BSP/LPC17xx_40xx/lpc_chip_17xx/lpc_chip/chip_17xx_40xx/enet_17xx_40xx.c:220:20:Chip_ENET_GetBufferStatus	24	static
C:/Users/Hp/OneDrive/Desktop/Freelancing/Freelancer/Selected Projects/3. Firmware for LPC1768/2. Testing/VisualGDB/Local/LPC1768-GPIO/EmbeddedProject11/BSP/LPC17xx_40xx/lpc_chip_17xx/lpc_chip/chip_17xx_40xx/enet_17xx_40xx.c:245:10:Chip_ENET_GetFillDescNum	24	static
C:/Users/Hp/OneDrive/Desktop/Freelancing/Freelancer/Selected Projects/3. Firmware for LPC1768/2. Testing/VisualGDB/Local/LPC1768-GPIO/EmbeddedProject11/BSP/LPC17xx_40xx/lpc_chip_17xx/lpc_chip/chip_17xx_40xx/enet_17xx_40xx.c:260:10:Chip_ENET_IncTXProduceIndex	24	static
C:/Users/Hp/OneDrive/Desktop/Freelancing/Freelancer/Selected Projects/3. Firmware for LPC1768/2. Testing/VisualGDB/Local/LPC1768-GPIO/EmbeddedProject11/BSP/LPC17xx_40xx/lpc_chip_17xx/lpc_chip/chip_17xx_40xx/enet_17xx_40xx.c:276:10:Chip_ENET_IncRXConsumeIndex	24	static
