C:/Users/Hp/OneDrive/Desktop/Freelancing/Freelancer/Selected Projects/3. Firmware for LPC1768/2. Testing/VisualGDB/Local/LPC1768-GPIO/EmbeddedProject11/BSP/LPC17xx_40xx/lpc_chip_17xx/CMSIS/CMSIS/Include/core_cm3.h:1405:22:NVIC_SetPriority	16	static
C:/Users/Hp/OneDrive/Desktop/Freelancing/Freelancer/Selected Projects/3. Firmware for LPC1768/2. Testing/VisualGDB/Local/LPC1768-GPIO/EmbeddedProject11/BSP/LPC17xx_40xx/lpc_chip_17xx/CMSIS/CMSIS/Include/core_cm3.h:1532:26:SysTick_Config	16	static
C:/Users/Hp/OneDrive/Desktop/Freelancing/Freelancer/Selected Projects/3. Firmware for LPC1768/2. Testing/VisualGDB/Local/LPC1768-GPIO/EmbeddedProject11/BSP/LPC17xx_40xx/lpc_chip_17xx/lpc_chip/chip_17xx_40xx/gpio_17xx_40xx.h:64:20:Chip_GPIO_Init	16	static
C:/Users/Hp/OneDrive/Desktop/Freelancing/Freelancer/Selected Projects/3. Firmware for LPC1768/2. Testing/VisualGDB/Local/LPC1768-GPIO/EmbeddedProject11/BSP/LPC17xx_40xx/lpc_chip_17xx/lpc_chip/chip_17xx_40xx/gpio_17xx_40xx.h:88:20:Chip_GPIO_SetPinState	16	static
C:/Users/Hp/OneDrive/Desktop/Freelancing/Freelancer/Selected Projects/3. Firmware for LPC1768/2. Testing/VisualGDB/Local/LPC1768-GPIO/EmbeddedProject11/BSP/LPC17xx_40xx/lpc_chip_17xx/lpc_chip/chip_17xx_40xx/gpio_17xx_40xx.h:106:20:Chip_GPIO_WritePortBit	24	static
C:/Users/Hp/OneDrive/Desktop/Freelancing/Freelancer/Selected Projects/3. Firmware for LPC1768/2. Testing/VisualGDB/Local/LPC1768-GPIO/EmbeddedProject11/BSP/LPC17xx_40xx/lpc_chip_17xx/lpc_chip/chip_17xx_40xx/gpio_17xx_40xx.h:244:20:Chip_GPIO_SetPortDIROutput	24	static
LEDBlink.c:8:6:SysTick_Handler	4	static
LEDBlink.c:13:6:Delay	24	static
LEDBlink.c:29:5:main	8	static
