C:/Users/Hp/OneDrive/Desktop/EmbeddedProject11/BSP/LPC17xx_40xx/lpc_chip_17xx/CMSIS/CMSIS/Include/core_cm3.h:1405:22:NVIC_SetPriority	16	static
C:/Users/Hp/OneDrive/Desktop/EmbeddedProject11/BSP/LPC17xx_40xx/lpc_chip_17xx/CMSIS/CMSIS/Include/core_cm3.h:1532:26:SysTick_Config	16	static
lwip/lpclwip/arch/lpc17xx_40xx_systick_arch.c:71:6:SysTick_Enable	16	static
lwip/lpclwip/arch/lpc17xx_40xx_systick_arch.c:89:6:SysTick_Disable	4	static
lwip/lpclwip/arch/lpc17xx_40xx_systick_arch.c:106:6:SysTick_Handler	4	static
lwip/lpclwip/arch/lpc17xx_40xx_systick_arch.c:123:10:SysTick_GetMS	4	static
lwip/lpclwip/arch/lpc17xx_40xx_systick_arch.c:129:6:msDelay	24	static
lwip/lpclwip/arch/lpc17xx_40xx_systick_arch.c:141:7:sys_now	8	static
