C:/Users/Hp/OneDrive/Desktop/EmbeddedProject11/BSP/LPC17xx_40xx/lpc_chip_17xx/lpc_chip/chip_17xx_40xx/enet_17xx_40xx.h:563:20:Chip_ENET_IsMIIBusy	16	static
lpc_core/lpc_board/board_common/lpc_phy_dp83848.c:102:15:lpc_mii_write	24	static
lpc_core/lpc_board/board_common/lpc_phy_dp83848.c:127:15:lpc_mii_read	24	static
lpc_core/lpc_board/board_common/lpc_phy_dp83848.c:152:13:lpc_update_phy_sts	16	static
lpc_core/lpc_board/board_common/lpc_phy_dp83848.c:187:10:lpc_phy_init	24	static
lpc_core/lpc_board/board_common/lpc_phy_dp83848.c:253:10:lpcPHYStsPoll	8	static
