ModBus Src/modbus/rtu/mbrtu_m.c:90:1:eMBMasterRTUInit	24	static
ModBus Src/modbus/rtu/mbrtu_m.c:134:1:eMBMasterRTUStart	8	static
ModBus Src/modbus/rtu/mbrtu_m.c:150:1:eMBMasterRTUStop	8	static
ModBus Src/modbus/rtu/mbrtu_m.c:159:1:eMBMasterRTUReceive	32	static
ModBus Src/modbus/rtu/mbrtu_m.c:193:1:eMBMasterRTUSend	24	static
ModBus Src/modbus/rtu/mbrtu_m.c:234:1:xMBMasterRTUReceiveFSM	16	static
ModBus Src/modbus/rtu/mbrtu_m.c:301:1:xMBMasterRTUTransmitFSM	16	static
ModBus Src/modbus/rtu/mbrtu_m.c:352:1:xMBMasterRTUTimerExpired	16	static
ModBus Src/modbus/rtu/mbrtu_m.c:413:6:vMBMasterGetRTUSndBuf	16	static
ModBus Src/modbus/rtu/mbrtu_m.c:419:6:vMBMasterGetPDUSndBuf	16	static
ModBus Src/modbus/rtu/mbrtu_m.c:425:6:vMBMasterSetPDUSndLength	16	static
ModBus Src/modbus/rtu/mbrtu_m.c:431:8:usMBMasterGetPDUSndLength	4	static
ModBus Src/modbus/rtu/mbrtu_m.c:437:6:vMBMasterSetCurTimerMode	16	static
ModBus Src/modbus/rtu/mbrtu_m.c:443:6:xMBMasterRequestIsBroadcast	4	static
