C:/Users/Hp/OneDrive/Desktop/EmbeddedProject11/BSP/LPC17xx_40xx/StartupFiles/ORIGINAL_cr_startup_lpc175x_6x.c:15:29:NMI_Handler	4	static
C:/Users/Hp/OneDrive/Desktop/EmbeddedProject11/BSP/LPC17xx_40xx/StartupFiles/ORIGINAL_cr_startup_lpc175x_6x.c:23:29:HardFault_Handler	4	static
C:/Users/Hp/OneDrive/Desktop/EmbeddedProject11/BSP/LPC17xx_40xx/StartupFiles/ORIGINAL_cr_startup_lpc175x_6x.c:31:29:MemManage_Handler	4	static
C:/Users/Hp/OneDrive/Desktop/EmbeddedProject11/BSP/LPC17xx_40xx/StartupFiles/ORIGINAL_cr_startup_lpc175x_6x.c:39:29:BusFault_Handler	4	static
C:/Users/Hp/OneDrive/Desktop/EmbeddedProject11/BSP/LPC17xx_40xx/StartupFiles/ORIGINAL_cr_startup_lpc175x_6x.c:47:29:UsageFault_Handler	4	static
C:/Users/Hp/OneDrive/Desktop/EmbeddedProject11/BSP/LPC17xx_40xx/StartupFiles/ORIGINAL_cr_startup_lpc175x_6x.c:55:29:SVC_Handler	4	static
C:/Users/Hp/OneDrive/Desktop/EmbeddedProject11/BSP/LPC17xx_40xx/StartupFiles/ORIGINAL_cr_startup_lpc175x_6x.c:63:29:DebugMon_Handler	4	static
C:/Users/Hp/OneDrive/Desktop/EmbeddedProject11/BSP/LPC17xx_40xx/StartupFiles/ORIGINAL_cr_startup_lpc175x_6x.c:71:29:PendSV_Handler	4	static
C:/Users/Hp/OneDrive/Desktop/EmbeddedProject11/BSP/LPC17xx_40xx/StartupFiles/ORIGINAL_cr_startup_lpc175x_6x.c:79:29:SysTick_Handler	4	static
C:/Users/Hp/OneDrive/Desktop/EmbeddedProject11/BSP/LPC17xx_40xx/StartupFiles/ORIGINAL_cr_startup_lpc175x_6x.c:87:29:WDT_IRQHandler	4	static
C:/Users/Hp/OneDrive/Desktop/EmbeddedProject11/BSP/LPC17xx_40xx/StartupFiles/ORIGINAL_cr_startup_lpc175x_6x.c:95:29:TIMER0_IRQHandler	4	static
C:/Users/Hp/OneDrive/Desktop/EmbeddedProject11/BSP/LPC17xx_40xx/StartupFiles/ORIGINAL_cr_startup_lpc175x_6x.c:103:29:TIMER1_IRQHandler	4	static
C:/Users/Hp/OneDrive/Desktop/EmbeddedProject11/BSP/LPC17xx_40xx/StartupFiles/ORIGINAL_cr_startup_lpc175x_6x.c:111:29:TIMER2_IRQHandler	4	static
C:/Users/Hp/OneDrive/Desktop/EmbeddedProject11/BSP/LPC17xx_40xx/StartupFiles/ORIGINAL_cr_startup_lpc175x_6x.c:119:29:TIMER3_IRQHandler	4	static
C:/Users/Hp/OneDrive/Desktop/EmbeddedProject11/BSP/LPC17xx_40xx/StartupFiles/ORIGINAL_cr_startup_lpc175x_6x.c:127:29:UART0_IRQHandler	4	static
C:/Users/Hp/OneDrive/Desktop/EmbeddedProject11/BSP/LPC17xx_40xx/StartupFiles/ORIGINAL_cr_startup_lpc175x_6x.c:135:29:UART1_IRQHandler	4	static
C:/Users/Hp/OneDrive/Desktop/EmbeddedProject11/BSP/LPC17xx_40xx/StartupFiles/ORIGINAL_cr_startup_lpc175x_6x.c:143:29:UART2_IRQHandler	4	static
C:/Users/Hp/OneDrive/Desktop/EmbeddedProject11/BSP/LPC17xx_40xx/StartupFiles/ORIGINAL_cr_startup_lpc175x_6x.c:151:29:UART3_IRQHandler	4	static
C:/Users/Hp/OneDrive/Desktop/EmbeddedProject11/BSP/LPC17xx_40xx/StartupFiles/ORIGINAL_cr_startup_lpc175x_6x.c:159:29:PWM1_IRQHandler	4	static
C:/Users/Hp/OneDrive/Desktop/EmbeddedProject11/BSP/LPC17xx_40xx/StartupFiles/ORIGINAL_cr_startup_lpc175x_6x.c:167:29:I2C0_IRQHandler	4	static
C:/Users/Hp/OneDrive/Desktop/EmbeddedProject11/BSP/LPC17xx_40xx/StartupFiles/ORIGINAL_cr_startup_lpc175x_6x.c:175:29:I2C1_IRQHandler	4	static
C:/Users/Hp/OneDrive/Desktop/EmbeddedProject11/BSP/LPC17xx_40xx/StartupFiles/ORIGINAL_cr_startup_lpc175x_6x.c:183:29:I2C2_IRQHandler	4	static
C:/Users/Hp/OneDrive/Desktop/EmbeddedProject11/BSP/LPC17xx_40xx/StartupFiles/ORIGINAL_cr_startup_lpc175x_6x.c:191:29:SPI_IRQHandler	4	static
C:/Users/Hp/OneDrive/Desktop/EmbeddedProject11/BSP/LPC17xx_40xx/StartupFiles/ORIGINAL_cr_startup_lpc175x_6x.c:199:29:SSP0_IRQHandler	4	static
C:/Users/Hp/OneDrive/Desktop/EmbeddedProject11/BSP/LPC17xx_40xx/StartupFiles/ORIGINAL_cr_startup_lpc175x_6x.c:207:29:SSP1_IRQHandler	4	static
C:/Users/Hp/OneDrive/Desktop/EmbeddedProject11/BSP/LPC17xx_40xx/StartupFiles/ORIGINAL_cr_startup_lpc175x_6x.c:215:29:PLL0_IRQHandler	4	static
C:/Users/Hp/OneDrive/Desktop/EmbeddedProject11/BSP/LPC17xx_40xx/StartupFiles/ORIGINAL_cr_startup_lpc175x_6x.c:223:29:RTC_IRQHandler	4	static
C:/Users/Hp/OneDrive/Desktop/EmbeddedProject11/BSP/LPC17xx_40xx/StartupFiles/ORIGINAL_cr_startup_lpc175x_6x.c:231:29:EINT0_IRQHandler	4	static
C:/Users/Hp/OneDrive/Desktop/EmbeddedProject11/BSP/LPC17xx_40xx/StartupFiles/ORIGINAL_cr_startup_lpc175x_6x.c:239:29:EINT1_IRQHandler	4	static
C:/Users/Hp/OneDrive/Desktop/EmbeddedProject11/BSP/LPC17xx_40xx/StartupFiles/ORIGINAL_cr_startup_lpc175x_6x.c:247:29:EINT2_IRQHandler	4	static
C:/Users/Hp/OneDrive/Desktop/EmbeddedProject11/BSP/LPC17xx_40xx/StartupFiles/ORIGINAL_cr_startup_lpc175x_6x.c:255:29:EINT3_IRQHandler	4	static
C:/Users/Hp/OneDrive/Desktop/EmbeddedProject11/BSP/LPC17xx_40xx/StartupFiles/ORIGINAL_cr_startup_lpc175x_6x.c:263:29:ADC_IRQHandler	4	static
C:/Users/Hp/OneDrive/Desktop/EmbeddedProject11/BSP/LPC17xx_40xx/StartupFiles/ORIGINAL_cr_startup_lpc175x_6x.c:271:29:BOD_IRQHandler	4	static
C:/Users/Hp/OneDrive/Desktop/EmbeddedProject11/BSP/LPC17xx_40xx/StartupFiles/ORIGINAL_cr_startup_lpc175x_6x.c:279:29:USB_IRQHandler	4	static
C:/Users/Hp/OneDrive/Desktop/EmbeddedProject11/BSP/LPC17xx_40xx/StartupFiles/ORIGINAL_cr_startup_lpc175x_6x.c:287:29:CAN_IRQHandler	4	static
C:/Users/Hp/OneDrive/Desktop/EmbeddedProject11/BSP/LPC17xx_40xx/StartupFiles/ORIGINAL_cr_startup_lpc175x_6x.c:295:29:DMA_IRQHandler	4	static
C:/Users/Hp/OneDrive/Desktop/EmbeddedProject11/BSP/LPC17xx_40xx/StartupFiles/ORIGINAL_cr_startup_lpc175x_6x.c:303:29:I2S_IRQHandler	4	static
C:/Users/Hp/OneDrive/Desktop/EmbeddedProject11/BSP/LPC17xx_40xx/StartupFiles/ORIGINAL_cr_startup_lpc175x_6x.c:311:29:ENET_IRQHandler	4	static
C:/Users/Hp/OneDrive/Desktop/EmbeddedProject11/BSP/LPC17xx_40xx/StartupFiles/ORIGINAL_cr_startup_lpc175x_6x.c:319:29:RIT_IRQHandler	4	static
C:/Users/Hp/OneDrive/Desktop/EmbeddedProject11/BSP/LPC17xx_40xx/StartupFiles/ORIGINAL_cr_startup_lpc175x_6x.c:327:29:MCPWM_IRQHandler	4	static
C:/Users/Hp/OneDrive/Desktop/EmbeddedProject11/BSP/LPC17xx_40xx/StartupFiles/ORIGINAL_cr_startup_lpc175x_6x.c:335:29:QEI_IRQHandler	4	static
C:/Users/Hp/OneDrive/Desktop/EmbeddedProject11/BSP/LPC17xx_40xx/StartupFiles/ORIGINAL_cr_startup_lpc175x_6x.c:343:29:PLL1_IRQHandler	4	static
C:/Users/Hp/OneDrive/Desktop/EmbeddedProject11/BSP/LPC17xx_40xx/StartupFiles/ORIGINAL_cr_startup_lpc175x_6x.c:351:29:USBActivity_IRQHandler	4	static
C:/Users/Hp/OneDrive/Desktop/EmbeddedProject11/BSP/LPC17xx_40xx/StartupFiles/ORIGINAL_cr_startup_lpc175x_6x.c:359:29:CANActivity_IRQHandler	4	static
C:/Users/Hp/OneDrive/Desktop/EmbeddedProject11/BSP/LPC17xx_40xx/StartupFiles/ORIGINAL_cr_startup_lpc175x_6x.c:476:39:Reset_Handler	0	static
C:/Users/Hp/OneDrive/Desktop/EmbeddedProject11/BSP/LPC17xx_40xx/StartupFiles/ORIGINAL_cr_startup_lpc175x_6x.c:497:39:Default_Handler	0	static
