C:/Users/Hp/OneDrive/Desktop/EmbeddedProject11/BSP/LPC17xx_40xx/lpc_chip_17xx/CMSIS/CMSIS/Include/core_cm3.h:1323:22:NVIC_EnableIRQ	16	static
C:/Users/Hp/OneDrive/Desktop/EmbeddedProject11/BSP/LPC17xx_40xx/lpc_chip_17xx/CMSIS/CMSIS/Include/core_cm3.h:1335:22:NVIC_DisableIRQ	16	static
C:/Users/Hp/OneDrive/Desktop/EmbeddedProject11/BSP/LPC17xx_40xx/lpc_chip_17xx/lpc_chip/chip_17xx_40xx/timer_17xx_40xx.h:159:20:Chip_TIMER_Enable	16	static
C:/Users/Hp/OneDrive/Desktop/EmbeddedProject11/BSP/LPC17xx_40xx/lpc_chip_17xx/lpc_chip/chip_17xx_40xx/timer_17xx_40xx.h:170:20:Chip_TIMER_Disable	16	static
C:/Users/Hp/OneDrive/Desktop/EmbeddedProject11/BSP/LPC17xx_40xx/lpc_chip_17xx/lpc_chip/chip_17xx_40xx/timer_17xx_40xx.h:217:20:Chip_TIMER_SetMatch	24	static
C:/Users/Hp/OneDrive/Desktop/EmbeddedProject11/BSP/LPC17xx_40xx/lpc_chip_17xx/lpc_chip/chip_17xx_40xx/timer_17xx_40xx.h:248:20:Chip_TIMER_MatchEnableInt	16	static
C:/Users/Hp/OneDrive/Desktop/EmbeddedProject11/BSP/LPC17xx_40xx/lpc_chip_17xx/lpc_chip/chip_17xx_40xx/timer_17xx_40xx.h:270:20:Chip_TIMER_ResetOnMatchEnable	16	static
ModBus_Src/port/RTU/porttimer_m.c:40:6:xMBMasterPortTimersInit	16	static
ModBus_Src/port/RTU/porttimer_m.c:61:6:vMBMasterPortTimersT35Enable	8	static
ModBus_Src/port/RTU/porttimer_m.c:78:6:vMBMasterPortTimersConvertDelayEnable	8	static
ModBus_Src/port/RTU/porttimer_m.c:95:6:vMBMasterPortTimersRespondTimeoutEnable	8	static
ModBus_Src/port/RTU/porttimer_m.c:112:6:vMBMasterPortTimersDisable	8	static
ModBus_Src/port/RTU/porttimer_m.c:119:6:prvvTIMERExpiredISR	8	static
ModBus_Src/port/RTU/porttimer_m.c:124:6:TIMER0_IRQHandler	8	static
