C:/Users/Hp/OneDrive/Desktop/EmbeddedProject11/BSP/LPC17xx_40xx/lpc_chip_17xx/CMSIS/CMSIS/Include/core_cm3.h:1323:22:NVIC_EnableIRQ	16	static
C:/Users/Hp/OneDrive/Desktop/EmbeddedProject11/BSP/LPC17xx_40xx/lpc_chip_17xx/CMSIS/CMSIS/Include/core_cm3.h:1363:22:NVIC_SetPendingIRQ	16	static
C:/Users/Hp/OneDrive/Desktop/EmbeddedProject11/BSP/LPC17xx_40xx/lpc_chip_17xx/CMSIS/CMSIS/Include/core_cm3.h:1405:22:NVIC_SetPriority	16	static
C:/Users/Hp/OneDrive/Desktop/EmbeddedProject11/BSP/LPC17xx_40xx/lpc_chip_17xx/lpc_chip/chip_17xx_40xx/uart_17xx_40xx.h:322:23:Chip_UART_ReadByte	16	static
C:/Users/Hp/OneDrive/Desktop/EmbeddedProject11/BSP/LPC17xx_40xx/lpc_chip_17xx/lpc_chip/chip_17xx_40xx/uart_17xx_40xx.h:337:20:Chip_UART_IntEnable	16	static
C:/Users/Hp/OneDrive/Desktop/EmbeddedProject11/BSP/LPC17xx_40xx/lpc_chip_17xx/lpc_chip/chip_17xx_40xx/uart_17xx_40xx.h:352:20:Chip_UART_IntDisable	16	static
C:/Users/Hp/OneDrive/Desktop/EmbeddedProject11/BSP/LPC17xx_40xx/lpc_chip_17xx/lpc_chip/chip_17xx_40xx/uart_17xx_40xx.h:390:20:Chip_UART_SetupFIFOS	16	static
C:/Users/Hp/OneDrive/Desktop/EmbeddedProject11/BSP/LPC17xx_40xx/lpc_chip_17xx/lpc_chip/chip_17xx_40xx/uart_17xx_40xx.h:405:20:Chip_UART_ConfigData	16	static
ModBus_Src/port/RTU/portserial_m.c:49:6:xMBMasterPortSerialInit	16	static
ModBus_Src/port/RTU/portserial_m.c:76:6:vMBMasterPortSerialEnable	16	static
ModBus_Src/port/RTU/portserial_m.c:128:6:vMBMasterPortClose	4	static
ModBus_Src/port/RTU/portserial_m.c:133:6:xMBMasterPortSerialPutByte	16	static
ModBus_Src/port/RTU/portserial_m.c:139:6:xMBMasterPortSerialGetByte	16	static
ModBus_Src/port/RTU/portserial_m.c:152:6:prvvUARTTxReadyISR	8	static
ModBus_Src/port/RTU/portserial_m.c:163:6:prvvUARTRxISR	8	static
ModBus_Src/port/RTU/portserial_m.c:171:6:UART3_IRQHandler	16	static
