ModBus Src/port/porttcp.c:64:1:xMBTCPPortInit	32	static
ModBus Src/port/porttcp.c:112:1:prvvMBPortReleaseClient	32	static
ModBus Src/port/porttcp.c:137:1:vMBTCPPortClose	8	static
ModBus Src/port/porttcp.c:150:1:vMBTCPPortDisable	8	static
ModBus Src/port/porttcp.c:156:1:prvxMBTCPPortAccept	48	static
ModBus Src/port/porttcp.c:205:1:prvvMBTCPPortError	24	static
ModBus Src/port/porttcp.c:219:1:prvxMBTCPPortReceive	32	static
ModBus Src/port/porttcp.c:292:1:xMBTCPPortGetRequest	16	static
ModBus Src/port/porttcp.c:303:1:xMBTCPPortSendResponse	24	static
