lwip/contrib/apps/smtp/smtp.c:333:1:smtp_set_server_addr	24	static
lwip/contrib/apps/smtp/smtp.c:350:1:smtp_set_server_port	16	static
lwip/contrib/apps/smtp/smtp.c:361:1:smtp_set_auth	24	static
lwip/contrib/apps/smtp/smtp.c:401:1:smtp_send_mail_alloced	32	static
lwip/contrib/apps/smtp/smtp.c:499:1:smtp_send_mail	48	static
lwip/contrib/apps/smtp/smtp.c:549:1:smtp_send_mail_static	32	static
lwip/contrib/apps/smtp/smtp.c:601:1:smtp_send_mail_int	40	static
lwip/contrib/apps/smtp/smtp.c:626:1:smtp_verify	32	static
lwip/contrib/apps/smtp/smtp.c:662:1:smtp_free	32	static
lwip/contrib/apps/smtp/smtp.c:677:1:smtp_close	24	static
lwip/contrib/apps/smtp/smtp.c:693:1:smtp_tcp_err	16	static
lwip/contrib/apps/smtp/smtp.c:704:1:smtp_tcp_poll	24	static
lwip/contrib/apps/smtp/smtp.c:718:1:smtp_tcp_sent	24	static
lwip/contrib/apps/smtp/smtp.c:729:1:smtp_tcp_recv	32	static
lwip/contrib/apps/smtp/smtp.c:743:1:smtp_tcp_connected	32	static
lwip/contrib/apps/smtp/smtp.c:760:1:smtp_dns_found	40	static
lwip/contrib/apps/smtp/smtp.c:801:1:smtp_base64_encode	56	static
lwip/contrib/apps/smtp/smtp.c:841:1:smtp_is_response	24	static
lwip/contrib/apps/smtp/smtp.c:873:1:smtp_is_response_finished	24	static
lwip/contrib/apps/smtp/smtp.c:909:1:smtp_prepare_helo	32	static
lwip/contrib/apps/smtp/smtp.c:932:1:smtp_prepare_auth_or_mail	32	static
lwip/contrib/apps/smtp/smtp.c:987:1:smtp_prepare_auth_login_uname	32	static
lwip/contrib/apps/smtp/smtp.c:1003:1:smtp_prepare_auth_login_pass	32	static
lwip/contrib/apps/smtp/smtp.c:1020:1:smtp_prepare_mail	24	static
lwip/contrib/apps/smtp/smtp.c:1037:1:smtp_prepare_rcpt	24	static
lwip/contrib/apps/smtp/smtp.c:1054:1:smtp_prepare_header	24	static
lwip/contrib/apps/smtp/smtp.c:1082:1:smtp_prepare_quit	16	static
lwip/contrib/apps/smtp/smtp.c:1093:1:smtp_send_body	24	static
lwip/contrib/apps/smtp/smtp.c:1136:1:smtp_process	48	static
