C:/Users/Hp/OneDrive/Desktop/Freelancing/Freelancer/Selected_Projects/3. Firmware for LPC1768/2. Testing/VisualGDB/Local/LPC1768-GPIO/EmbeddedProject11/BSP/LPC17xx_40xx/lpc_chip_17xx/lpc_chip/chip_17xx_40xx/timer_17xx_40xx.h:159:20:Chip_TIMER_Enable	16	static
C:/Users/Hp/OneDrive/Desktop/Freelancing/Freelancer/Selected_Projects/3. Firmware for LPC1768/2. Testing/VisualGDB/Local/LPC1768-GPIO/EmbeddedProject11/BSP/LPC17xx_40xx/lpc_chip_17xx/lpc_chip/chip_17xx_40xx/timer_17xx_40xx.h:181:24:Chip_TIMER_ReadCount	16	static
C:/Users/Hp/OneDrive/Desktop/Freelancing/Freelancer/Selected_Projects/3. Firmware for LPC1768/2. Testing/VisualGDB/Local/LPC1768-GPIO/EmbeddedProject11/BSP/LPC17xx_40xx/lpc_chip_17xx/lpc_chip/chip_17xx_40xx/timer_17xx_40xx.h:204:20:Chip_TIMER_PrescaleSet	16	static
C:/Users/Hp/OneDrive/Desktop/Freelancing/Freelancer/Selected_Projects/3. Firmware for LPC1768/2. Testing/VisualGDB/Local/LPC1768-GPIO/EmbeddedProject11/BSP/LPC17xx_40xx/lpc_chip_17xx/lpc_chip/chip_17xx_40xx/stopwatch_17xx_40xx.c:57:6:StopWatch_Init	16	static
C:/Users/Hp/OneDrive/Desktop/Freelancing/Freelancer/Selected_Projects/3. Firmware for LPC1768/2. Testing/VisualGDB/Local/LPC1768-GPIO/EmbeddedProject11/BSP/LPC17xx_40xx/lpc_chip_17xx/lpc_chip/chip_17xx_40xx/stopwatch_17xx_40xx.c:75:10:StopWatch_Start	8	static
C:/Users/Hp/OneDrive/Desktop/Freelancing/Freelancer/Selected_Projects/3. Firmware for LPC1768/2. Testing/VisualGDB/Local/LPC1768-GPIO/EmbeddedProject11/BSP/LPC17xx_40xx/lpc_chip_17xx/lpc_chip/chip_17xx_40xx/stopwatch_17xx_40xx.c:82:10:StopWatch_TicksPerSecond	4	static
C:/Users/Hp/OneDrive/Desktop/Freelancing/Freelancer/Selected_Projects/3. Firmware for LPC1768/2. Testing/VisualGDB/Local/LPC1768-GPIO/EmbeddedProject11/BSP/LPC17xx_40xx/lpc_chip_17xx/lpc_chip/chip_17xx_40xx/stopwatch_17xx_40xx.c:88:10:StopWatch_TicksToMs	16	static
C:/Users/Hp/OneDrive/Desktop/Freelancing/Freelancer/Selected_Projects/3. Firmware for LPC1768/2. Testing/VisualGDB/Local/LPC1768-GPIO/EmbeddedProject11/BSP/LPC17xx_40xx/lpc_chip_17xx/lpc_chip/chip_17xx_40xx/stopwatch_17xx_40xx.c:94:10:StopWatch_TicksToUs	16	static
C:/Users/Hp/OneDrive/Desktop/Freelancing/Freelancer/Selected_Projects/3. Firmware for LPC1768/2. Testing/VisualGDB/Local/LPC1768-GPIO/EmbeddedProject11/BSP/LPC17xx_40xx/lpc_chip_17xx/lpc_chip/chip_17xx_40xx/stopwatch_17xx_40xx.c:100:10:StopWatch_MsToTicks	16	static
C:/Users/Hp/OneDrive/Desktop/Freelancing/Freelancer/Selected_Projects/3. Firmware for LPC1768/2. Testing/VisualGDB/Local/LPC1768-GPIO/EmbeddedProject11/BSP/LPC17xx_40xx/lpc_chip_17xx/lpc_chip/chip_17xx_40xx/stopwatch_17xx_40xx.c:106:10:StopWatch_UsToTicks	16	static
