C:/Users/Hp/OneDrive/Desktop/EmbeddedProject11/BSP/LPC17xx_40xx/lpc_chip_17xx/lpc_chip/chip_17xx_40xx/enet_17xx_40xx.h:681:20:Chip_ENET_Set100Mbps	16	static
C:/Users/Hp/OneDrive/Desktop/EmbeddedProject11/BSP/LPC17xx_40xx/lpc_chip_17xx/lpc_chip/chip_17xx_40xx/enet_17xx_40xx.h:691:20:Chip_ENET_Set10Mbps	16	static
TCP_ModBus.c:111:13:prvSetupHardware	8	static
TCP_ModBus.c:135:5:main	48	static
TCP_ModBus.c:217:10:u32_TCPPoll	16	static
TCP_ModBus.c:302:6:vToggleLed	8	static
TCP_ModBus.c:317:6:vMBToggleLeds	8	static
